<html>
<body>
<pre>
<h1>礦ision Build Log</h1>
<h2>Tool Versions:</h2>
IDE-Version: 礦ision V5.14.0.0
Copyright (C) 2015 ARM Ltd and ARM Germany GmbH. All rights reserved.
License Information: jason lverne, alientek, LIC=BL2UH-W1D5H-GN6A5-GVILA-KJDCA-326D7
 
Tool Versions:
Toolchain:       MDK-ARM Professional  Version: 5.14.0.0
Toolchain Path:  F:\mdk5\ARM\ARMCC\Bin
C Compiler:      Armcc.exe V5.05 update 1 (build 106)
Assembler:       Armasm.exe V5.05 update 1 (build 106)
Linker/Locator:  ArmLink.exe V5.05 update 1 (build 106)
Library Manager: ArmAr.exe V5.05 update 1 (build 106)
Hex Converter:   FromElf.exe V5.05 update 1 (build 106)
CPU DLL:         SARMCM3.DLL V5.14.0.0
Dialog DLL:      DARMSTM.DLL V1.65.0.0
Target DLL:      Segger\JL2CM3.dll V2.99.13.0
Dialog DLL:      TARMSTM.DLL V1.64.0.0
 
<h2>Project:</h2>
C:\Users\lenovo\Desktop\dachuang\蓝鸟四轴资料V1\4、四轴飞机资料\蓝鸟四轴C程序V1\LN_FXQ.uvprojx
Project File Date:  10/31/2020

<h2>Output:</h2>
Rebuild target 'Target 1'
compiling core_cm3.c...
compiling system_stm32f10x.c...
assembling startup_stm32f10x_md.s...
compiling stm32f10x_it.c...
compiling main.c...
compiling delay.c...
compiling sys.c...
compiling scheduler.c...
compiling INIT.c...
USER\INIT.c(62): warning:  #177-D: variable "mpu_cnt" was declared but never referenced
        int mpu_cnt=0;
USER\INIT.c: 1 warning, 0 errors
compiling misc.c...
compiling stm32f10x_adc.c...
compiling stm32f10x_bkp.c...
compiling stm32f10x_can.c...
compiling stm32f10x_cec.c...
compiling stm32f10x_crc.c...
compiling stm32f10x_dac.c...
compiling stm32f10x_dbgmcu.c...
compiling stm32f10x_dma.c...
compiling stm32f10x_exti.c...
compiling stm32f10x_flash.c...
compiling stm32f10x_fsmc.c...
compiling stm32f10x_gpio.c...
compiling stm32f10x_i2c.c...
compiling stm32f10x_iwdg.c...
compiling stm32f10x_pwr.c...
compiling stm32f10x_rcc.c...
compiling stm32f10x_rtc.c...
compiling stm32f10x_sdio.c...
compiling stm32f10x_spi.c...
compiling stm32f10x_tim.c...
compiling stm32f10x_usart.c...
compiling stm32f10x_wwdg.c...
compiling IIC_SOFTWARE.c...
compiling USART.c...
CONFIG\USART.c(169): warning:  #177-D: variable "TxBuffer" was declared but never referenced
  static unsigned char TxBuffer[256];
CONFIG\USART.c(170): warning:  #177-D: variable "TxCounter" was declared but never referenced
  static unsigned char TxCounter=0;
CONFIG\USART.c(171): warning:  #177-D: variable "count" was declared but never referenced
  static unsigned char count=0; 
CONFIG\USART.c: 3 warnings, 0 errors
compiling GPIO.c...
compiling TIM.c...
compiling ADC.c...
compiling Spi.c...
compiling IIC_MAG.c...
compiling usartwt31.c...
CONFIG\usartwt31.c(13): warning:  #550-D: variable "TxBuffer" was set but never used
  static unsigned char TxBuffer[256];
CONFIG\usartwt31.c(14): warning:  #177-D: variable "TxCounter" was declared but never referenced
  static unsigned char TxCounter=0;
CONFIG\usartwt31.c: 2 warnings, 0 errors
compiling LED.c...
compiling nrf24l01.c...
compiling mpu6050.c...
compiling inclined_switch.c...
compiling megnetometer.c...
compiling unfold.c...
compiling delayy.c...
compiling stmflash.c...
compiling wt31.c...
HARDWARE\wt31.c(124): warning:  #177-D: variable "unfold_flag" was declared but never referenced
        int unfold_flag=1,ready_manual_flag=0;
HARDWARE\wt31.c: 1 warning, 0 errors
compiling ANO_DT.c...
HAL\ANO_DT.c(82): warning:  #177-D: variable "CMD2" was declared but never referenced
                                 }CMD2;
HAL\ANO_DT.c: 1 warning, 0 errors
compiling remote.c...
HAL\remote.c(55): warning:  #174-D: expression has no effect
                                LIMIT(Remote.roll,1000,2000);
HAL\remote.c(57): warning:  #174-D: expression has no effect
                                LIMIT(Remote.pitch,1000,2000);
HAL\remote.c(59): warning:  #174-D: expression has no effect
                                LIMIT(Remote.thr,1000,2000);
HAL\remote.c(61): warning:  #174-D: expression has no effect
                                LIMIT(Remote.yaw,1000,2000);
HAL\remote.c(63): warning:  #174-D: expression has no effect
                                LIMIT(Remote.AUX1,1000,2000);
HAL\remote.c(65): warning:  #174-D: expression has no effect
                                LIMIT(Remote.AUX2,1000,2000);
HAL\remote.c(67): warning:  #174-D: expression has no effect
                                LIMIT(Remote.AUX1,1000,2000);
HAL\remote.c(69): warning:  #174-D: expression has no effect
                                LIMIT(Remote.AUX2,1000,2000);           
HAL\remote.c(74): warning:  #177-D: variable "yaw_ratio" was declared but never referenced
                                                        const float yaw_ratio =  0.0015f;    
HAL\remote.c: 9 warnings, 0 errors
compiling control.c...
compiling filter.c...
compiling kalman.c...
compiling imu.c...
compiling myMath.c...
compiling pid.c...
linking...
Program Size: Code=17892 RO-data=548 RW-data=348 ZI-data=1996  
FromELF: creating hex file...
".\Output\FJCX.axf" - 0 Error(s), 17 Warning(s).

<h2>Collection of Component include folders:</h2>
  C:\Users\lenovo\Desktop\dachuang\蓝鸟四轴资料V1\4、四轴飞机资料\蓝鸟四轴C程序V1\RTE
  F:\mdk5\ARM\PACK\Keil\STM32F1xx_DFP\2.3.0

<h2>Collection of Component Files used:</h2>
</pre>
</body>
</html>
