Component: ARM Compiler 5.05 update 1 (build 106) Tool: armlink [4d0efa]

==============================================================================

Section Cross References

    system_stm32f10x.o(i.SetSysClock) refers to system_stm32f10x.o(i.SetSysClockTo72) for SetSysClockTo72
    system_stm32f10x.o(i.SystemCoreClockUpdate) refers to system_stm32f10x.o(.data) for SystemCoreClock
    system_stm32f10x.o(i.SystemInit) refers to system_stm32f10x.o(i.SetSysClock) for SetSysClock
    startup_stm32f10x_md.o(RESET) refers to startup_stm32f10x_md.o(STACK) for __initial_sp
    startup_stm32f10x_md.o(RESET) refers to startup_stm32f10x_md.o(.text) for Reset_Handler
    startup_stm32f10x_md.o(RESET) refers to stm32f10x_it.o(i.NMI_Handler) for NMI_Handler
    startup_stm32f10x_md.o(RESET) refers to stm32f10x_it.o(i.HardFault_Handler) for HardFault_Handler
    startup_stm32f10x_md.o(RESET) refers to stm32f10x_it.o(i.MemManage_Handler) for MemManage_Handler
    startup_stm32f10x_md.o(RESET) refers to stm32f10x_it.o(i.BusFault_Handler) for BusFault_Handler
    startup_stm32f10x_md.o(RESET) refers to stm32f10x_it.o(i.UsageFault_Handler) for UsageFault_Handler
    startup_stm32f10x_md.o(RESET) refers to stm32f10x_it.o(i.SVC_Handler) for SVC_Handler
    startup_stm32f10x_md.o(RESET) refers to stm32f10x_it.o(i.DebugMon_Handler) for DebugMon_Handler
    startup_stm32f10x_md.o(RESET) refers to stm32f10x_it.o(i.PendSV_Handler) for PendSV_Handler
    startup_stm32f10x_md.o(RESET) refers to stm32f10x_it.o(i.SysTick_Handler) for SysTick_Handler
    startup_stm32f10x_md.o(RESET) refers to scheduler.o(i.TIM3_IRQHandler) for TIM3_IRQHandler
    startup_stm32f10x_md.o(RESET) refers to usartwt31.o(i.USART1_IRQHandler) for USART1_IRQHandler
    startup_stm32f10x_md.o(RESET) refers to usart.o(i.USART3_IRQHandler) for USART3_IRQHandler
    startup_stm32f10x_md.o(.text) refers to system_stm32f10x.o(i.SystemInit) for SystemInit
    startup_stm32f10x_md.o(.text) refers to entry.o(.ARM.Collect$$$$00000000) for __main
    stm32f10x_it.o(i.SysTick_Handler) refers to init.o(.data) for SysTick_count
    main.o(i.main) refers to delay.o(i.cycleCounterInit) for cycleCounterInit
    main.o(i.main) refers to misc.o(i.NVIC_PriorityGroupConfig) for NVIC_PriorityGroupConfig
    main.o(i.main) refers to init.o(i.ALL_Init) for ALL_Init
    main.o(i.main) refers to ano_dt.o(i.ANTO_polling) for ANTO_polling
    main.o(i.main) refers to led.o(i.PilotLED) for PilotLED
    main.o(i.main) refers to system_stm32f10x.o(.data) for SystemCoreClock
    delay.o(i.GetSysTime_us) refers to init.o(.data) for SysTick_count
    delay.o(i.GetSysTime_us) refers to delay.o(.data) for usTicks
    delay.o(i.cycleCounterInit) refers to stm32f10x_rcc.o(i.RCC_GetClocksFreq) for RCC_GetClocksFreq
    delay.o(i.cycleCounterInit) refers to delay.o(.data) for usTicks
    delay.o(i.delay_ms) refers to delay.o(i.GetSysTime_us) for GetSysTime_us
    scheduler.o(i.TIM3_IRQHandler) refers to stm32f10x_tim.o(i.TIM_GetITStatus) for TIM_GetITStatus
    scheduler.o(i.TIM3_IRQHandler) refers to mpu6050.o(i.MpuGetData) for MpuGetData
    scheduler.o(i.TIM3_IRQHandler) refers to remote.o(i.RC_Analy) for RC_Analy
    scheduler.o(i.TIM3_IRQHandler) refers to control.o(i.FlightPidControl) for FlightPidControl
    scheduler.o(i.TIM3_IRQHandler) refers to control.o(i.MotorControl) for MotorControl
    scheduler.o(i.TIM3_IRQHandler) refers to imu.o(i.GetAngle) for GetAngle
    scheduler.o(i.TIM3_IRQHandler) refers to stm32f10x_tim.o(i.TIM_ClearITPendingBit) for TIM_ClearITPendingBit
    scheduler.o(i.TIM3_IRQHandler) refers to init.o(.data) for SysTick_count
    scheduler.o(i.TIM3_IRQHandler) refers to scheduler.o(.data) for cnt_3ms
    scheduler.o(i.TIM3_IRQHandler) refers to init.o(.bss) for Angle
    init.o(i.ALL_Init) refers to iic_software.o(i.IIC_Init) for IIC_Init
    init.o(i.ALL_Init) refers to init.o(i.pid_param_Init) for pid_param_Init
    init.o(i.ALL_Init) refers to led.o(i.LEDInit) for LEDInit
    init.o(i.ALL_Init) refers to usart.o(i.USART3_Config) for USART3_Config
    init.o(i.ALL_Init) refers to wt31.o(i.wtpid_para) for wtpid_para
    init.o(i.ALL_Init) refers to tim.o(i.TIM2_PWM_Config) for TIM2_PWM_Config
    init.o(i.ALL_Init) refers to nrf24l01.o(i.NRF24L01_init) for NRF24L01_init
    init.o(i.ALL_Init) refers to unfold.o(i.unfold_init) for unfold_init
    init.o(i.ALL_Init) refers to nrf24l01.o(i.NRF24L01_RxPacket) for NRF24L01_RxPacket
    init.o(i.ALL_Init) refers to mpu6050.o(i.MpuInit) for MpuInit
    init.o(i.ALL_Init) refers to inclined_switch.o(i.get_titled) for get_titled
    init.o(i.ALL_Init) refers to wt31.o(i.WTbalance) for WTbalance
    init.o(i.ALL_Init) refers to tim.o(i.TIM3_Config) for TIM3_Config
    init.o(i.ALL_Init) refers to stm32f10x_usart.o(i.USART_Cmd) for USART_Cmd
    init.o(i.ALL_Init) refers to init.o(.data) for ALL_flag
[...]
    Removing stm32f10x_wwdg.o(i.WWDG_Enable), (16 bytes).
    Removing stm32f10x_wwdg.o(i.WWDG_EnableIT), (12 bytes).
    Removing stm32f10x_wwdg.o(i.WWDG_GetFlagStatus), (12 bytes).
    Removing stm32f10x_wwdg.o(i.WWDG_SetCounter), (16 bytes).
    Removing stm32f10x_wwdg.o(i.WWDG_SetPrescaler), (24 bytes).
    Removing stm32f10x_wwdg.o(i.WWDG_SetWindowValue), (40 bytes).
    Removing iic_software.o(i.IIC_Write_Bytes), (96 bytes).
    Removing usart.o(i.Initial_UART3), (184 bytes).
    Removing usart.o(i.USART1_SendByte), (48 bytes).
    Removing usart.o(i.USART1_setBaudRate), (20 bytes).
    Removing usart.o(i.fputc), (36 bytes).
    Removing usart.o(.bss), (256 bytes).
    Removing usart.o(.data), (13 bytes).
    Removing adc.o(i.ADC_DMA_Init), (256 bytes).
    Removing adc.o(i.GetADCValue), (36 bytes).
    Removing adc.o(.bss), (20 bytes).
    Removing iic_mag.o(i.I2c_Ack_MAG), (204 bytes).
    Removing iic_mag.o(i.I2c_NoAck_MAG), (204 bytes).
    Removing iic_mag.o(i.I2c_ReadByte_MAG), (192 bytes).
    Removing iic_mag.o(i.I2c_SendByte_MAG), (192 bytes).
    Removing iic_mag.o(i.I2c_Start_MAG), (148 bytes).
    Removing iic_mag.o(i.I2c_Stop_MAG), (156 bytes).
    Removing iic_mag.o(i.I2c_WaitAck_MAG), (180 bytes).
    Removing iic_mag.o(i.IIC_Init_MAG), (44 bytes).
    Removing iic_mag.o(i.IIC_Read_One_Byte_MAG), (100 bytes).
    Removing iic_mag.o(i.IIC_Write_Bytes_MAG), (96 bytes).
    Removing iic_mag.o(i.IIC_Write_One_Byte_MAG), (68 bytes).
    Removing iic_mag.o(i.IIC_read_Bytes_MAG), (128 bytes).
    Removing usartwt31.o(i.CopeSerial1Data), (12 bytes).
    Removing usartwt31.o(i.Initial_UART1), (260 bytes).
    Removing usartwt31.o(i.UART2_Put_Char), (48 bytes).
    Removing usartwt31.o(i.UART2_Put_String), (46 bytes).
    Removing usartwt31.o(i.USART1_Config), (380 bytes).
    Removing usartwt31.o(.bss), (256 bytes).
    Removing nrf24l01.o(i.NRF24L01_TxPacket), (100 bytes).
    Removing nrf24l01.o(i.TX_Mode), (104 bytes).
    Removing mpu6050.o(i.mpu6050_rest), (28 bytes).
    Removing megnetometer.o(i.MAG3110_Active), (28 bytes).
    Removing megnetometer.o(i.MAG3110_DataProcess), (464 bytes).
    Removing megnetometer.o(i.MAG3110_Init), (22 bytes).
    Removing megnetometer.o(i.MAG3110_STD), (496 bytes).
    Removing megnetometer.o(i.MAG3110_Standby), (26 bytes).
    Removing megnetometer.o(i.get_z_mag), (46 bytes).
    Removing megnetometer.o(i.set_std_zmag), (152 bytes).
    Removing megnetometer.o(.data), (103 bytes).
    Removing unfold.o(.bss), (52 bytes).
    Removing unfold.o(.data), (50 bytes).
    Removing delayy.o(i.delay_mss), (76 bytes).
    Removing delayy.o(i.delay_uss), (76 bytes).
    Removing delayy.o(.data), (4 bytes).
    Removing stmflash.o(i.STMFLASH_Read), (34 bytes).
    Removing stmflash.o(i.STMFLASH_ReadHalfWord), (6 bytes).
    Removing stmflash.o(i.STMFLASH_Write), (232 bytes).
    Removing stmflash.o(i.STMFLASH_Write_NoCheck), (38 bytes).
    Removing stmflash.o(i.Test_Write), (16 bytes).
    Removing stmflash.o(.bss), (2048 bytes).
    Removing wt31.o(i.WTFlightPidControl), (248 bytes).
    Removing wt31.o(i.WTMotorControl), (440 bytes).
    Removing wt31.o(i.WTpidRest), (44 bytes).
    Removing wt31.o(i.WTpidUpdate), (106 bytes).
    Removing wt31.o(i.deal_data), (116 bytes).
    Removing wt31.o(i.sendcmd), (24 bytes).
    Removing ano_dt.o(i.ANO_Recive), (220 bytes).
    Removing filter.o(i.AntiPulse_MovingAverage_Filter), (112 bytes).
    Removing filter.o(i.IIR_I_Filter), (140 bytes).
    Removing filter.o(i.LPF_1_Filter_1), (46 bytes).
    Removing filter.o(i.LPF_1_Filter_2), (80 bytes).
    Removing filter.o(i.MovMiddle), (136 bytes).
    Removing filter.o(i.MovingAverage_Filter), (66 bytes).
    Removing filter.o(i.Moving_Median), (192 bytes).
    Removing filter.o(.bss), (202 bytes).
    Removing filter.o(.data), (4 bytes).
    Removing kalman.o(i.KalmanFilter), (844 bytes).
    Removing kalman.o(i.kalman1_filter), (156 bytes).
    Removing kalman.o(i.kalman1_init), (32 bytes).
    Removing kalman.o(i.kalman2_filter), (502 bytes).
    Removing kalman.o(i.kalman2_init), (72 bytes).
    Removing kalman.o(i.kalman_2_Update), (488 bytes).
    Removing kalman.o(i.matrix_add), (72 bytes).
    Removing kalman.o(i.matrix_multi), (114 bytes).
    Removing kalman.o(i.matrix_sub), (72 bytes).
    Removing kalman.o(.bss), (64 bytes).
    Removing kalman.o(.data), (152 bytes).
    Removing mymath.o(i.VariableParameter), (76 bytes).
    Removing mymath.o(i.arcsin), (164 bytes).
    Removing mymath.o(i.arctan), (82 bytes).
    Removing mymath.o(i.array_assign), (26 bytes).
    Removing mymath.o(i.array_astrict), (48 bytes).
    Removing mymath.o(i.cosine), (24 bytes).
    Removing mymath.o(i.data_limit), (38 bytes).
    Removing mymath.o(i.middle_3), (46 bytes).
    Removing mymath.o(i.my_deathzoom), (66 bytes).
    Removing mymath.o(i.my_deathzoom_2), (44 bytes).
    Removing mymath.o(i.safe_asin), (72 bytes).
    Removing mymath.o(i.sine), (196 bytes).
    Removing dfixui.o(.text), (50 bytes).
    Removing fscalb.o(.text), (24 bytes).
    Removing fsqrt.o(.text), (94 bytes).
    Removing cdcmple.o(.text), (48 bytes).

536 unused section(s) (total 31426 bytes) removed from the image.

==============================================================================

Image Symbol Table

    Local Symbols

    Symbol Name                              Value     Ov Type        Size  Object(Section)

    ../clib/../cmprslib/zerorunl2.c          0x00000000   Number         0  __dczerorl2.o ABSOLUTE
    ../clib/microlib/errno.c                 0x00000000   Number         0  errno.o ABSOLUTE
    ../clib/microlib/init/entry.s            0x00000000   Number         0  entry9a.o ABSOLUTE
    ../clib/microlib/init/entry.s            0x00000000   Number         0  entry7b.o ABSOLUTE
    ../clib/microlib/init/entry.s            0x00000000   Number         0  entry.o ABSOLUTE
    ../clib/microlib/init/entry.s            0x00000000   Number         0  entry10a.o ABSOLUTE
    ../clib/microlib/init/entry.s            0x00000000   Number         0  entry9b.o ABSOLUTE
    ../clib/microlib/init/entry.s            0x00000000   Number         0  entry8b.o ABSOLUTE
    ../clib/microlib/init/entry.s            0x00000000   Number         0  entry11b.o ABSOLUTE
    ../clib/microlib/init/entry.s            0x00000000   Number         0  entry11a.o ABSOLUTE
    ../clib/microlib/init/entry.s            0x00000000   Number         0  entry10b.o ABSOLUTE
    ../clib/microlib/init/entry.s            0x00000000   Number         0  entry8a.o ABSOLUTE
    ../clib/microlib/init/entry.s            0x00000000   Number         0  entry7a.o ABSOLUTE
    ../clib/microlib/init/entry.s            0x00000000   Number         0  entry5.o ABSOLUTE
    ../clib/microlib/init/entry.s            0x00000000   Number         0  entry2.o ABSOLUTE
    ../clib/microlib/longlong.c              0x00000000   Number         0  llshl.o ABSOLUTE
    ../clib/microlib/longlong.c              0x00000000   Number         0  llushr.o ABSOLUTE
    ../clib/microlib/longlong.c              0x00000000   Number         0  llsshr.o ABSOLUTE
    ../clib/microlib/string/memcpy.c         0x00000000   Number         0  memcpyb.o ABSOLUTE
    ../clib/microlib/string/memcpy.c         0x00000000   Number         0  memcpya.o ABSOLUTE
    ../clib/microlib/string/memset.c         0x00000000   Number         0  memseta.o ABSOLUTE
    ../clib/microlib/stubs.s                 0x00000000   Number         0  iusefp.o ABSOLUTE
    ../fplib/microlib/d2f.c                  0x00000000   Number         0  d2f.o ABSOLUTE
    ../fplib/microlib/f2d.c                  0x00000000   Number         0  f2d.o ABSOLUTE
    ../fplib/microlib/fpadd.c                0x00000000   Number         0  fadd.o ABSOLUTE
    ../fplib/microlib/fpadd.c                0x00000000   Number         0  dadd.o ABSOLUTE
    ../fplib/microlib/fpdiv.c                0x00000000   Number         0  fdiv.o ABSOLUTE
    ../fplib/microlib/fpdiv.c                0x00000000   Number         0  ddiv.o ABSOLUTE
    ../fplib/microlib/fpepilogue.c           0x00000000   Number         0  depilogue.o ABSOLUTE
    ../fplib/microlib/fpepilogue.c           0x00000000   Number         0  fepilogue.o ABSOLUTE
    ../fplib/microlib/fpfix.c                0x00000000   Number         0  dfixui.o ABSOLUTE
    ../fplib/microlib/fpfix.c                0x00000000   Number         0  ffixi.o ABSOLUTE
    ../fplib/microlib/fpflt.c                0x00000000   Number         0  ffltui.o ABSOLUTE
    ../fplib/microlib/fpflt.c                0x00000000   Number         0  fflti.o ABSOLUTE
    ../fplib/microlib/fpmul.c                0x00000000   Number         0  dmul.o ABSOLUTE
    ../fplib/microlib/fpmul.c                0x00000000   Number         0  fmul.o ABSOLUTE
    ../fplib/microlib/fpscalb.c              0x00000000   Number         0  dscalb.o ABSOLUTE
    ../fplib/microlib/fpscalb.c              0x00000000   Number         0  fscalb.o ABSOLUTE
    ../fplib/microlib/fpsqrt.c               0x00000000   Number         0  fsqrt.o ABSOLUTE
    ../fplib/microlib/fpsqrt.c               0x00000000   Number         0  dsqrt.o ABSOLUTE
    ../mathlib/asin.c                        0x00000000   Number         0  asin.o ABSOLUTE
    ../mathlib/asin.c                        0x00000000   Number         0  asin_x.o ABSOLUTE
    ../mathlib/asinf.c                       0x00000000   Number         0  asinf.o ABSOLUTE
    ../mathlib/asinf.c                       0x00000000   Number         0  asinf_x.o ABSOLUTE
    ../mathlib/atan.c                        0x00000000   Number         0  atan.o ABSOLUTE
    ../mathlib/atan.c                        0x00000000   Number         0  atan_x.o ABSOLUTE
    ../mathlib/atan2.c                       0x00000000   Number         0  atan2.o ABSOLUTE
    ../mathlib/atan2.c                       0x00000000   Number         0  atan2_x.o ABSOLUTE
    ../mathlib/dunder.c                      0x00000000   Number         0  dunder.o ABSOLUTE
    ../mathlib/fpclassify.c                  0x00000000   Number         0  fpclassify.o ABSOLUTE
    ../mathlib/fpclassifyf.c                 0x00000000   Number         0  fpclassifyf.o ABSOLUTE
    ../mathlib/funder.c                      0x00000000   Number         0  funder.o ABSOLUTE
    ../mathlib/poly.c                        0x00000000   Number         0  poly.o ABSOLUTE
    ../mathlib/qnan.c                        0x00000000   Number         0  qnan.o ABSOLUTE
    ../mathlib/sqrt.c                        0x00000000   Number         0  sqrt_x.o ABSOLUTE
    ../mathlib/sqrt.c                        0x00000000   Number         0  sqrt.o ABSOLUTE
    ../mathlib/sqrtf.c                       0x00000000   Number         0  sqrtf_x.o ABSOLUTE
    ../mathlib/sqrtf.c                       0x00000000   Number         0  sqrtf.o ABSOLUTE
    CONFIG\ADC.c                             0x00000000   Number         0  adc.o ABSOLUTE
    CONFIG\GPIO.c                            0x00000000   Number         0  gpio.o ABSOLUTE
    CONFIG\IIC_MAG.c                         0x00000000   Number         0  iic_mag.o ABSOLUTE
    CONFIG\IIC_SOFTWARE.c                    0x00000000   Number         0  iic_software.o ABSOLUTE
    CONFIG\Spi.c                             0x00000000   Number         0  spi.o ABSOLUTE
    CONFIG\TIM.c                             0x00000000   Number         0  tim.o ABSOLUTE
    CONFIG\USART.c                           0x00000000   Number         0  usart.o ABSOLUTE
    CONFIG\usartwt31.c                       0x00000000   Number         0  usartwt31.o ABSOLUTE
    HAL\ANO_DT.c                             0x00000000   Number         0  ano_dt.o ABSOLUTE
    HAL\control.c                            0x00000000   Number         0  control.o ABSOLUTE
    HAL\remote.c                             0x00000000   Number         0  remote.o ABSOLUTE
    HARDWARE\LED.c                           0x00000000   Number         0  led.o ABSOLUTE
    HARDWARE\delayy.c                        0x00000000   Number         0  delayy.o ABSOLUTE
    HARDWARE\inclined_switch.c               0x00000000   Number         0  inclined_switch.o ABSOLUTE
    HARDWARE\megnetometer.c                  0x00000000   Number         0  megnetometer.o ABSOLUTE
    HARDWARE\mpu6050.c                       0x00000000   Number         0  mpu6050.o ABSOLUTE
    HARDWARE\nrf24l01.c                      0x00000000   Number         0  nrf24l01.o ABSOLUTE
    HARDWARE\stmflash.c                      0x00000000   Number         0  stmflash.o ABSOLUTE
    HARDWARE\unfold.c                        0x00000000   Number         0  unfold.o ABSOLUTE
    HARDWARE\wt31.c                          0x00000000   Number         0  wt31.o ABSOLUTE
    Lib\src\misc.c                           0x00000000   Number         0  misc.o ABSOLUTE
    Lib\src\stm32f10x_adc.c                  0x00000000   Number         0  stm32f10x_adc.o ABSOLUTE
    Lib\src\stm32f10x_bkp.c                  0x00000000   Number         0  stm32f10x_bkp.o ABSOLUTE
    Lib\src\stm32f10x_can.c                  0x00000000   Number         0  stm32f10x_can.o ABSOLUTE
    Lib\src\stm32f10x_cec.c                  0x00000000   Number         0  stm32f10x_cec.o ABSOLUTE
    Lib\src\stm32f10x_crc.c                  0x00000000   Number         0  stm32f10x_crc.o ABSOLUTE
    Lib\src\stm32f10x_dac.c                  0x00000000   Number         0  stm32f10x_dac.o ABSOLUTE
    Lib\src\stm32f10x_dbgmcu.c               0x00000000   Number         0  stm32f10x_dbgmcu.o ABSOLUTE
    Lib\src\stm32f10x_dma.c                  0x00000000   Number         0  stm32f10x_dma.o ABSOLUTE
    Lib\src\stm32f10x_exti.c                 0x00000000   Number         0  stm32f10x_exti.o ABSOLUTE
    Lib\src\stm32f10x_flash.c                0x00000000   Number         0  stm32f10x_flash.o ABSOLUTE
    Lib\src\stm32f10x_fsmc.c                 0x00000000   Number         0  stm32f10x_fsmc.o ABSOLUTE
    Lib\src\stm32f10x_gpio.c                 0x00000000   Number         0  stm32f10x_gpio.o ABSOLUTE
    Lib\src\stm32f10x_i2c.c                  0x00000000   Number         0  stm32f10x_i2c.o ABSOLUTE
    Lib\src\stm32f10x_iwdg.c                 0x00000000   Number         0  stm32f10x_iwdg.o ABSOLUTE
    Lib\src\stm32f10x_pwr.c                  0x00000000   Number         0  stm32f10x_pwr.o ABSOLUTE
    Lib\src\stm32f10x_rcc.c                  0x00000000   Number         0  stm32f10x_rcc.o ABSOLUTE
    Lib\src\stm32f10x_rtc.c                  0x00000000   Number         0  stm32f10x_rtc.o ABSOLUTE
    Lib\src\stm32f10x_sdio.c                 0x00000000   Number         0  stm32f10x_sdio.o ABSOLUTE
    Lib\src\stm32f10x_spi.c                  0x00000000   Number         0  stm32f10x_spi.o ABSOLUTE
    Lib\src\stm32f10x_tim.c                  0x00000000   Number         0  stm32f10x_tim.o ABSOLUTE
    Lib\src\stm32f10x_usart.c                0x00000000   Number         0  stm32f10x_usart.o ABSOLUTE
    Lib\src\stm32f10x_wwdg.c                 0x00000000   Number         0  stm32f10x_wwdg.o ABSOLUTE
    MATH\filter.c                            0x00000000   Number         0  filter.o ABSOLUTE
    MATH\imu.c                               0x00000000   Number         0  imu.o ABSOLUTE
    MATH\kalman.c                            0x00000000   Number         0  kalman.o ABSOLUTE
    MATH\myMath.c                            0x00000000   Number         0  mymath.o ABSOLUTE
    MATH\pid.c                               0x00000000   Number         0  pid.o ABSOLUTE
    StartUp\\core_cm3.c                      0x00000000   Number         0  core_cm3.o ABSOLUTE
    StartUp\core_cm3.c                       0x00000000   Number         0  core_cm3.o ABSOLUTE
    StartUp\startup_stm32f10x_md.s           0x00000000   Number         0  startup_stm32f10x_md.o ABSOLUTE
    StartUp\stm32f10x_it.c                   0x00000000   Number         0  stm32f10x_it.o ABSOLUTE
    StartUp\system_stm32f10x.c               0x00000000   Number         0  system_stm32f10x.o ABSOLUTE
    USER\INIT.c                              0x00000000   Number         0  init.o ABSOLUTE
    USER\delay.c                             0x00000000   Number         0  delay.o ABSOLUTE
    USER\main.c                              0x00000000   Number         0  main.o ABSOLUTE
    USER\scheduler.c                         0x00000000   Number         0  scheduler.o ABSOLUTE
    USER\sys.c                               0x00000000   Number         0  sys.o ABSOLUTE
    cdcmple.s                                0x00000000   Number         0  cdcmple.o ABSOLUTE
    cfcmple.s                                0x00000000   Number         0  cfcmple.o ABSOLUTE
    cfrcmple.s                               0x00000000   Number         0  cfrcmple.o ABSOLUTE
    dc.s                                     0x00000000   Number         0  dc.o ABSOLUTE
    handlers.s                               0x00000000   Number         0  handlers.o ABSOLUTE
    init.s                                   0x00000000   Number         0  init.o ABSOLUTE
    RESET                                    0x08000000   Section      236  startup_stm32f10x_md.o(RESET)
    .ARM.Collect$$$$00000000                 0x080000ec   Section        0  entry.o(.ARM.Collect$$$$00000000)
    .ARM.Collect$$$$00000001                 0x080000ec   Section        4  entry2.o(.ARM.Collect$$$$00000001)
    .ARM.Collect$$$$00000004                 0x080000f0   Section        4  entry5.o(.ARM.Collect$$$$00000004)
    .ARM.Collect$$$$00000008                 0x080000f4   Section        0  entry7b.o(.ARM.Collect$$$$00000008)
    .ARM.Collect$$$$0000000A                 0x080000f4   Section        0  entry8b.o(.ARM.Collect$$$$0000000A)
    .ARM.Collect$$$$0000000B                 0x080000f4   Section        8  entry9a.o(.ARM.Collect$$$$0000000B)
    .ARM.Collect$$$$0000000D                 0x080000fc   Section        0  entry10a.o(.ARM.Collect$$$$0000000D)
    .ARM.Collect$$$$0000000F                 0x080000fc   Section        0  entry11a.o(.ARM.Collect$$$$0000000F)
    .ARM.Collect$$$$00002712                 0x080000fc   Section        4  entry2.o(.ARM.Collect$$$$00002712)
    __lit__00000000                          0x080000fc   Data           4  entry2.o(.ARM.Collect$$$$00002712)
    .text                                    0x08000100   Section       36  startup_stm32f10x_md.o(.text)
    .text                                    0x08000124   Section        0  memseta.o(.text)
    .text                                    0x08000148   Section        0  fadd.o(.text)
    .text                                    0x080001f8   Section        0  fmul.o(.text)
    .text                                    0x0800025c   Section        0  fdiv.o(.text)
    .text                                    0x080002d8   Section        0  dadd.o(.text)
    .text                                    0x08000426   Section        0  dmul.o(.text)
    .text                                    0x0800050a   Section        0  ddiv.o(.text)
    .text                                    0x080005e8   Section        0  fflti.o(.text)
    .text                                    0x080005fa   Section        0  ffltui.o(.text)
    .text                                    0x08000604   Section        0  ffixi.o(.text)
    .text                                    0x08000636   Section        0  f2d.o(.text)
    .text                                    0x0800065c   Section        0  d2f.o(.text)
    .text                                    0x08000694   Section       20  cfcmple.o(.text)
    .text                                    0x080006a8   Section       20  cfrcmple.o(.text)
    .text                                    0x080006bc   Section        0  llshl.o(.text)
    .text                                    0x080006da   Section        0  llushr.o(.text)
    .text                                    0x080006fa   Section        0  llsshr.o(.text)
    .text                                    0x0800071e   Section        0  fepilogue.o(.text)
    .text                                    0x0800071e   Section        0  iusefp.o(.text)
    .text                                    0x0800078c   Section        0  depilogue.o(.text)
    .text                                    0x08000846   Section        0  dscalb.o(.text)
    .text                                    0x08000874   Section       36  init.o(.text)
    .text                                    0x08000898   Section        0  dsqrt.o(.text)
    .text                                    0x0800093a   Section        0  __dczerorl2.o(.text)
    i.ALL_Init                               0x08000990   Section        0  init.o(i.ALL_Init)
    i.ANTO_Send                              0x08000a7c   Section        0  ano_dt.o(i.ANTO_Send)
    ANTO_Send                                0x08000a7d   Thumb Code   552  ano_dt.o(i.ANTO_Send)
    i.ANTO_polling                           0x08000cd8   Section        0  ano_dt.o(i.ANTO_polling)
    i.BusFault_Handler                       0x08000f30   Section        0  stm32f10x_it.o(i.BusFault_Handler)
    i.CascadePID                             0x08000f34   Section        0  pid.o(i.CascadePID)
    i.CopeSerial2Data                        0x08000f54   Section        0  wt31.o(i.CopeSerial2Data)
    i.DebugMon_Handler                       0x08000fec   Section        0  stm32f10x_it.o(i.DebugMon_Handler)
    i.EPP_init                               0x08000ff0   Section        0  inclined_switch.o(i.EPP_init)
    i.FlightPidControl                       0x0800101c   Section        0  control.o(i.FlightPidControl)
    i.GPIO_Init                              0x0800115c   Section        0  stm32f10x_gpio.o(i.GPIO_Init)
    i.GPIO_ReadInputDataBit                  0x08001272   Section        0  stm32f10x_gpio.o(i.GPIO_ReadInputDataBit)
    i.GPIO_SetBits                           0x08001284   Section        0  stm32f10x_gpio.o(i.GPIO_SetBits)
    i.GetAngle                               0x08001288   Section        0  imu.o(i.GetAngle)
    i.GetSysTime_us                          0x080019d4   Section        0  delay.o(i.GetSysTime_us)
    i.HardFault_Handler                      0x08001a18   Section        0  stm32f10x_it.o(i.HardFault_Handler)
    i.I2c_Ack                                0x08001a1c   Section        0  iic_software.o(i.I2c_Ack)
    I2c_Ack                                  0x08001a1d   Thumb Code   198  iic_software.o(i.I2c_Ack)
    i.I2c_NoAck                              0x08001ae8   Section        0  iic_software.o(i.I2c_NoAck)
    I2c_NoAck                                0x08001ae9   Thumb Code   200  iic_software.o(i.I2c_NoAck)
    i.I2c_ReadByte                           0x08001bb4   Section        0  iic_software.o(i.I2c_ReadByte)
    I2c_ReadByte                             0x08001bb5   Thumb Code   188  iic_software.o(i.I2c_ReadByte)
    i.I2c_SendByte                           0x08001c74   Section        0  iic_software.o(i.I2c_SendByte)
    I2c_SendByte                             0x08001c75   Thumb Code   186  iic_software.o(i.I2c_SendByte)
    i.I2c_Start                              0x08001d34   Section        0  iic_software.o(i.I2c_Start)
    I2c_Start                                0x08001d35   Thumb Code   144  iic_software.o(i.I2c_Start)
    i.I2c_Stop                               0x08001dc8   Section        0  iic_software.o(i.I2c_Stop)
    I2c_Stop                                 0x08001dc9   Thumb Code   152  iic_software.o(i.I2c_Stop)
    i.I2c_WaitAck                            0x08001e64   Section        0  iic_software.o(i.I2c_WaitAck)
    I2c_WaitAck                              0x08001e65   Thumb Code   176  iic_software.o(i.I2c_WaitAck)
    i.IIC_Init                               0x08001f18   Section        0  iic_software.o(i.IIC_Init)
    i.IIC_Read_One_Byte                      0x08001f44   Section        0  iic_software.o(i.IIC_Read_One_Byte)
    i.IIC_Write_One_Byte                     0x08001fa8   Section        0  iic_software.o(i.IIC_Write_One_Byte)
    i.IIC_read_Bytes                         0x08001fec   Section        0  iic_software.o(i.IIC_read_Bytes)
    i.LEDInit                                0x0800206c   Section        0  led.o(i.LEDInit)
    i.MemManage_Handler                      0x080020a4   Section        0  stm32f10x_it.o(i.MemManage_Handler)
    i.MotorControl                           0x080020a8   Section        0  control.o(i.MotorControl)
    i.MpuGetData                             0x080023e8   Section        0  mpu6050.o(i.MpuGetData)
    i.MpuGetOffset                           0x080024dc   Section        0  mpu6050.o(i.MpuGetOffset)
    i.MpuInit                                0x08002604   Section        0  mpu6050.o(i.MpuInit)
    i.NMI_Handler                            0x08002680   Section        0  stm32f10x_it.o(i.NMI_Handler)
    i.NRF24L01_Check                         0x08002684   Section        0  nrf24l01.o(i.NRF24L01_Check)
    i.NRF24L01_Configuration                 0x080026d0   Section        0  nrf24l01.o(i.NRF24L01_Configuration)
    i.NRF24L01_Read_Buf                      0x08002770   Section        0  nrf24l01.o(i.NRF24L01_Read_Buf)
    i.NRF24L01_Read_Reg                      0x080027b4   Section        0  nrf24l01.o(i.NRF24L01_Read_Reg)
    i.NRF24L01_RxPacket                      0x080027e0   Section        0  nrf24l01.o(i.NRF24L01_RxPacket)
    i.NRF24L01_Write_Buf                     0x08002814   Section        0  nrf24l01.o(i.NRF24L01_Write_Buf)
    i.NRF24L01_Write_Reg                     0x08002858   Section        0  nrf24l01.o(i.NRF24L01_Write_Reg)
    i.NRF24L01_init                          0x08002888   Section        0  nrf24l01.o(i.NRF24L01_init)
    i.NVIC_Init                              0x080028a0   Section        0  misc.o(i.NVIC_Init)
    i.NVIC_PriorityGroupConfig               0x08002910   Section        0  misc.o(i.NVIC_PriorityGroupConfig)
    i.PID_Calc                               0x08002924   Section        0  wt31.o(i.PID_Calc)
    i.PendSV_Handler                         0x080029ac   Section        0  stm32f10x_it.o(i.PendSV_Handler)
    i.PilotLED                               0x080029b0   Section        0  led.o(i.PilotLED)
    i.Q_rsqrt                                0x08002ad4   Section        0  mymath.o(i.Q_rsqrt)
    i.RCC_APB1PeriphClockCmd                 0x08002b24   Section        0  stm32f10x_rcc.o(i.RCC_APB1PeriphClockCmd)
    i.RCC_APB2PeriphClockCmd                 0x08002b44   Section        0  stm32f10x_rcc.o(i.RCC_APB2PeriphClockCmd)
    i.RCC_GetClocksFreq                      0x08002b64   Section        0  stm32f10x_rcc.o(i.RCC_GetClocksFreq)
    i.RC_Analy                               0x08002c38   Section        0  remote.o(i.RC_Analy)
    i.RX_Mode                                0x08002dbc   Section        0  nrf24l01.o(i.RX_Mode)
    i.SPI_Cmd                                0x08002e14   Section        0  stm32f10x_spi.o(i.SPI_Cmd)
    i.SPI_Config                             0x08002e2c   Section        0  spi.o(i.SPI_Config)
    i.SPI_I2S_GetFlagStatus                  0x08002ec0   Section        0  stm32f10x_spi.o(i.SPI_I2S_GetFlagStatus)
    i.SPI_I2S_ReceiveData                    0x08002ed2   Section        0  stm32f10x_spi.o(i.SPI_I2S_ReceiveData)
    i.SPI_I2S_SendData                       0x08002ed8   Section        0  stm32f10x_spi.o(i.SPI_I2S_SendData)
    i.SPI_Init                               0x08002edc   Section        0  stm32f10x_spi.o(i.SPI_Init)
    i.SPI_RW                                 0x08002f18   Section        0  spi.o(i.SPI_RW)
    i.SVC_Handler                            0x08002f50   Section        0  stm32f10x_it.o(i.SVC_Handler)
    i.SetSysClock                            0x08002f52   Section        0  system_stm32f10x.o(i.SetSysClock)
    SetSysClock                              0x08002f53   Thumb Code     8  system_stm32f10x.o(i.SetSysClock)
    i.SetSysClockTo72                        0x08002f5c   Section        0  system_stm32f10x.o(i.SetSysClockTo72)
    SetSysClockTo72                          0x08002f5d   Thumb Code   214  system_stm32f10x.o(i.SetSysClockTo72)
    i.SysTick_Handler                        0x0800303c   Section        0  stm32f10x_it.o(i.SysTick_Handler)
    i.SystemInit                             0x0800304c   Section        0  system_stm32f10x.o(i.SystemInit)
    i.TIM2_PWM_Config                        0x080030ac   Section        0  tim.o(i.TIM2_PWM_Config)
    i.TIM3_Config                            0x08003174   Section        0  tim.o(i.TIM3_Config)
    i.TIM3_IRQHandler                        0x080031d8   Section        0  scheduler.o(i.TIM3_IRQHandler)
    i.TIM_ARRPreloadConfig                   0x08003264   Section        0  stm32f10x_tim.o(i.TIM_ARRPreloadConfig)
    i.TIM_ClearITPendingBit                  0x0800327c   Section        0  stm32f10x_tim.o(i.TIM_ClearITPendingBit)
    i.TIM_Cmd                                0x08003282   Section        0  stm32f10x_tim.o(i.TIM_Cmd)
    i.TIM_GetITStatus                        0x0800329a   Section        0  stm32f10x_tim.o(i.TIM_GetITStatus)
    i.TIM_ITConfig                           0x080032bc   Section        0  stm32f10x_tim.o(i.TIM_ITConfig)
    i.TIM_OC1Init                            0x080032d0   Section        0  stm32f10x_tim.o(i.TIM_OC1Init)
    i.TIM_OC1PreloadConfig                   0x08003368   Section        0  stm32f10x_tim.o(i.TIM_OC1PreloadConfig)
    i.TIM_OC2Init                            0x0800337c   Section        0  stm32f10x_tim.o(i.TIM_OC2Init)
    i.TIM_OC2PreloadConfig                   0x08003420   Section        0  stm32f10x_tim.o(i.TIM_OC2PreloadConfig)
    i.TIM_OC3Init                            0x0800343c   Section        0  stm32f10x_tim.o(i.TIM_OC3Init)
    i.TIM_OC3PreloadConfig                   0x080034dc   Section        0  stm32f10x_tim.o(i.TIM_OC3PreloadConfig)
    i.TIM_OC4Init                            0x080034f0   Section        0  stm32f10x_tim.o(i.TIM_OC4Init)
    i.TIM_OC4PreloadConfig                   0x0800356c   Section        0  stm32f10x_tim.o(i.TIM_OC4PreloadConfig)
    i.TIM_TimeBaseInit                       0x08003588   Section        0  stm32f10x_tim.o(i.TIM_TimeBaseInit)
    i.USART1_IRQHandler                      0x0800362c   Section        0  usartwt31.o(i.USART1_IRQHandler)
    i.USART3_Config                          0x08003674   Section        0  usart.o(i.USART3_Config)
    i.USART3_IRQHandler                      0x08003728   Section        0  usart.o(i.USART3_IRQHandler)
    i.USART3_SendByte                        0x0800375c   Section        0  usart.o(i.USART3_SendByte)
    i.USART_ClearITPendingBit                0x0800378c   Section        0  stm32f10x_usart.o(i.USART_ClearITPendingBit)
    i.USART_Cmd                              0x080037aa   Section        0  stm32f10x_usart.o(i.USART_Cmd)
    i.USART_GetITStatus                      0x080037c2   Section        0  stm32f10x_usart.o(i.USART_GetITStatus)
    i.USART_ITConfig                         0x08003816   Section        0  stm32f10x_usart.o(i.USART_ITConfig)
    i.USART_Init                             0x08003860   Section        0  stm32f10x_usart.o(i.USART_Init)
    i.USART_SendData                         0x08003938   Section        0  stm32f10x_usart.o(i.USART_SendData)
    i.UsageFault_Handler                     0x08003940   Section        0  stm32f10x_it.o(i.UsageFault_Handler)
    i.WTbalance                              0x08003944   Section        0  wt31.o(i.WTbalance)
    i.__ARM_fpclassify                       0x08003a6c   Section        0  fpclassify.o(i.__ARM_fpclassify)
    i.__kernel_poly                          0x08003a94   Section        0  poly.o(i.__kernel_poly)
    i.__mathlib_dbl_infnan                   0x08003b3e   Section        0  dunder.o(i.__mathlib_dbl_infnan)
    i.__mathlib_dbl_infnan2                  0x08003b44   Section        0  dunder.o(i.__mathlib_dbl_infnan2)
    i.__mathlib_dbl_invalid                  0x08003b48   Section        0  dunder.o(i.__mathlib_dbl_invalid)
    i.__mathlib_dbl_underflow                0x08003b54   Section        0  dunder.o(i.__mathlib_dbl_underflow)
    i.__scatterload_copy                     0x08003b64   Section       14  handlers.o(i.__scatterload_copy)
    i.__scatterload_null                     0x08003b72   Section        2  handlers.o(i.__scatterload_null)
    i.__scatterload_zeroinit                 0x08003b74   Section       14  handlers.o(i.__scatterload_zeroinit)
    i.__set_errno                            0x08003b84   Section        0  errno.o(i.__set_errno)
    i.asin                                   0x08003b90   Section        0  asin.o(i.asin)
    i.atan                                   0x08003e00   Section        0  atan.o(i.atan)
    i.atan2                                  0x08004020   Section        0  atan2.o(i.atan2)
    i.cycleCounterInit                       0x080041a0   Section        0  delay.o(i.cycleCounterInit)
    i.delay_ms                               0x080041c4   Section        0  delay.o(i.delay_ms)
    i.get_titled                             0x080041e8   Section        0  inclined_switch.o(i.get_titled)
    i.kalman_1                               0x08004210   Section        0  kalman.o(i.kalman_1)
    i.main                                   0x08004268   Section        0  main.o(i.main)
    i.new_wt_rotor                           0x080042e0   Section        0  wt31.o(i.new_wt_rotor)
    i.pidRest                                0x080043b4   Section        0  pid.o(i.pidRest)
    i.pidUpdate                              0x080043e0   Section        0  pid.o(i.pidUpdate)
    i.pid_param_Init                         0x0800444c   Section        0  init.o(i.pid_param_Init)
    i.remote_unlock                          0x080044b0   Section        0  remote.o(i.remote_unlock)
    i.sqrt                                   0x080045e0   Section        0  sqrt.o(i.sqrt)
    i.title_sw_init                          0x0800462c   Section        0  inclined_switch.o(i.title_sw_init)
    i.unfold_init                            0x08004650   Section        0  unfold.o(i.unfold_init)
    i.unfold_rotor                           0x0800465c   Section        0  unfold.o(i.unfold_rotor)
    i.wtpid_para                             0x080046a0   Section        0  wt31.o(i.wtpid_para)
    .constdata                               0x080046d0   Section       10  nrf24l01.o(.constdata)
    .constdata                               0x080046dc   Section       24  mymath.o(.constdata)
    .constdata                               0x080046f8   Section       80  asin.o(.constdata)
    pS                                       0x080046f8   Data          48  asin.o(.constdata)
    qS                                       0x08004728   Data          32  asin.o(.constdata)
    .constdata                               0x08004748   Section      152  atan.o(.constdata)
    atanhi                                   0x08004748   Data          32  atan.o(.constdata)
    atanlo                                   0x08004768   Data          32  atan.o(.constdata)
    aTodd                                    0x08004788   Data          40  atan.o(.constdata)
    aTeven                                   0x080047b0   Data          48  atan.o(.constdata)
    .constdata                               0x080047e0   Section        8  qnan.o(.constdata)
    .data                                    0x20000000   Section       20  system_stm32f10x.o(.data)
    .data                                    0x20000014   Section        4  delay.o(.data)
    usTicks                                  0x20000014   Data           4  delay.o(.data)
    .data                                    0x20000018   Section        2  scheduler.o(.data)
    cnt_3ms                                  0x20000018   Data           1  scheduler.o(.data)
    cnt_6ms                                  0x20000019   Data           1  scheduler.o(.data)
    .data                                    0x2000001c   Section       17  init.o(.data)
    execute_flag                             0x2000002c   Data           1  init.o(.data)
    .data                                    0x2000002d   Section       20  stm32f10x_rcc.o(.data)
    APBAHBPrescTable                         0x2000002d   Data          16  stm32f10x_rcc.o(.data)
    ADCPrescTable                            0x2000003d   Data           4  stm32f10x_rcc.o(.data)
    .data                                    0x20000044   Section        8  usartwt31.o(.data)
    TxCounter                                0x20000044   Data           1  usartwt31.o(.data)
    count                                    0x20000045   Data           1  usartwt31.o(.data)
    .data                                    0x2000004c   Section        8  led.o(.data)
    LastTime                                 0x20000050   Data           4  led.o(.data)
    .data                                    0x20000054   Section       76  mpu6050.o(.data)
    pMpu                                     0x20000054   Data           4  mpu6050.o(.data)
    ekf                                      0x20000058   Data          72  mpu6050.o(.data)
    .data                                    0x200000a0   Section       96  wt31.o(.data)
    ucRxCnt                                  0x200000b8   Data           1  wt31.o(.data)
    status                                   0x200000f4   Data           1  wt31.o(.data)
    status                                   0x200000f5   Data           1  wt31.o(.data)
    LastError                                0x200000f8   Data           4  wt31.o(.data)
    PrevError                                0x200000fc   Data           4  wt31.o(.data)
    .data                                    0x20000100   Section        2  ano_dt.o(.data)
    ANTO_Recived_flag                        0x20000100   Data           1  ano_dt.o(.data)
    status                                   0x20000101   Data           1  ano_dt.o(.data)
    .data                                    0x20000102   Section        7  remote.o(.data)
    cnt                                      0x20000102   Data           2  remote.o(.data)
    status                                   0x20000104   Data           1  remote.o(.data)
    cnt                                      0x20000106   Data           2  remote.o(.data)
    cnt                                      0x20000108   Data           1  remote.o(.data)
    .data                                    0x2000010c   Section       48  control.o(.data)
    status                                   0x20000134   Data           1  control.o(.data)
    status                                   0x20000135   Data           1  control.o(.data)
    remote_manual_flag                       0x20000138   Data           4  control.o(.data)
    .data                                    0x2000013c   Section       28  imu.o(.data)
    NormAcc                                  0x2000013c   Data           4  imu.o(.data)
    KpDef                                    0x20000140   Data           4  imu.o(.data)
    KiDef                                    0x20000144   Data           4  imu.o(.data)
    NumQ                                     0x20000148   Data          16  imu.o(.data)
    .data                                    0x20000158   Section        4  errno.o(.data)
    _errno                                   0x20000158   Data           4  errno.o(.data)
    .bss                                     0x2000015c   Section      488  init.o(.bss)
    .bss                                     0x20000344   Section       24  mpu6050.o(.bss)
    tBuff                                    0x20000350   Data          12  mpu6050.o(.bss)
    .bss                                     0x2000035c   Section      356  wt31.o(.bss)
    ucRxBuffer                               0x2000035c   Data         250  wt31.o(.bss)
    .bss                                     0x200004c0   Section       54  ano_dt.o(.bss)
    RatePID                                  0x200004c0   Data          18  ano_dt.o(.bss)
    AnglePID                                 0x200004d2   Data          18  ano_dt.o(.bss)
    HighPID                                  0x200004e4   Data          18  ano_dt.o(.bss)
    .bss                                     0x200004f6   Section       32  remote.o(.bss)
    .bss                                     0x20000518   Section       12  imu.o(.bss)
    GyroIntegError                           0x20000518   Data          12  imu.o(.bss)
    STACK                                    0x20000528   Section     1024  startup_stm32f10x_md.o(STACK)

    Global Symbols

    Symbol Name                              Value     Ov Type        Size  Object(Section)

    BuildAttributes$$THM_ISAv4$P$D$K$B$S$PE$A:L22UL41UL21$X:L11$S22US41US21$IEEE1$IW$USESV6$~STKCKD$USESV7$~SHL$OTIME$ROPI$IEEEX$EBA8$MICROLIB$REQ8$PRES8$EABIv2 0x00000000   Number         0  anon$$obj.o ABSOLUTE
    __ARM_use_no_argv                        0x00000000   Number         0  main.o ABSOLUTE
    __cpp_initialize__aeabi_                  - Undefined Weak Reference
    __cxa_finalize                            - Undefined Weak Reference
    _clock_init                               - Undefined Weak Reference
    _microlib_exit                            - Undefined Weak Reference
    __Vectors_Size                           0x000000ec   Number         0  startup_stm32f10x_md.o ABSOLUTE
    __Vectors                                0x08000000   Data           4  startup_stm32f10x_md.o(RESET)
    __Vectors_End                            0x080000ec   Data           0  startup_stm32f10x_md.o(RESET)
    __main                                   0x080000ed   Thumb Code     0  entry.o(.ARM.Collect$$$$00000000)
    _main_stk                                0x080000ed   Thumb Code     0  entry2.o(.ARM.Collect$$$$00000001)
    _main_scatterload                        0x080000f1   Thumb Code     0  entry5.o(.ARM.Collect$$$$00000004)
    __main_after_scatterload                 0x080000f5   Thumb Code     0  entry5.o(.ARM.Collect$$$$00000004)
    _main_clock                              0x080000f5   Thumb Code     0  entry7b.o(.ARM.Collect$$$$00000008)
    _main_cpp_init                           0x080000f5   Thumb Code     0  entry8b.o(.ARM.Collect$$$$0000000A)
    _main_init                               0x080000f5   Thumb Code     0  entry9a.o(.ARM.Collect$$$$0000000B)
    __rt_final_cpp                           0x080000fd   Thumb Code     0  entry10a.o(.ARM.Collect$$$$0000000D)
    __rt_final_exit                          0x080000fd   Thumb Code     0  entry11a.o(.ARM.Collect$$$$0000000F)
    Reset_Handler                            0x08000101   Thumb Code     8  startup_stm32f10x_md.o(.text)
    ADC1_2_IRQHandler                        0x0800011b   Thumb Code     0  startup_stm32f10x_md.o(.text)
    CAN1_RX1_IRQHandler                      0x0800011b   Thumb Code     0  startup_stm32f10x_md.o(.text)
    CAN1_SCE_IRQHandler                      0x0800011b   Thumb Code     0  startup_stm32f10x_md.o(.text)
    DMA1_Channel1_IRQHandler                 0x0800011b   Thumb Code     0  startup_stm32f10x_md.o(.text)
    DMA1_Channel2_IRQHandler                 0x0800011b   Thumb Code     0  startup_stm32f10x_md.o(.text)
    DMA1_Channel3_IRQHandler                 0x0800011b   Thumb Code     0  startup_stm32f10x_md.o(.text)
    DMA1_Channel4_IRQHandler                 0x0800011b   Thumb Code     0  startup_stm32f10x_md.o(.text)
    DMA1_Channel5_IRQHandler                 0x0800011b   Thumb Code     0  startup_stm32f10x_md.o(.text)
    DMA1_Channel6_IRQHandler                 0x0800011b   Thumb Code     0  startup_stm32f10x_md.o(.text)
    DMA1_Channel7_IRQHandler                 0x0800011b   Thumb Code     0  startup_stm32f10x_md.o(.text)
    EXTI0_IRQHandler                         0x0800011b   Thumb Code     0  startup_stm32f10x_md.o(.text)
    EXTI15_10_IRQHandler                     0x0800011b   Thumb Code     0  startup_stm32f10x_md.o(.text)
    EXTI1_IRQHandler                         0x0800011b   Thumb Code     0  startup_stm32f10x_md.o(.text)
    EXTI2_IRQHandler                         0x0800011b   Thumb Code     0  startup_stm32f10x_md.o(.text)
    EXTI3_IRQHandler                         0x0800011b   Thumb Code     0  startup_stm32f10x_md.o(.text)
    EXTI4_IRQHandler                         0x0800011b   Thumb Code     0  startup_stm32f10x_md.o(.text)
    EXTI9_5_IRQHandler                       0x0800011b   Thumb Code     0  startup_stm32f10x_md.o(.text)
    FLASH_IRQHandler                         0x0800011b   Thumb Code     0  startup_stm32f10x_md.o(.text)
    I2C1_ER_IRQHandler                       0x0800011b   Thumb Code     0  startup_stm32f10x_md.o(.text)
    I2C1_EV_IRQHandler                       0x0800011b   Thumb Code     0  startup_stm32f10x_md.o(.text)
    I2C2_ER_IRQHandler                       0x0800011b   Thumb Code     0  startup_stm32f10x_md.o(.text)
    I2C2_EV_IRQHandler                       0x0800011b   Thumb Code     0  startup_stm32f10x_md.o(.text)
    PVD_IRQHandler                           0x0800011b   Thumb Code     0  startup_stm32f10x_md.o(.text)
    RCC_IRQHandler                           0x0800011b   Thumb Code     0  startup_stm32f10x_md.o(.text)
    RTCAlarm_IRQHandler                      0x0800011b   Thumb Code     0  startup_stm32f10x_md.o(.text)
    RTC_IRQHandler                           0x0800011b   Thumb Code     0  startup_stm32f10x_md.o(.text)
    SPI1_IRQHandler                          0x0800011b   Thumb Code     0  startup_stm32f10x_md.o(.text)
    SPI2_IRQHandler                          0x0800011b   Thumb Code     0  startup_stm32f10x_md.o(.text)
    TAMPER_IRQHandler                        0x0800011b   Thumb Code     0  startup_stm32f10x_md.o(.text)
    TIM1_BRK_IRQHandler                      0x0800011b   Thumb Code     0  startup_stm32f10x_md.o(.text)
    TIM1_CC_IRQHandler                       0x0800011b   Thumb Code     0  startup_stm32f10x_md.o(.text)
    TIM1_TRG_COM_IRQHandler                  0x0800011b   Thumb Code     0  startup_stm32f10x_md.o(.text)
    TIM1_UP_IRQHandler                       0x0800011b   Thumb Code     0  startup_stm32f10x_md.o(.text)
    TIM2_IRQHandler                          0x0800011b   Thumb Code     0  startup_stm32f10x_md.o(.text)
    TIM4_IRQHandler                          0x0800011b   Thumb Code     0  startup_stm32f10x_md.o(.text)
    USART2_IRQHandler                        0x0800011b   Thumb Code     0  startup_stm32f10x_md.o(.text)
    USBWakeUp_IRQHandler                     0x0800011b   Thumb Code     0  startup_stm32f10x_md.o(.text)
    USB_HP_CAN1_TX_IRQHandler                0x0800011b   Thumb Code     0  startup_stm32f10x_md.o(.text)
    USB_LP_CAN1_RX0_IRQHandler               0x0800011b   Thumb Code     0  startup_stm32f10x_md.o(.text)
    WWDG_IRQHandler                          0x0800011b   Thumb Code     0  startup_stm32f10x_md.o(.text)
    __aeabi_memset                           0x08000125   Thumb Code    14  memseta.o(.text)
    __aeabi_memset4                          0x08000125   Thumb Code     0  memseta.o(.text)
    __aeabi_memset8                          0x08000125   Thumb Code     0  memseta.o(.text)
    __aeabi_memclr                           0x08000133   Thumb Code     4  memseta.o(.text)
    __aeabi_memclr4                          0x08000133   Thumb Code     0  memseta.o(.text)
    __aeabi_memclr8                          0x08000133   Thumb Code     0  memseta.o(.text)
    _memset$wrapper                          0x08000137   Thumb Code    18  memseta.o(.text)
    __aeabi_fadd                             0x08000149   Thumb Code   164  fadd.o(.text)
    __aeabi_fsub                             0x080001ed   Thumb Code     6  fadd.o(.text)
    __aeabi_frsub                            0x080001f3   Thumb Code     6  fadd.o(.text)
    __aeabi_fmul                             0x080001f9   Thumb Code   100  fmul.o(.text)
    __aeabi_fdiv                             0x0800025d   Thumb Code   124  fdiv.o(.text)
    __aeabi_dadd                             0x080002d9   Thumb Code   322  dadd.o(.text)
    __aeabi_dsub                             0x0800041b   Thumb Code     6  dadd.o(.text)
    __aeabi_drsub                            0x08000421   Thumb Code     6  dadd.o(.text)
    __aeabi_dmul                             0x08000427   Thumb Code   228  dmul.o(.text)
    __aeabi_ddiv                             0x0800050b   Thumb Code   222  ddiv.o(.text)
    __aeabi_i2f                              0x080005e9   Thumb Code    18  fflti.o(.text)
    __aeabi_ui2f                             0x080005fb   Thumb Code    10  ffltui.o(.text)
    __aeabi_f2iz                             0x08000605   Thumb Code    50  ffixi.o(.text)
    __aeabi_f2d                              0x08000637   Thumb Code    38  f2d.o(.text)
    __aeabi_d2f                              0x0800065d   Thumb Code    56  d2f.o(.text)
    __aeabi_cfcmpeq                          0x08000695   Thumb Code     0  cfcmple.o(.text)
    __aeabi_cfcmple                          0x08000695   Thumb Code    20  cfcmple.o(.text)
    __aeabi_cfrcmple                         0x080006a9   Thumb Code    20  cfrcmple.o(.text)
    __aeabi_llsl                             0x080006bd   Thumb Code    30  llshl.o(.text)
    _ll_shift_l                              0x080006bd   Thumb Code     0  llshl.o(.text)
    __aeabi_llsr                             0x080006db   Thumb Code    32  llushr.o(.text)
    _ll_ushift_r                             0x080006db   Thumb Code     0  llushr.o(.text)
    __aeabi_lasr                             0x080006fb   Thumb Code    36  llsshr.o(.text)
    _ll_sshift_r                             0x080006fb   Thumb Code     0  llsshr.o(.text)
    __I$use$fp                               0x0800071f   Thumb Code     0  iusefp.o(.text)
    _float_round                             0x0800071f   Thumb Code    18  fepilogue.o(.text)
    _float_epilogue                          0x08000731   Thumb Code    92  fepilogue.o(.text)
    _double_round                            0x0800078d   Thumb Code    30  depilogue.o(.text)
    _double_epilogue                         0x080007ab   Thumb Code   156  depilogue.o(.text)
    __ARM_scalbn                             0x08000847   Thumb Code    46  dscalb.o(.text)
    scalbn                                   0x08000847   Thumb Code     0  dscalb.o(.text)
    __scatterload                            0x08000875   Thumb Code    28  init.o(.text)
    __scatterload_rt2                        0x08000875   Thumb Code     0  init.o(.text)
    _dsqrt                                   0x08000899   Thumb Code   162  dsqrt.o(.text)
    __decompress                             0x0800093b   Thumb Code     0  __dczerorl2.o(.text)
    __decompress1                            0x0800093b   Thumb Code    86  __dczerorl2.o(.text)
    ALL_Init                                 0x08000991   Thumb Code   220  init.o(i.ALL_Init)
    ANTO_polling                             0x08000cd9   Thumb Code   544  ano_dt.o(i.ANTO_polling)
    BusFault_Handler                         0x08000f31   Thumb Code     4  stm32f10x_it.o(i.BusFault_Handler)
    CascadePID                               0x08000f35   Thumb Code    30  pid.o(i.CascadePID)
    CopeSerial2Data                          0x08000f55   Thumb Code   140  wt31.o(i.CopeSerial2Data)
    DebugMon_Handler                         0x08000fed   Thumb Code     2  stm32f10x_it.o(i.DebugMon_Handler)
    EPP_init                                 0x08000ff1   Thumb Code    38  inclined_switch.o(i.EPP_init)
    FlightPidControl                         0x0800101d   Thumb Code   272  control.o(i.FlightPidControl)
    GPIO_Init                                0x0800115d   Thumb Code   278  stm32f10x_gpio.o(i.GPIO_Init)
    GPIO_ReadInputDataBit                    0x08001273   Thumb Code    18  stm32f10x_gpio.o(i.GPIO_ReadInputDataBit)
    GPIO_SetBits                             0x08001285   Thumb Code     4  stm32f10x_gpio.o(i.GPIO_SetBits)
    GetAngle                                 0x08001289   Thumb Code  1846  imu.o(i.GetAngle)
    GetSysTime_us                            0x080019d5   Thumb Code    58  delay.o(i.GetSysTime_us)
    HardFault_Handler                        0x08001a19   Thumb Code     4  stm32f10x_it.o(i.HardFault_Handler)
    IIC_Init                                 0x08001f19   Thumb Code    38  iic_software.o(i.IIC_Init)
    IIC_Read_One_Byte                        0x08001f45   Thumb Code   100  iic_software.o(i.IIC_Read_One_Byte)
    IIC_Write_One_Byte                       0x08001fa9   Thumb Code    68  iic_software.o(i.IIC_Write_One_Byte)
    IIC_read_Bytes                           0x08001fed   Thumb Code   128  iic_software.o(i.IIC_read_Bytes)
    LEDInit                                  0x0800206d   Thumb Code    48  led.o(i.LEDInit)
    MemManage_Handler                        0x080020a5   Thumb Code     4  stm32f10x_it.o(i.MemManage_Handler)
    MotorControl                             0x080020a9   Thumb Code   790  control.o(i.MotorControl)
    MpuGetData                               0x080023e9   Thumb Code   220  mpu6050.o(i.MpuGetData)
    MpuGetOffset                             0x080024dd   Thumb Code   284  mpu6050.o(i.MpuGetOffset)
    MpuInit                                  0x08002605   Thumb Code   124  mpu6050.o(i.MpuInit)
    NMI_Handler                              0x08002681   Thumb Code     2  stm32f10x_it.o(i.NMI_Handler)
    NRF24L01_Check                           0x08002685   Thumb Code    68  nrf24l01.o(i.NRF24L01_Check)
    NRF24L01_Configuration                   0x080026d1   Thumb Code   152  nrf24l01.o(i.NRF24L01_Configuration)
    NRF24L01_Read_Buf                        0x08002771   Thumb Code    62  nrf24l01.o(i.NRF24L01_Read_Buf)
    NRF24L01_Read_Reg                        0x080027b5   Thumb Code    40  nrf24l01.o(i.NRF24L01_Read_Reg)
    NRF24L01_RxPacket                        0x080027e1   Thumb Code    52  nrf24l01.o(i.NRF24L01_RxPacket)
    NRF24L01_Write_Buf                       0x08002815   Thumb Code    62  nrf24l01.o(i.NRF24L01_Write_Buf)
    NRF24L01_Write_Reg                       0x08002859   Thumb Code    42  nrf24l01.o(i.NRF24L01_Write_Reg)
    NRF24L01_init                            0x08002889   Thumb Code    22  nrf24l01.o(i.NRF24L01_init)
    NVIC_Init                                0x080028a1   Thumb Code   100  misc.o(i.NVIC_Init)
    NVIC_PriorityGroupConfig                 0x08002911   Thumb Code    10  misc.o(i.NVIC_PriorityGroupConfig)
    PID_Calc                                 0x08002925   Thumb Code   114  wt31.o(i.PID_Calc)
    PendSV_Handler                           0x080029ad   Thumb Code     2  stm32f10x_it.o(i.PendSV_Handler)
    PilotLED                                 0x080029b1   Thumb Code   274  led.o(i.PilotLED)
    Q_rsqrt                                  0x08002ad5   Thumb Code    74  mymath.o(i.Q_rsqrt)
    RCC_APB1PeriphClockCmd                   0x08002b25   Thumb Code    26  stm32f10x_rcc.o(i.RCC_APB1PeriphClockCmd)
    RCC_APB2PeriphClockCmd                   0x08002b45   Thumb Code    26  stm32f10x_rcc.o(i.RCC_APB2PeriphClockCmd)
    RCC_GetClocksFreq                        0x08002b65   Thumb Code   192  stm32f10x_rcc.o(i.RCC_GetClocksFreq)
    RC_Analy                                 0x08002c39   Thumb Code   352  remote.o(i.RC_Analy)
    RX_Mode                                  0x08002dbd   Thumb Code    80  nrf24l01.o(i.RX_Mode)
    SPI_Cmd                                  0x08002e15   Thumb Code    24  stm32f10x_spi.o(i.SPI_Cmd)
    SPI_Config                               0x08002e2d   Thumb Code   140  spi.o(i.SPI_Config)
    SPI_I2S_GetFlagStatus                    0x08002ec1   Thumb Code    18  stm32f10x_spi.o(i.SPI_I2S_GetFlagStatus)
    SPI_I2S_ReceiveData                      0x08002ed3   Thumb Code     6  stm32f10x_spi.o(i.SPI_I2S_ReceiveData)
    SPI_I2S_SendData                         0x08002ed9   Thumb Code     4  stm32f10x_spi.o(i.SPI_I2S_SendData)
    SPI_Init                                 0x08002edd   Thumb Code    60  stm32f10x_spi.o(i.SPI_Init)
    SPI_RW                                   0x08002f19   Thumb Code    50  spi.o(i.SPI_RW)
    SVC_Handler                              0x08002f51   Thumb Code     2  stm32f10x_it.o(i.SVC_Handler)
    SysTick_Handler                          0x0800303d   Thumb Code    12  stm32f10x_it.o(i.SysTick_Handler)
    SystemInit                               0x0800304d   Thumb Code    78  system_stm32f10x.o(i.SystemInit)
    TIM2_PWM_Config                          0x080030ad   Thumb Code   194  tim.o(i.TIM2_PWM_Config)
    TIM3_Config                              0x08003175   Thumb Code    94  tim.o(i.TIM3_Config)
    TIM3_IRQHandler                          0x080031d9   Thumb Code   108  scheduler.o(i.TIM3_IRQHandler)
    TIM_ARRPreloadConfig                     0x08003265   Thumb Code    24  stm32f10x_tim.o(i.TIM_ARRPreloadConfig)
    TIM_ClearITPendingBit                    0x0800327d   Thumb Code     6  stm32f10x_tim.o(i.TIM_ClearITPendingBit)
    TIM_Cmd                                  0x08003283   Thumb Code    24  stm32f10x_tim.o(i.TIM_Cmd)
    TIM_GetITStatus                          0x0800329b   Thumb Code    34  stm32f10x_tim.o(i.TIM_GetITStatus)
    TIM_ITConfig                             0x080032bd   Thumb Code    18  stm32f10x_tim.o(i.TIM_ITConfig)
    TIM_OC1Init                              0x080032d1   Thumb Code   132  stm32f10x_tim.o(i.TIM_OC1Init)
    TIM_OC1PreloadConfig                     0x08003369   Thumb Code    18  stm32f10x_tim.o(i.TIM_OC1PreloadConfig)
    TIM_OC2Init                              0x0800337d   Thumb Code   154  stm32f10x_tim.o(i.TIM_OC2Init)
    TIM_OC2PreloadConfig                     0x08003421   Thumb Code    26  stm32f10x_tim.o(i.TIM_OC2PreloadConfig)
    TIM_OC3Init                              0x0800343d   Thumb Code   150  stm32f10x_tim.o(i.TIM_OC3Init)
    TIM_OC3PreloadConfig                     0x080034dd   Thumb Code    18  stm32f10x_tim.o(i.TIM_OC3PreloadConfig)
    TIM_OC4Init                              0x080034f1   Thumb Code   114  stm32f10x_tim.o(i.TIM_OC4Init)
    TIM_OC4PreloadConfig                     0x0800356d   Thumb Code    26  stm32f10x_tim.o(i.TIM_OC4PreloadConfig)
    TIM_TimeBaseInit                         0x08003589   Thumb Code   122  stm32f10x_tim.o(i.TIM_TimeBaseInit)
    USART1_IRQHandler                        0x0800362d   Thumb Code    58  usartwt31.o(i.USART1_IRQHandler)
    USART3_Config                            0x08003675   Thumb Code   166  usart.o(i.USART3_Config)
    USART3_IRQHandler                        0x08003729   Thumb Code    48  usart.o(i.USART3_IRQHandler)
    USART3_SendByte                          0x0800375d   Thumb Code    44  usart.o(i.USART3_SendByte)
    USART_ClearITPendingBit                  0x0800378d   Thumb Code    30  stm32f10x_usart.o(i.USART_ClearITPendingBit)
    USART_Cmd                                0x080037ab   Thumb Code    24  stm32f10x_usart.o(i.USART_Cmd)
    USART_GetITStatus                        0x080037c3   Thumb Code    84  stm32f10x_usart.o(i.USART_GetITStatus)
    USART_ITConfig                           0x08003817   Thumb Code    74  stm32f10x_usart.o(i.USART_ITConfig)
    USART_Init                               0x08003861   Thumb Code   210  stm32f10x_usart.o(i.USART_Init)
    USART_SendData                           0x08003939   Thumb Code     8  stm32f10x_usart.o(i.USART_SendData)
    UsageFault_Handler                       0x08003941   Thumb Code     4  stm32f10x_it.o(i.UsageFault_Handler)
    WTbalance                                0x08003945   Thumb Code   262  wt31.o(i.WTbalance)
    __ARM_fpclassify                         0x08003a6d   Thumb Code    40  fpclassify.o(i.__ARM_fpclassify)
    __kernel_poly                            0x08003a95   Thumb Code   170  poly.o(i.__kernel_poly)
    __mathlib_dbl_infnan                     0x08003b3f   Thumb Code     6  dunder.o(i.__mathlib_dbl_infnan)
    __mathlib_dbl_infnan2                    0x08003b45   Thumb Code     4  dunder.o(i.__mathlib_dbl_infnan2)
    __mathlib_dbl_invalid                    0x08003b49   Thumb Code    12  dunder.o(i.__mathlib_dbl_invalid)
    __mathlib_dbl_underflow                  0x08003b55   Thumb Code    10  dunder.o(i.__mathlib_dbl_underflow)
    __scatterload_copy                       0x08003b65   Thumb Code    14  handlers.o(i.__scatterload_copy)
    __scatterload_null                       0x08003b73   Thumb Code     2  handlers.o(i.__scatterload_null)
    __scatterload_zeroinit                   0x08003b75   Thumb Code    14  handlers.o(i.__scatterload_zeroinit)
    __set_errno                              0x08003b85   Thumb Code     6  errno.o(i.__set_errno)
    asin                                     0x08003b91   Thumb Code   572  asin.o(i.asin)
    atan                                     0x08003e01   Thumb Code   474  atan.o(i.atan)
    atan2                                    0x08004021   Thumb Code   346  atan2.o(i.atan2)
    cycleCounterInit                         0x080041a1   Thumb Code    26  delay.o(i.cycleCounterInit)
    delay_ms                                 0x080041c5   Thumb Code    34  delay.o(i.delay_ms)
    get_titled                               0x080041e9   Thumb Code    36  inclined_switch.o(i.get_titled)
    kalman_1                                 0x08004211   Thumb Code    88  kalman.o(i.kalman_1)
    main                                     0x08004269   Thumb Code   108  main.o(i.main)
    new_wt_rotor                             0x080042e1   Thumb Code   204  wt31.o(i.new_wt_rotor)
    pidRest                                  0x080043b5   Thumb Code    44  pid.o(i.pidRest)
    pidUpdate                                0x080043e1   Thumb Code   106  pid.o(i.pidUpdate)
    pid_param_Init                           0x0800444d   Thumb Code    68  init.o(i.pid_param_Init)
    remote_unlock                            0x080044b1   Thumb Code   278  remote.o(i.remote_unlock)
    sqrt                                     0x080045e1   Thumb Code    76  sqrt.o(i.sqrt)
    title_sw_init                            0x0800462d   Thumb Code    32  inclined_switch.o(i.title_sw_init)
    unfold_init                              0x08004651   Thumb Code    12  unfold.o(i.unfold_init)
    unfold_rotor                             0x0800465d   Thumb Code    58  unfold.o(i.unfold_rotor)
    wtpid_para                               0x080046a1   Thumb Code    34  wt31.o(i.wtpid_para)
    TX_ADDRESS                               0x080046d0   Data           5  nrf24l01.o(.constdata)
    RX_ADDRESS                               0x080046d5   Data           5  nrf24l01.o(.constdata)
    M_PI                                     0x080046dc   Data           4  mymath.o(.constdata)
    RtA                                      0x080046e0   Data           4  mymath.o(.constdata)
    AtR                                      0x080046e4   Data           4  mymath.o(.constdata)
    Gyro_G                                   0x080046e8   Data           4  mymath.o(.constdata)
    Gyro_Gr                                  0x080046ec   Data           4  mymath.o(.constdata)
    PI_2                                     0x080046f0   Data           4  mymath.o(.constdata)
    __mathlib_zero                           0x080047e0   Data           8  qnan.o(.constdata)
    Region$$Table$$Base                      0x080047e8   Number         0  anon$$obj.o(Region$$Table)
    Region$$Table$$Limit                     0x08004808   Number         0  anon$$obj.o(Region$$Table)
    SystemCoreClock                          0x20000000   Data           4  system_stm32f10x.o(.data)
    AHBPrescTable                            0x20000004   Data          16  system_stm32f10x.o(.data)
    SysTick_count                            0x2000001c   Data           4  init.o(.data)
    AK8975                                   0x20000020   Data           6  init.o(.data)
    ALL_flag                                 0x20000026   Data           6  init.o(.data)
    jj                                       0x20000048   Data           4  usartwt31.o(.data)
    LED                                      0x2000004c   Data           4  led.o(.data)
    stcAcc                                   0x200000a0   Data           8  wt31.o(.data)
    stcGyro                                  0x200000a8   Data           8  wt31.o(.data)
    stcAngle                                 0x200000b0   Data           8  wt31.o(.data)
    YAWCMD                                   0x200000b9   Data           3  wt31.o(.data)
    ACCCMD                                   0x200000bc   Data           3  wt31.o(.data)
    SLEEPCMD                                 0x200000bf   Data           3  wt31.o(.data)
    UARTMODECMD                              0x200000c2   Data           3  wt31.o(.data)
    IICMODECMD                               0x200000c5   Data           3  wt31.o(.data)
    Proportion                               0x200000c8   Data           4  wt31.o(.data)
    Integral                                 0x200000cc   Data           4  wt31.o(.data)
    Derivative                               0x200000d0   Data           4  wt31.o(.data)
    pid1                                     0x200000d4   Data           4  wt31.o(.data)
    pid2                                     0x200000d8   Data           4  wt31.o(.data)
    _cnt                                     0x200000dc   Data           4  wt31.o(.data)
    x_angle                                  0x200000e0   Data           4  wt31.o(.data)
    y_angle                                  0x200000e4   Data           4  wt31.o(.data)
    z_angle                                  0x200000e8   Data           4  wt31.o(.data)
    pidwt                                    0x200000ec   Data           8  wt31.o(.data)
    pPidObject                               0x2000010c   Data          32  control.o(.data)
    motor                                    0x2000012c   Data           8  control.o(.data)
    MPU6050                                  0x2000015c   Data          12  init.o(.bss)
    Angle                                    0x20000168   Data          12  init.o(.bss)
    Remote                                   0x20000174   Data          16  init.o(.bss)
    pidRateX                                 0x20000184   Data          52  init.o(.bss)
    pidRateY                                 0x200001b8   Data          52  init.o(.bss)
    pidRateZ                                 0x200001ec   Data          52  init.o(.bss)
    pidPitch                                 0x20000220   Data          52  init.o(.bss)
    pidRoll                                  0x20000254   Data          52  init.o(.bss)
    pidYaw                                   0x20000288   Data          52  init.o(.bss)
    pidHeightRate                            0x200002bc   Data          52  init.o(.bss)
    pidHeightHigh                            0x200002f0   Data          52  init.o(.bss)
    RC_manualData                            0x20000324   Data          32  init.o(.bss)
    MpuOffset                                0x20000344   Data          12  mpu6050.o(.bss)
    pidangX                                  0x20000458   Data          52  wt31.o(.bss)
    pidangY                                  0x2000048c   Data          52  wt31.o(.bss)
    RC_rxData                                0x200004f6   Data          32  remote.o(.bss)
    __initial_sp                             0x20000928   Data           0  startup_stm32f10x_md.o(STACK)



==============================================================================

Memory Map of the image

  Image Entry point : 0x080000ed

  Load Region LR_IROM1 (Base: 0x08000000, Size: 0x00004964, Max: 0x00010000, ABSOLUTE, COMPRESSED[0x00004890])

    Execution Region ER_IROM1 (Base: 0x08000000, Size: 0x00004808, Max: 0x00010000, ABSOLUTE)

    Base Addr    Size         Type   Attr      Idx    E Section Name        Object

    0x08000000   0x000000ec   Data   RO          105    RESET               startup_stm32f10x_md.o
    0x080000ec   0x00000000   Code   RO         4616  * .ARM.Collect$$$$00000000  mc_w.l(entry.o)
    0x080000ec   0x00000004   Code   RO         4704    .ARM.Collect$$$$00000001  mc_w.l(entry2.o)
    0x080000f0   0x00000004   Code   RO         4707    .ARM.Collect$$$$00000004  mc_w.l(entry5.o)
    0x080000f4   0x00000000   Code   RO         4709    .ARM.Collect$$$$00000008  mc_w.l(entry7b.o)
    0x080000f4   0x00000000   Code   RO         4711    .ARM.Collect$$$$0000000A  mc_w.l(entry8b.o)
    0x080000f4   0x00000008   Code   RO         4712    .ARM.Collect$$$$0000000B  mc_w.l(entry9a.o)
    0x080000fc   0x00000000   Code   RO         4714    .ARM.Collect$$$$0000000D  mc_w.l(entry10a.o)
    0x080000fc   0x00000000   Code   RO         4716    .ARM.Collect$$$$0000000F  mc_w.l(entry11a.o)
    0x080000fc   0x00000004   Code   RO         4705    .ARM.Collect$$$$00002712  mc_w.l(entry2.o)
    0x08000100   0x00000024   Code   RO          106    .text               startup_stm32f10x_md.o
    0x08000124   0x00000024   Code   RO         4621    .text               mc_w.l(memseta.o)
    0x08000148   0x000000b0   Code   RO         4625    .text               mf_w.l(fadd.o)
    0x080001f8   0x00000064   Code   RO         4627    .text               mf_w.l(fmul.o)
    0x0800025c   0x0000007c   Code   RO         4629    .text               mf_w.l(fdiv.o)
    0x080002d8   0x0000014e   Code   RO         4631    .text               mf_w.l(dadd.o)
    0x08000426   0x000000e4   Code   RO         4633    .text               mf_w.l(dmul.o)
    0x0800050a   0x000000de   Code   RO         4635    .text               mf_w.l(ddiv.o)
    0x080005e8   0x00000012   Code   RO         4637    .text               mf_w.l(fflti.o)
    0x080005fa   0x0000000a   Code   RO         4639    .text               mf_w.l(ffltui.o)
    0x08000604   0x00000032   Code   RO         4641    .text               mf_w.l(ffixi.o)
    0x08000636   0x00000026   Code   RO         4645    .text               mf_w.l(f2d.o)
    0x0800065c   0x00000038   Code   RO         4647    .text               mf_w.l(d2f.o)
    0x08000694   0x00000014   Code   RO         4649    .text               mf_w.l(cfcmple.o)
    0x080006a8   0x00000014   Code   RO         4651    .text               mf_w.l(cfrcmple.o)
    0x080006bc   0x0000001e   Code   RO         4718    .text               mc_w.l(llshl.o)
    0x080006da   0x00000020   Code   RO         4720    .text               mc_w.l(llushr.o)
    0x080006fa   0x00000024   Code   RO         4722    .text               mc_w.l(llsshr.o)
    0x0800071e   0x00000000   Code   RO         4731    .text               mc_w.l(iusefp.o)
    0x0800071e   0x0000006e   Code   RO         4732    .text               mf_w.l(fepilogue.o)
    0x0800078c   0x000000ba   Code   RO         4736    .text               mf_w.l(depilogue.o)
    0x08000846   0x0000002e   Code   RO         4738    .text               mf_w.l(dscalb.o)
    0x08000874   0x00000024   Code   RO         4740    .text               mc_w.l(init.o)
    0x08000898   0x000000a2   Code   RO         4744    .text               mf_w.l(dsqrt.o)
    0x0800093a   0x00000056   Code   RO         4756    .text               mc_w.l(__dczerorl2.o)
    0x08000990   0x000000ec   Code   RO          359    i.ALL_Init          init.o
    0x08000a7c   0x0000025c   Code   RO         4219    i.ANTO_Send         ano_dt.o
    0x08000cd8   0x00000258   Code   RO         4220    i.ANTO_polling      ano_dt.o
    0x08000f30   0x00000004   Code   RO          110    i.BusFault_Handler  stm32f10x_it.o
    0x08000f34   0x0000001e   Code   RO         4553    i.CascadePID        pid.o
    0x08000f52   0x00000002   PAD
    0x08000f54   0x00000098   Code   RO         4127    i.CopeSerial2Data   wt31.o
    0x08000fec   0x00000002   Code   RO          111    i.DebugMon_Handler  stm32f10x_it.o
    0x08000fee   0x00000002   PAD
    0x08000ff0   0x0000002c   Code   RO         3941    i.EPP_init          inclined_switch.o
    0x0800101c   0x00000140   Code   RO         4285    i.FlightPidControl  control.o
    0x0800115c   0x00000116   Code   RO         1569    i.GPIO_Init         stm32f10x_gpio.o
    0x08001272   0x00000012   Code   RO         1573    i.GPIO_ReadInputDataBit  stm32f10x_gpio.o
    0x08001284   0x00000004   Code   RO         1577    i.GPIO_SetBits      stm32f10x_gpio.o
    0x08001288   0x0000074c   Code   RO         4434    i.GetAngle          imu.o
    0x080019d4   0x00000044   Code   RO          288    i.GetSysTime_us     delay.o
    0x08001a18   0x00000004   Code   RO          112    i.HardFault_Handler  stm32f10x_it.o
    0x08001a1c   0x000000cc   Code   RO         3394    i.I2c_Ack           iic_software.o
    0x08001ae8   0x000000cc   Code   RO         3395    i.I2c_NoAck         iic_software.o
    0x08001bb4   0x000000c0   Code   RO         3396    i.I2c_ReadByte      iic_software.o
    0x08001c74   0x000000c0   Code   RO         3397    i.I2c_SendByte      iic_software.o
    0x08001d34   0x00000094   Code   RO         3398    i.I2c_Start         iic_software.o
    0x08001dc8   0x0000009c   Code   RO         3399    i.I2c_Stop          iic_software.o
    0x08001e64   0x000000b4   Code   RO         3400    i.I2c_WaitAck       iic_software.o
    0x08001f18   0x0000002c   Code   RO         3401    i.IIC_Init          iic_software.o
    0x08001f44   0x00000064   Code   RO         3402    i.IIC_Read_One_Byte  iic_software.o
    0x08001fa8   0x00000044   Code   RO         3404    i.IIC_Write_One_Byte  iic_software.o
    0x08001fec   0x00000080   Code   RO         3405    i.IIC_read_Bytes    iic_software.o
    0x0800206c   0x00000038   Code   RO         3728    i.LEDInit           led.o
    0x080020a4   0x00000004   Code   RO          113    i.MemManage_Handler  stm32f10x_it.o
    0x080020a8   0x00000340   Code   RO         4286    i.MotorControl      control.o
    0x080023e8   0x000000f4   Code   RO         3833    i.MpuGetData        mpu6050.o
    0x080024dc   0x00000128   Code   RO         3834    i.MpuGetOffset      mpu6050.o
    0x08002604   0x0000007c   Code   RO         3835    i.MpuInit           mpu6050.o
    0x08002680   0x00000002   Code   RO          114    i.NMI_Handler       stm32f10x_it.o
    0x08002682   0x00000002   PAD
    0x08002684   0x0000004c   Code   RO         3752    i.NRF24L01_Check    nrf24l01.o
    0x080026d0   0x000000a0   Code   RO         3753    i.NRF24L01_Configuration  nrf24l01.o
    0x08002770   0x00000044   Code   RO         3754    i.NRF24L01_Read_Buf  nrf24l01.o
    0x080027b4   0x0000002c   Code   RO         3755    i.NRF24L01_Read_Reg  nrf24l01.o
    0x080027e0   0x00000034   Code   RO         3756    i.NRF24L01_RxPacket  nrf24l01.o
    0x08002814   0x00000044   Code   RO         3758    i.NRF24L01_Write_Buf  nrf24l01.o
    0x08002858   0x00000030   Code   RO         3759    i.NRF24L01_Write_Reg  nrf24l01.o
    0x08002888   0x00000016   Code   RO         3760    i.NRF24L01_init     nrf24l01.o
    0x0800289e   0x00000002   PAD
    0x080028a0   0x00000070   Code   RO          400    i.NVIC_Init         misc.o
    0x08002910   0x00000014   Code   RO          401    i.NVIC_PriorityGroupConfig  misc.o
    0x08002924   0x00000088   Code   RO         4128    i.PID_Calc          wt31.o
    0x080029ac   0x00000002   Code   RO          115    i.PendSV_Handler    stm32f10x_it.o
    0x080029ae   0x00000002   PAD
    0x080029b0   0x00000124   Code   RO         3729    i.PilotLED          led.o
    0x08002ad4   0x00000050   Code   RO         4456    i.Q_rsqrt           mymath.o
    0x08002b24   0x00000020   Code   RO         1991    i.RCC_APB1PeriphClockCmd  stm32f10x_rcc.o
    0x08002b44   0x00000020   Code   RO         1993    i.RCC_APB2PeriphClockCmd  stm32f10x_rcc.o
    0x08002b64   0x000000d4   Code   RO         2001    i.RCC_GetClocksFreq  stm32f10x_rcc.o
    0x08002c38   0x00000184   Code   RO         4257    i.RC_Analy          remote.o
    0x08002dbc   0x00000058   Code   RO         3761    i.RX_Mode           nrf24l01.o
    0x08002e14   0x00000018   Code   RO         2473    i.SPI_Cmd           stm32f10x_spi.o
    0x08002e2c   0x00000094   Code   RO         3587    i.SPI_Config        spi.o
    0x08002ec0   0x00000012   Code   RO         2481    i.SPI_I2S_GetFlagStatus  stm32f10x_spi.o
    0x08002ed2   0x00000006   Code   RO         2484    i.SPI_I2S_ReceiveData  stm32f10x_spi.o
    0x08002ed8   0x00000004   Code   RO         2485    i.SPI_I2S_SendData  stm32f10x_spi.o
    0x08002edc   0x0000003c   Code   RO         2486    i.SPI_Init          stm32f10x_spi.o
    0x08002f18   0x00000038   Code   RO         3588    i.SPI_RW            spi.o
    0x08002f50   0x00000002   Code   RO          116    i.SVC_Handler       stm32f10x_it.o
    0x08002f52   0x00000008   Code   RO           17    i.SetSysClock       system_stm32f10x.o
    0x08002f5a   0x00000002   PAD
    0x08002f5c   0x000000e0   Code   RO           18    i.SetSysClockTo72   system_stm32f10x.o
    0x0800303c   0x00000010   Code   RO          117    i.SysTick_Handler   stm32f10x_it.o
    0x0800304c   0x00000060   Code   RO           20    i.SystemInit        system_stm32f10x.o
    0x080030ac   0x000000c8   Code   RO         3542    i.TIM2_PWM_Config   tim.o
    0x08003174   0x00000064   Code   RO         3543    i.TIM3_Config       tim.o
    0x080031d8   0x0000008c   Code   RO          330    i.TIM3_IRQHandler   scheduler.o
    0x08003264   0x00000018   Code   RO         2616    i.TIM_ARRPreloadConfig  stm32f10x_tim.o
    0x0800327c   0x00000006   Code   RO         2623    i.TIM_ClearITPendingBit  stm32f10x_tim.o
    0x08003282   0x00000018   Code   RO         2628    i.TIM_Cmd           stm32f10x_tim.o
    0x0800329a   0x00000022   Code   RO         2649    i.TIM_GetITStatus   stm32f10x_tim.o
    0x080032bc   0x00000012   Code   RO         2653    i.TIM_ITConfig      stm32f10x_tim.o
    0x080032ce   0x00000002   PAD
    0x080032d0   0x00000098   Code   RO         2657    i.TIM_OC1Init       stm32f10x_tim.o
    0x08003368   0x00000012   Code   RO         2660    i.TIM_OC1PreloadConfig  stm32f10x_tim.o
    0x0800337a   0x00000002   PAD
    0x0800337c   0x000000a4   Code   RO         2662    i.TIM_OC2Init       stm32f10x_tim.o
    0x08003420   0x0000001a   Code   RO         2665    i.TIM_OC2PreloadConfig  stm32f10x_tim.o
    0x0800343a   0x00000002   PAD
    0x0800343c   0x000000a0   Code   RO         2667    i.TIM_OC3Init       stm32f10x_tim.o
    0x080034dc   0x00000012   Code   RO         2670    i.TIM_OC3PreloadConfig  stm32f10x_tim.o
    0x080034ee   0x00000002   PAD
    0x080034f0   0x0000007c   Code   RO         2672    i.TIM_OC4Init       stm32f10x_tim.o
    0x0800356c   0x0000001a   Code   RO         2674    i.TIM_OC4PreloadConfig  stm32f10x_tim.o
    0x08003586   0x00000002   PAD
    0x08003588   0x000000a4   Code   RO         2699    i.TIM_TimeBaseInit  stm32f10x_tim.o
    0x0800362c   0x00000048   Code   RO         3687    i.USART1_IRQHandler  usartwt31.o
    0x08003674   0x000000b4   Code   RO         3471    i.USART3_Config     usart.o
    0x08003728   0x00000034   Code   RO         3472    i.USART3_IRQHandler  usart.o
    0x0800375c   0x00000030   Code   RO         3473    i.USART3_SendByte   usart.o
    0x0800378c   0x0000001e   Code   RO         3161    i.USART_ClearITPendingBit  stm32f10x_usart.o
    0x080037aa   0x00000018   Code   RO         3164    i.USART_Cmd         stm32f10x_usart.o
    0x080037c2   0x00000054   Code   RO         3168    i.USART_GetITStatus  stm32f10x_usart.o
    0x08003816   0x0000004a   Code   RO         3170    i.USART_ITConfig    stm32f10x_usart.o
    0x08003860   0x000000d8   Code   RO         3171    i.USART_Init        stm32f10x_usart.o
    0x08003938   0x00000008   Code   RO         3181    i.USART_SendData    stm32f10x_usart.o
    0x08003940   0x00000004   Code   RO          118    i.UsageFault_Handler  stm32f10x_it.o
    0x08003944   0x00000128   Code   RO         4131    i.WTbalance         wt31.o
    0x08003a6c   0x00000028   Code   RO         4667    i.__ARM_fpclassify  m_ws.l(fpclassify.o)
    0x08003a94   0x000000aa   Code   RO         4685    i.__kernel_poly     m_ws.l(poly.o)
    0x08003b3e   0x00000006   Code   RO         4654    i.__mathlib_dbl_infnan  m_ws.l(dunder.o)
    0x08003b44   0x00000004   Code   RO         4655    i.__mathlib_dbl_infnan2  m_ws.l(dunder.o)
    0x08003b48   0x0000000c   Code   RO         4656    i.__mathlib_dbl_invalid  m_ws.l(dunder.o)
    0x08003b54   0x00000010   Code   RO         4659    i.__mathlib_dbl_underflow  m_ws.l(dunder.o)
    0x08003b64   0x0000000e   Code   RO         4750    i.__scatterload_copy  mc_w.l(handlers.o)
    0x08003b72   0x00000002   Code   RO         4751    i.__scatterload_null  mc_w.l(handlers.o)
    0x08003b74   0x0000000e   Code   RO         4752    i.__scatterload_zeroinit  mc_w.l(handlers.o)
    0x08003b82   0x00000002   PAD
    0x08003b84   0x0000000c   Code   RO         4726    i.__set_errno       mc_w.l(errno.o)
    0x08003b90   0x00000270   Code   RO         4581    i.asin              m_ws.l(asin.o)
    0x08003e00   0x00000220   Code   RO         4599    i.atan              m_ws.l(atan.o)
    0x08004020   0x00000180   Code   RO         4609    i.atan2             m_ws.l(atan2.o)
    0x080041a0   0x00000024   Code   RO          289    i.cycleCounterInit  delay.o
    0x080041c4   0x00000022   Code   RO          290    i.delay_ms          delay.o
    0x080041e6   0x00000002   PAD
    0x080041e8   0x00000028   Code   RO         3942    i.get_titled        inclined_switch.o
    0x08004210   0x00000058   Code   RO         4366    i.kalman_1          kalman.o
    0x08004268   0x00000078   Code   RO          188    i.main              main.o
    0x080042e0   0x000000d4   Code   RO         4135    i.new_wt_rotor      wt31.o
    0x080043b4   0x0000002c   Code   RO         4554    i.pidRest           pid.o
    0x080043e0   0x0000006a   Code   RO         4555    i.pidUpdate         pid.o
    0x0800444a   0x00000002   PAD
    0x0800444c   0x00000064   Code   RO          360    i.pid_param_Init    init.o
    0x080044b0   0x00000130   Code   RO         4258    i.remote_unlock     remote.o
    0x080045e0   0x0000004c   Code   RO         4689    i.sqrt              m_ws.l(sqrt.o)
    0x0800462c   0x00000024   Code   RO         3943    i.title_sw_init     inclined_switch.o
    0x08004650   0x0000000c   Code   RO         4028    i.unfold_init       unfold.o
    0x0800465c   0x00000044   Code   RO         4029    i.unfold_rotor      unfold.o
    0x080046a0   0x00000030   Code   RO         4137    i.wtpid_para        wt31.o
    0x080046d0   0x0000000a   Data   RO         3763    .constdata          nrf24l01.o
    0x080046da   0x00000002   PAD
    0x080046dc   0x00000018   Data   RO         4469    .constdata          mymath.o
    0x080046f4   0x00000004   PAD
    0x080046f8   0x00000050   Data   RO         4582    .constdata          m_ws.l(asin.o)
    0x08004748   0x00000098   Data   RO         4600    .constdata          m_ws.l(atan.o)
    0x080047e0   0x00000008   Data   RO         4687    .constdata          m_ws.l(qnan.o)
    0x080047e8   0x00000020   Data   RO         4748    Region$$Table       anon$$obj.o


    Execution Region RW_IRAM1 (Base: 0x20000000, Size: 0x00000928, Max: 0x00005000, ABSOLUTE, COMPRESSED[0x00000088])

    Base Addr    Size         Type   Attr      Idx    E Section Name        Object

    0x20000000   0x00000014   Data   RW           21    .data               system_stm32f10x.o
    0x20000014   0x00000004   Data   RW          292    .data               delay.o
    0x20000018   0x00000002   Data   RW          331    .data               scheduler.o
    0x2000001a   0x00000002   PAD
    0x2000001c   0x00000011   Data   RW          362    .data               init.o
    0x2000002d   0x00000014   Data   RW         2021    .data               stm32f10x_rcc.o
    0x20000041   0x00000003   PAD
    0x20000044   0x00000008   Data   RW         3689    .data               usartwt31.o
    0x2000004c   0x00000008   Data   RW         3730    .data               led.o
    0x20000054   0x0000004c   Data   RW         3838    .data               mpu6050.o
    0x200000a0   0x00000060   Data   RW         4139    .data               wt31.o
    0x20000100   0x00000002   Data   RW         4222    .data               ano_dt.o
    0x20000102   0x00000007   Data   RW         4260    .data               remote.o
    0x20000109   0x00000003   PAD
    0x2000010c   0x00000030   Data   RW         4287    .data               control.o
    0x2000013c   0x0000001c   Data   RW         4436    .data               imu.o
    0x20000158   0x00000004   Data   RW         4727    .data               mc_w.l(errno.o)
    0x2000015c   0x000001e8   Zero   RW          361    .bss                init.o
    0x20000344   0x00000018   Zero   RW         3837    .bss                mpu6050.o
    0x2000035c   0x00000164   Zero   RW         4138    .bss                wt31.o
    0x200004c0   0x00000036   Zero   RW         4221    .bss                ano_dt.o
    0x200004f6   0x00000020   Zero   RW         4259    .bss                remote.o
    0x20000516   0x00000002   PAD
    0x20000518   0x0000000c   Zero   RW         4435    .bss                imu.o
    0x20000524   0x00000004   PAD
    0x20000528   0x00000400   Zero   RW          103    STACK               startup_stm32f10x_md.o


==============================================================================

Image component sizes


      Code (inc. data)   RO Data    RW Data    ZI Data      Debug   Object Name

      1204        130          0          2         54       3387   ano_dt.o
      1152         90          0         48          0       2489   control.o
         0          0          0          0          0       4528   core_cm3.o
       138         20          0          4          0       2166   delay.o
      1616         38          0          0          0       8097   iic_software.o
      1868         50          0         28         12       1775   imu.o
       120         14          0          0          0       1608   inclined_switch.o
       336         48          0         17        488       4565   init.o
        88          0          0          0          0       1639   kalman.o
       348         32          0          8          0       2995   led.o
       120         12          0          0          0     219206   main.o
       132         22          0          0          0       1527   misc.o
       664         36          0         76         24       5778   mpu6050.o
        80          6         24          0          0       1001   mymath.o
       626         46         10          0          0       6834   nrf24l01.o
       180          0          0          0          0       2071   pid.o
       692         62          0          7         32       2283   remote.o
       140         32          0          2          0        590   scheduler.o
       204         14          0          0          0       1154   spi.o
        36          8        236          0       1024        812   startup_stm32f10x_md.o
       300          0          0          0          0       3095   stm32f10x_gpio.o
        40          4          0          0          0       4174   stm32f10x_it.o
       276         32          0         20          0       4454   stm32f10x_rcc.o
       112          0          0          0          0       3818   stm32f10x_spi.o
       958         92          0          0          0       9301   stm32f10x_tim.o
       436          6          0          0          0       5589   stm32f10x_usart.o
       328         28          0         20          0      52825   system_stm32f10x.o
       300         12          0          0          0       1256   tim.o
        80         10          0          0          0       1069   unfold.o
       280         22          0          0          0       2218   usart.o
        72         14          0          8          0       1369   usartwt31.o
       844         90          0         96        356       6755   wt31.o

    ----------------------------------------------------------------------
     13796        970        308        344       1996     370428   Object Totals
         0          0         32          0          0          0   (incl. Generated)
        26          0          6          8          6          0   (incl. Padding)

    ----------------------------------------------------------------------

      Code (inc. data)   RO Data    RW Data    ZI Data      Debug   Library Member Name

       624         52         80          0          0        168   asin.o
       544         70        152          0          0        124   atan.o
       384         38          0          0          0        144   atan2.o
        38          6          0          0          0        272   dunder.o
        40          0          0          0          0         68   fpclassify.o
       170          0          0          0          0         96   poly.o
         0          0          8          0          0          0   qnan.o
        76          0          0          0          0         84   sqrt.o
        86          0          0          0          0          0   __dczerorl2.o
         0          0          0          0          0          0   entry.o
         0          0          0          0          0          0   entry10a.o
         0          0          0          0          0          0   entry11a.o
         8          4          0          0          0          0   entry2.o
         4          0          0          0          0          0   entry5.o
         0          0          0          0          0          0   entry7b.o
         0          0          0          0          0          0   entry8b.o
         8          4          0          0          0          0   entry9a.o
        12          6          0          4          0         68   errno.o
        30          0          0          0          0          0   handlers.o
        36          8          0          0          0         68   init.o
         0          0          0          0          0          0   iusefp.o
        30          0          0          0          0         68   llshl.o
        36          0          0          0          0         68   llsshr.o
        32          0          0          0          0         68   llushr.o
        36          0          0          0          0        108   memseta.o
        20          0          0          0          0         68   cfcmple.o
        20          0          0          0          0         68   cfrcmple.o
        56          0          0          0          0         88   d2f.o
       334          0          0          0          0        148   dadd.o
       222          0          0          0          0        100   ddiv.o
       186          0          0          0          0        176   depilogue.o
       228          0          0          0          0         96   dmul.o
        46          0          0          0          0         80   dscalb.o
       162          0          0          0          0        100   dsqrt.o
        38          0          0          0          0         68   f2d.o
       176          0          0          0          0        140   fadd.o
       124          0          0          0          0         88   fdiv.o
       110          0          0          0          0        168   fepilogue.o
        50          0          0          0          0         68   ffixi.o
        18          0          0          0          0         68   fflti.o
        10          0          0          0          0         68   ffltui.o
       100          0          0          0          0         76   fmul.o

    ----------------------------------------------------------------------
      4096        188        240          4          0       3072   Library Totals
         2          0          0          0          0          0   (incl. Padding)

    ----------------------------------------------------------------------

      Code (inc. data)   RO Data    RW Data    ZI Data      Debug   Library Name

      1876        166        240          0          0        956   m_ws.l
       318         22          0          4          0        448   mc_w.l
      1900          0          0          0          0       1668   mf_w.l

    ----------------------------------------------------------------------
      4096        188        240          4          0       3072   Library Totals

    ----------------------------------------------------------------------

==============================================================================


      Code (inc. data)   RO Data    RW Data    ZI Data      Debug   

     17892       1158        548        348       1996     366764   Grand Totals
     17892       1158        548        136       1996     366764   ELF Image Totals (compressed)
     17892       1158        548        136          0          0   ROM Totals

==============================================================================

    Total RO  Size (Code + RO Data)                18440 (  18.01kB)
    Total RW  Size (RW Data + ZI Data)              2344 (   2.29kB)
    Total ROM Size (Code + RO Data + RW Data)      18576 (  18.14kB)

==============================================================================

