ARM Linker, 4.1 [Build 791] [Standard]

==============================================================================

Section Cross References

    system_stm32f10x.o(i.SetSysClock) refers to system_stm32f10x.o(i.SetSysClockTo72) for SetSysClockTo72
    system_stm32f10x.o(i.SystemCoreClockUpdate) refers to system_stm32f10x.o(.data) for SystemCoreClock
    system_stm32f10x.o(i.SystemInit) refers to system_stm32f10x.o(i.SetSysClock) for SetSysClock
    startup_stm32f10x_md.o(STACK) refers (Special) to heapauxi.o(.text) for __use_two_region_memory
    startup_stm32f10x_md.o(HEAP) refers (Special) to heapauxi.o(.text) for __use_two_region_memory
    startup_stm32f10x_md.o(RESET) refers (Special) to heapauxi.o(.text) for __use_two_region_memory
    startup_stm32f10x_md.o(RESET) refers to startup_stm32f10x_md.o(STACK) for __initial_sp
    startup_stm32f10x_md.o(RESET) refers to startup_stm32f10x_md.o(.text) for Reset_Handler
    startup_stm32f10x_md.o(RESET) refers to stm32f10x_it.o(i.NMI_Handler) for NMI_Handler
    startup_stm32f10x_md.o(RESET) refers to stm32f10x_it.o(i.HardFault_Handler) for HardFault_Handler
    startup_stm32f10x_md.o(RESET) refers to stm32f10x_it.o(i.MemManage_Handler) for MemManage_Handler
    startup_stm32f10x_md.o(RESET) refers to stm32f10x_it.o(i.BusFault_Handler) for BusFault_Handler
    startup_stm32f10x_md.o(RESET) refers to stm32f10x_it.o(i.UsageFault_Handler) for UsageFault_Handler
    startup_stm32f10x_md.o(RESET) refers to stm32f10x_it.o(i.SVC_Handler) for SVC_Handler
    startup_stm32f10x_md.o(RESET) refers to stm32f10x_it.o(i.DebugMon_Handler) for DebugMon_Handler
    startup_stm32f10x_md.o(RESET) refers to stm32f10x_it.o(i.PendSV_Handler) for PendSV_Handler
    startup_stm32f10x_md.o(RESET) refers to time.o(i.SysTick_Handler) for SysTick_Handler
    startup_stm32f10x_md.o(RESET) refers to time.o(i.TIM3_IRQHandler) for TIM3_IRQHandler
    startup_stm32f10x_md.o(.text) refers (Special) to heapauxi.o(.text) for __use_two_region_memory
    startup_stm32f10x_md.o(.text) refers to system_stm32f10x.o(i.SystemInit) for SystemInit
    startup_stm32f10x_md.o(.text) refers to __main.o(!!!main) for __main
    startup_stm32f10x_md.o(.text) refers to startup_stm32f10x_md.o(HEAP) for Heap_Mem
    startup_stm32f10x_md.o(.text) refers to startup_stm32f10x_md.o(STACK) for Stack_Mem
    main.o(i.inv_orientation_matrix_to_scalar) refers to main.o(i.inv_row_2_scale) for inv_row_2_scale
    main.o(i.main) refers to bsp.o(i.bsp_init) for bsp_init
    main.o(i.main) refers to inv_mpu.o(i.mpu_init) for mpu_init
    main.o(i.main) refers to inv_mpu.o(i.mpu_set_sensors) for mpu_set_sensors
    main.o(i.main) refers to inv_mpu.o(i.mpu_configure_fifo) for mpu_configure_fifo
    main.o(i.main) refers to inv_mpu.o(i.mpu_set_sample_rate) for mpu_set_sample_rate
    main.o(i.main) refers to inv_mpu_dmp_motion_driver.o(i.dmp_load_motion_driver_firmware) for dmp_load_motion_driver_firmware
    main.o(i.main) refers to main.o(i.inv_orientation_matrix_to_scalar) for inv_orientation_matrix_to_scalar
    main.o(i.main) refers to inv_mpu_dmp_motion_driver.o(i.dmp_set_orientation) for dmp_set_orientation
    main.o(i.main) refers to inv_mpu_dmp_motion_driver.o(i.dmp_enable_feature) for dmp_enable_feature
    main.o(i.main) refers to inv_mpu_dmp_motion_driver.o(i.dmp_set_fifo_rate) for dmp_set_fifo_rate
    main.o(i.main) refers to main.o(i.run_self_test) for run_self_test
    main.o(i.main) refers to inv_mpu.o(i.mpu_set_dmp_state) for mpu_set_dmp_state
    main.o(i.main) refers to inv_mpu_dmp_motion_driver.o(i.dmp_read_fifo) for dmp_read_fifo
    main.o(i.main) refers to fflt_clz.o(x$fpl$fflt) for __aeabi_i2f
    main.o(i.main) refers to fdiv.o(x$fpl$fdiv) for __aeabi_fdiv
    main.o(i.main) refers to fmul.o(x$fpl$fmul) for __aeabi_fmul
    main.o(i.main) refers to faddsub_clz.o(x$fpl$fadd) for __aeabi_fadd
    main.o(i.main) refers to f2d.o(x$fpl$f2d) for __aeabi_f2d
    main.o(i.main) refers to asin.o(i.asin) for asin
    main.o(i.main) refers to dmul.o(x$fpl$dmul) for __aeabi_dmul
    main.o(i.main) refers to d2f.o(x$fpl$d2f) for __aeabi_d2f
    main.o(i.main) refers to faddsub_clz.o(x$fpl$fsub) for __aeabi_fsub
    main.o(i.main) refers to atan2.o(i.atan2) for atan2
    main.o(i.main) refers to main.o(.data) for result
    main.o(i.run_self_test) refers to inv_mpu.o(i.mpu_run_self_test) for mpu_run_self_test
    main.o(i.run_self_test) refers to inv_mpu.o(i.mpu_get_gyro_sens) for mpu_get_gyro_sens
    main.o(i.run_self_test) refers to fflt_clz.o(x$fpl$fflt) for __aeabi_i2f
    main.o(i.run_self_test) refers to fmul.o(x$fpl$fmul) for __aeabi_fmul
    main.o(i.run_self_test) refers to ffix.o(x$fpl$ffix) for __aeabi_f2iz
    main.o(i.run_self_test) refers to inv_mpu_dmp_motion_driver.o(i.dmp_set_gyro_bias) for dmp_set_gyro_bias
    main.o(i.run_self_test) refers to inv_mpu.o(i.mpu_get_accel_sens) for mpu_get_accel_sens
[...]
    StartUp\system_stm32f10x.c               0x00000000   Number         0  system_stm32f10x.o ABSOLUTE
    User_Src\main.c                          0x00000000   Number         0  main.o ABSOLUTE
    User_Src\stm32f10x_it.c                  0x00000000   Number         0  stm32f10x_it.o ABSOLUTE
    dc.s                                     0x00000000   Number         0  dc.o ABSOLUTE
    eMPL\inv_mpu.c                           0x00000000   Number         0  inv_mpu.o ABSOLUTE
    eMPL\inv_mpu_dmp_motion_driver.c         0x00000000   Number         0  inv_mpu_dmp_motion_driver.o ABSOLUTE
    RESET                                    0x08000000   Section      236  startup_stm32f10x_md.o(RESET)
    !!!main                                  0x080000ec   Section        8  __main.o(!!!main)
    !!!scatter                               0x080000f4   Section       52  __scatter.o(!!!scatter)
    !!handler_copy                           0x08000128   Section       26  __scatter_copy.o(!!handler_copy)
    !!handler_zi                             0x08000144   Section       28  __scatter_zi.o(!!handler_zi)
    .ARM.Collect$$libinit$$00000000          0x08000160   Section        6  libinit.o(.ARM.Collect$$libinit$$00000000)
    .ARM.Collect$$libinit$$00000006          0x08000166   Section        0  libinit2.o(.ARM.Collect$$libinit$$00000006)
    .ARM.Collect$$libinit$$00000008          0x08000166   Section        0  libinit2.o(.ARM.Collect$$libinit$$00000008)
    .ARM.Collect$$libinit$$0000000A          0x08000166   Section        0  libinit2.o(.ARM.Collect$$libinit$$0000000A)
    .ARM.Collect$$libinit$$0000000D          0x08000166   Section        0  libinit2.o(.ARM.Collect$$libinit$$0000000D)
    .ARM.Collect$$libinit$$0000000F          0x08000166   Section        0  libinit2.o(.ARM.Collect$$libinit$$0000000F)
    .ARM.Collect$$libinit$$00000011          0x08000166   Section        0  libinit2.o(.ARM.Collect$$libinit$$00000011)
    .ARM.Collect$$libinit$$00000013          0x08000166   Section        0  libinit2.o(.ARM.Collect$$libinit$$00000013)
    .ARM.Collect$$libinit$$00000015          0x08000166   Section        0  libinit2.o(.ARM.Collect$$libinit$$00000015)
    .ARM.Collect$$libinit$$00000017          0x08000166   Section        0  libinit2.o(.ARM.Collect$$libinit$$00000017)
    .ARM.Collect$$libinit$$00000019          0x08000166   Section        0  libinit2.o(.ARM.Collect$$libinit$$00000019)
    .ARM.Collect$$libinit$$0000001B          0x08000166   Section        0  libinit2.o(.ARM.Collect$$libinit$$0000001B)
    .ARM.Collect$$libinit$$0000001D          0x08000166   Section        0  libinit2.o(.ARM.Collect$$libinit$$0000001D)
    .ARM.Collect$$libinit$$0000001F          0x08000166   Section        0  libinit2.o(.ARM.Collect$$libinit$$0000001F)
    .ARM.Collect$$libinit$$00000021          0x08000166   Section        0  libinit2.o(.ARM.Collect$$libinit$$00000021)
    .ARM.Collect$$libinit$$00000028          0x08000166   Section        0  libinit2.o(.ARM.Collect$$libinit$$00000028)
    .ARM.Collect$$libinit$$0000002A          0x08000166   Section        0  libinit2.o(.ARM.Collect$$libinit$$0000002A)
    .ARM.Collect$$libinit$$0000002C          0x08000166   Section        0  libinit2.o(.ARM.Collect$$libinit$$0000002C)
    .ARM.Collect$$libinit$$0000002E          0x08000166   Section        0  libinit2.o(.ARM.Collect$$libinit$$0000002E)
    .ARM.Collect$$libinit$$0000002F          0x08000166   Section        2  libinit2.o(.ARM.Collect$$libinit$$0000002F)
    .ARM.Collect$$libshutdown$$00000000      0x08000168   Section        2  libshutdown.o(.ARM.Collect$$libshutdown$$00000000)
    .ARM.Collect$$libshutdown$$00000003      0x0800016a   Section        0  libshutdown2.o(.ARM.Collect$$libshutdown$$00000003)
    .ARM.Collect$$libshutdown$$00000006      0x0800016a   Section        0  libshutdown2.o(.ARM.Collect$$libshutdown$$00000006)
    .ARM.Collect$$libshutdown$$00000009      0x0800016a   Section        0  libshutdown2.o(.ARM.Collect$$libshutdown$$00000009)
    .ARM.Collect$$libshutdown$$0000000B      0x0800016a   Section        0  libshutdown2.o(.ARM.Collect$$libshutdown$$0000000B)
    .ARM.Collect$$libshutdown$$0000000E      0x0800016a   Section        0  libshutdown2.o(.ARM.Collect$$libshutdown$$0000000E)
    .ARM.Collect$$libshutdown$$0000000F      0x0800016a   Section        2  libshutdown2.o(.ARM.Collect$$libshutdown$$0000000F)
    .ARM.Collect$$rtentry$$00000000          0x0800016c   Section        0  rtentry.o(.ARM.Collect$$rtentry$$00000000)
    .ARM.Collect$$rtentry$$00000002          0x0800016c   Section        0  rtentry2.o(.ARM.Collect$$rtentry$$00000002)
    .ARM.Collect$$rtentry$$00000004          0x0800016c   Section        6  rtentry4.o(.ARM.Collect$$rtentry$$00000004)
    .ARM.Collect$$rtentry$$00000009          0x08000172   Section        0  rtentry2.o(.ARM.Collect$$rtentry$$00000009)
    .ARM.Collect$$rtentry$$0000000A          0x08000172   Section        4  rtentry2.o(.ARM.Collect$$rtentry$$0000000A)
    .ARM.Collect$$rtentry$$0000000C          0x08000176   Section        0  rtentry2.o(.ARM.Collect$$rtentry$$0000000C)
    .ARM.Collect$$rtentry$$0000000D          0x08000176   Section        8  rtentry2.o(.ARM.Collect$$rtentry$$0000000D)
    .ARM.Collect$$rtexit$$00000000           0x0800017e   Section        2  rtexit.o(.ARM.Collect$$rtexit$$00000000)
    .ARM.Collect$$rtexit$$00000002           0x08000180   Section        0  rtexit2.o(.ARM.Collect$$rtexit$$00000002)
    .ARM.Collect$$rtexit$$00000003           0x08000180   Section        4  rtexit2.o(.ARM.Collect$$rtexit$$00000003)
    .ARM.Collect$$rtexit$$00000004           0x08000184   Section        6  rtexit2.o(.ARM.Collect$$rtexit$$00000004)
    .text                                    0x0800018c   Section       64  startup_stm32f10x_md.o(.text)
    .text                                    0x080001cc   Section       38  llshl.o(.text)
    .text                                    0x080001f2   Section       38  llsshr.o(.text)
    .text                                    0x08000218   Section       72  llsdiv.o(.text)
    .text                                    0x08000260   Section        0  memcmp.o(.text)
    .text                                    0x080002b8   Section       16  aeabi_memset.o(.text)
    .text                                    0x080002c8   Section        0  heapauxi.o(.text)
    .text                                    0x080002ce   Section      238  lludivv7m.o(.text)
    .text                                    0x080003bc   Section        0  _rserrno.o(.text)
    .text                                    0x080003d2   Section       68  rt_memclr.o(.text)
    .text                                    0x08000418   Section        8  rt_errno_addr_intlibspace.o(.text)
    .text                                    0x08000420   Section       78  rt_memclr_w.o(.text)
    .text                                    0x08000470   Section        8  libspace.o(.text)
    .text                                    0x08000478   Section       74  sys_stackheap_outer.o(.text)
    .text                                    0x080004c2   Section        0  exit.o(.text)
    .text                                    0x080004d0   Section        8  rt_fp_status_addr_intlibspace.o(.text)
    .text                                    0x080004d8   Section        0  sys_exit.o(.text)
    .text                                    0x080004e4   Section        2  use_no_semi.o(.text)
    .text                                    0x080004e6   Section        0  indicate_semi.o(.text)
    i.BusFault_Handler                       0x080004e6   Section        0  stm32f10x_it.o(i.BusFault_Handler)
    i.DebugMon_Handler                       0x080004ea   Section        0  stm32f10x_it.o(i.DebugMon_Handler)
    i.Delay_ms                               0x080004ec   Section        0  time.o(i.Delay_ms)
    i.Delay_us                               0x080004fe   Section        0  time.o(i.Delay_us)
    i.GPIO_Init                              0x08000522   Section        0  stm32f10x_gpio.o(i.GPIO_Init)
    i.HardFault_Handler                      0x08000646   Section        0  stm32f10x_it.o(i.HardFault_Handler)
    i.I2c_Ack                                0x0800064c   Section        0  i2c.o(i.I2c_Ack)
    I2c_Ack                                  0x0800064d   Thumb Code    52  i2c.o(i.I2c_Ack)
    i.I2c_Init                               0x08000688   Section        0  i2c.o(i.I2c_Init)
    i.I2c_NoAck                              0x080006b0   Section        0  i2c.o(i.I2c_NoAck)
    I2c_NoAck                                0x080006b1   Thumb Code    52  i2c.o(i.I2c_NoAck)
    i.I2c_ReadByte                           0x080006ec   Section        0  i2c.o(i.I2c_ReadByte)
    I2c_ReadByte                             0x080006ed   Thumb Code    90  i2c.o(i.I2c_ReadByte)
    i.I2c_SendByte                           0x08000750   Section        0  i2c.o(i.I2c_SendByte)
    I2c_SendByte                             0x08000751   Thumb Code    90  i2c.o(i.I2c_SendByte)
    i.I2c_Start                              0x080007b4   Section        0  i2c.o(i.I2c_Start)
    I2c_Start                                0x080007b5   Thumb Code    88  i2c.o(i.I2c_Start)
    i.I2c_Stop                               0x08000814   Section        0  i2c.o(i.I2c_Stop)
    I2c_Stop                                 0x08000815   Thumb Code    52  i2c.o(i.I2c_Stop)
    i.I2c_WaitAck                            0x08000850   Section        0  i2c.o(i.I2c_WaitAck)
    I2c_WaitAck                              0x08000851   Thumb Code    78  i2c.o(i.I2c_WaitAck)
    i.I2c_delay                              0x080008a8   Section        0  i2c.o(i.I2c_delay)
    I2c_delay                                0x080008a9   Thumb Code    16  i2c.o(i.I2c_delay)
    i.LED_GPIO_Config                        0x080008b8   Section        0  led.o(i.LED_GPIO_Config)
    i.MemManage_Handler                      0x080008e8   Section        0  stm32f10x_it.o(i.MemManage_Handler)
    i.Moto_Init                              0x080008ec   Section        0  motordriver.o(i.Moto_Init)
    i.Motor_GPIO                             0x080008f8   Section        0  motordriver.o(i.Motor_GPIO)
    Motor_GPIO                               0x080008f9   Thumb Code    44  motordriver.o(i.Motor_GPIO)
    i.NMI_Handler                            0x08000928   Section        0  stm32f10x_it.o(i.NMI_Handler)
    i.NVIC_Init                              0x0800092c   Section        0  misc.o(i.NVIC_Init)
    i.PendSV_Handler                         0x080009b8   Section        0  stm32f10x_it.o(i.PendSV_Handler)
    i.RCC_APB1PeriphClockCmd                 0x080009bc   Section        0  stm32f10x_rcc.o(i.RCC_APB1PeriphClockCmd)
    i.RCC_APB2PeriphClockCmd                 0x080009e0   Section        0  stm32f10x_rcc.o(i.RCC_APB2PeriphClockCmd)
    i.SVC_Handler                            0x08000a04   Section        0  stm32f10x_it.o(i.SVC_Handler)
    i.SetSysClock                            0x08000a06   Section        0  system_stm32f10x.o(i.SetSysClock)
    SetSysClock                              0x08000a07   Thumb Code     8  system_stm32f10x.o(i.SetSysClock)
    i.SetSysClockTo72                        0x08000a10   Section        0  system_stm32f10x.o(i.SetSysClockTo72)
    SetSysClockTo72                          0x08000a11   Thumb Code   200  system_stm32f10x.o(i.SetSysClockTo72)
    i.SysTick_Handler                        0x08000ae0   Section        0  time.o(i.SysTick_Handler)
    i.SystemInit                             0x08000b10   Section        0  system_stm32f10x.o(i.SystemInit)
    i.Systick_Init                           0x08000b74   Section        0  time.o(i.Systick_Init)
    i.TIM2_Config                            0x08000c48   Section        0  motordriver.o(i.TIM2_Config)
    TIM2_Config                              0x08000c49   Thumb Code   166  motordriver.o(i.TIM2_Config)
    i.TIM3_IRQHandler                        0x08000cf0   Section        0  time.o(i.TIM3_IRQHandler)
    i.TIM_ARRPreloadConfig                   0x08000d0c   Section        0  stm32f10x_tim.o(i.TIM_ARRPreloadConfig)
    i.TIM_ClearITPendingBit                  0x08000d26   Section        0  stm32f10x_tim.o(i.TIM_ClearITPendingBit)
    i.TIM_Cmd                                0x08000d2e   Section        0  stm32f10x_tim.o(i.TIM_Cmd)
    i.TIM_GetITStatus                        0x08000d48   Section        0  stm32f10x_tim.o(i.TIM_GetITStatus)
    i.TIM_ITConfig                           0x08000d70   Section        0  stm32f10x_tim.o(i.TIM_ITConfig)
    i.TIM_OC1Init                            0x08000d90   Section        0  stm32f10x_tim.o(i.TIM_OC1Init)
    i.TIM_OC1PreloadConfig                   0x08000e4c   Section        0  stm32f10x_tim.o(i.TIM_OC1PreloadConfig)
    i.TIM_OC2Init                            0x08000e64   Section        0  stm32f10x_tim.o(i.TIM_OC2Init)
    i.TIM_OC2PreloadConfig                   0x08000f20   Section        0  stm32f10x_tim.o(i.TIM_OC2PreloadConfig)
    i.TIM_OC3Init                            0x08000f3c   Section        0  stm32f10x_tim.o(i.TIM_OC3Init)
    i.TIM_OC3PreloadConfig                   0x08000ff4   Section        0  stm32f10x_tim.o(i.TIM_OC3PreloadConfig)
    i.TIM_OC4Init                            0x0800100c   Section        0  stm32f10x_tim.o(i.TIM_OC4Init)
    i.TIM_OC4PreloadConfig                   0x08001094   Section        0  stm32f10x_tim.o(i.TIM_OC4PreloadConfig)
    i.TIM_TimeBaseInit                       0x080010b0   Section        0  stm32f10x_tim.o(i.TIM_TimeBaseInit)
    i.Timer3_init                            0x08001160   Section        0  time.o(i.Timer3_init)
    i.UsageFault_Handler                     0x080011c8   Section        0  stm32f10x_it.o(i.UsageFault_Handler)
    i.__ARM_fpclassify                       0x080011cc   Section        0  fpclassify.o(i.__ARM_fpclassify)
    i.__kernel_poly                          0x080011f4   Section        0  poly.o(i.__kernel_poly)
    i.__mathlib_dbl_underflow                0x080012a0   Section        0  dunder.o(i.__mathlib_dbl_underflow)
    i.accel_self_test                        0x080012b0   Section        0  inv_mpu.o(i.accel_self_test)
    accel_self_test                          0x080012b1   Thumb Code   178  inv_mpu.o(i.accel_self_test)
    i.asin                                   0x08001368   Section        0  asin.o(i.asin)
    i.atan                                   0x080015e8   Section        0  atan.o(i.atan)
    i.atan2                                  0x0800180c   Section        0  atan2.o(i.atan2)
    i.bsp_init                               0x0800198c   Section        0  bsp.o(i.bsp_init)
    i.decode_gesture                         0x080019b0   Section        0  inv_mpu_dmp_motion_driver.o(i.decode_gesture)
    decode_gesture                           0x080019b1   Thumb Code   102  inv_mpu_dmp_motion_driver.o(i.decode_gesture)
    i.dmp_enable_6x_lp_quat                  0x08001a1c   Section        0  inv_mpu_dmp_motion_driver.o(i.dmp_enable_6x_lp_quat)
    i.dmp_enable_feature                     0x08001a60   Section        0  inv_mpu_dmp_motion_driver.o(i.dmp_enable_feature)
    i.dmp_enable_gyro_cal                    0x08001cc8   Section        0  inv_mpu_dmp_motion_driver.o(i.dmp_enable_gyro_cal)
    i.dmp_enable_lp_quat                     0x08001d20   Section        0  inv_mpu_dmp_motion_driver.o(i.dmp_enable_lp_quat)
    i.dmp_load_motion_driver_firmware        0x08001d64   Section        0  inv_mpu_dmp_motion_driver.o(i.dmp_load_motion_driver_firmware)
    i.dmp_read_fifo                          0x08001d7c   Section        0  inv_mpu_dmp_motion_driver.o(i.dmp_read_fifo)
    i.dmp_set_accel_bias                     0x08001f88   Section        0  inv_mpu_dmp_motion_driver.o(i.dmp_set_accel_bias)
    i.dmp_set_fifo_rate                      0x080020f0   Section        0  inv_mpu_dmp_motion_driver.o(i.dmp_set_fifo_rate)
    i.dmp_set_gyro_bias                      0x08002168   Section        0  inv_mpu_dmp_motion_driver.o(i.dmp_set_gyro_bias)
    i.dmp_set_orientation                    0x080022c4   Section        0  inv_mpu_dmp_motion_driver.o(i.dmp_set_orientation)
    i.dmp_set_shake_reject_thresh            0x080023fc   Section        0  inv_mpu_dmp_motion_driver.o(i.dmp_set_shake_reject_thresh)
    i.dmp_set_shake_reject_time              0x0800243c   Section        0  inv_mpu_dmp_motion_driver.o(i.dmp_set_shake_reject_time)
    i.dmp_set_shake_reject_timeout           0x08002468   Section        0  inv_mpu_dmp_motion_driver.o(i.dmp_set_shake_reject_timeout)
    i.dmp_set_tap_axes                       0x08002494   Section        0  inv_mpu_dmp_motion_driver.o(i.dmp_set_tap_axes)
    i.dmp_set_tap_count                      0x080024dc   Section        0  inv_mpu_dmp_motion_driver.o(i.dmp_set_tap_count)
    i.dmp_set_tap_thresh                     0x0800250c   Section        0  inv_mpu_dmp_motion_driver.o(i.dmp_set_tap_thresh)
    i.dmp_set_tap_time                       0x080026b0   Section        0  inv_mpu_dmp_motion_driver.o(i.dmp_set_tap_time)
    i.dmp_set_tap_time_multi                 0x080026dc   Section        0  inv_mpu_dmp_motion_driver.o(i.dmp_set_tap_time_multi)
    i.get_accel_prod_shift                   0x08002708   Section        0  inv_mpu.o(i.get_accel_prod_shift)
    get_accel_prod_shift                     0x08002709   Thumb Code   180  inv_mpu.o(i.get_accel_prod_shift)
    i.get_st_biases                          0x080027c8   Section        0  inv_mpu.o(i.get_st_biases)
    get_st_biases                            0x080027c9   Thumb Code  1202  inv_mpu.o(i.get_st_biases)
    i.gyro_self_test                         0x08002c80   Section        0  inv_mpu.o(i.gyro_self_test)
    gyro_self_test                           0x08002c81   Thumb Code   278  inv_mpu.o(i.gyro_self_test)
    i.i2cRead                                0x08002da8   Section        0  i2c.o(i.i2cRead)
    i.i2cWriteBuffer                         0x08002e24   Section        0  i2c.o(i.i2cWriteBuffer)
    i.i2cread                                0x08002e8c   Section        0  i2c.o(i.i2cread)
    i.i2cwrite                               0x08002eb2   Section        0  i2c.o(i.i2cwrite)
    i.inv_orientation_matrix_to_scalar       0x08002ed8   Section        0  main.o(i.inv_orientation_matrix_to_scalar)
    inv_orientation_matrix_to_scalar         0x08002ed9   Thumb Code    44  main.o(i.inv_orientation_matrix_to_scalar)
    i.inv_row_2_scale                        0x08002f04   Section        0  main.o(i.inv_row_2_scale)
    inv_row_2_scale                          0x08002f05   Thumb Code    92  main.o(i.inv_row_2_scale)
    i.main                                   0x08002f60   Section        0  main.o(i.main)
    i.mpu_configure_fifo                     0x08003200   Section        0  inv_mpu.o(i.mpu_configure_fifo)
    i.mpu_get_accel_fsr                      0x08003274   Section        0  inv_mpu.o(i.mpu_get_accel_fsr)
    i.mpu_get_accel_sens                     0x080032cc   Section        0  inv_mpu.o(i.mpu_get_accel_sens)
    i.mpu_get_fifo_config                    0x08003320   Section        0  inv_mpu.o(i.mpu_get_fifo_config)
    i.mpu_get_gyro_fsr                       0x08003334   Section        0  inv_mpu.o(i.mpu_get_gyro_fsr)
    i.mpu_get_gyro_sens                      0x0800337c   Section        0  inv_mpu.o(i.mpu_get_gyro_sens)
    i.mpu_get_lpf                            0x080033cc   Section        0  inv_mpu.o(i.mpu_get_lpf)
    i.mpu_get_sample_rate                    0x08003428   Section        0  inv_mpu.o(i.mpu_get_sample_rate)
    i.mpu_init                               0x08003448   Section        0  inv_mpu.o(i.mpu_init)
    i.mpu_load_firmware                      0x08003608   Section        0  inv_mpu.o(i.mpu_load_firmware)
    i.mpu_lp_accel_mode                      0x080036d0   Section        0  inv_mpu.o(i.mpu_lp_accel_mode)
    i.mpu_read_fifo_stream                   0x080037d4   Section        0  inv_mpu.o(i.mpu_read_fifo_stream)
    i.mpu_read_mem                           0x0800389c   Section        0  inv_mpu.o(i.mpu_read_mem)
    i.mpu_reset_fifo                         0x0800391c   Section        0  inv_mpu.o(i.mpu_reset_fifo)
    i.mpu_run_self_test                      0x08003b00   Section        0  inv_mpu.o(i.mpu_run_self_test)
    i.mpu_set_accel_fsr                      0x08003c34   Section        0  inv_mpu.o(i.mpu_set_accel_fsr)
    i.mpu_set_bypass                         0x08003cc4   Section        0  inv_mpu.o(i.mpu_set_bypass)
    i.mpu_set_dmp_state                      0x08003e18   Section        0  inv_mpu.o(i.mpu_set_dmp_state)
    i.mpu_set_gyro_fsr                       0x08003eb0   Section        0  inv_mpu.o(i.mpu_set_gyro_fsr)
    i.mpu_set_int_latched                    0x08003f44   Section        0  inv_mpu.o(i.mpu_set_int_latched)
    i.mpu_set_lpf                            0x08003fb4   Section        0  inv_mpu.o(i.mpu_set_lpf)
    i.mpu_set_sample_rate                    0x08004044   Section        0  inv_mpu.o(i.mpu_set_sample_rate)
    i.mpu_set_sensors                        0x080040ec   Section        0  inv_mpu.o(i.mpu_set_sensors)
    i.mpu_write_mem                          0x080041d0   Section        0  inv_mpu.o(i.mpu_write_mem)
    i.run_self_test                          0x08004250   Section        0  main.o(i.run_self_test)
    run_self_test                            0x08004251   Thumb Code   144  main.o(i.run_self_test)
    i.set_int_enable                         0x080042e0   Section        0  inv_mpu.o(i.set_int_enable)
    set_int_enable                           0x080042e1   Thumb Code   146  inv_mpu.o(i.set_int_enable)
    i.sqrt                                   0x08004378   Section        0  sqrt.o(i.sqrt)
    i.time_nowMs                             0x080043c4   Section        0  time.o(i.time_nowMs)
    i.time_nowUs                             0x080043e8   Section        0  time.o(i.time_nowUs)
    x$fpl$d2f                                0x08004418   Section       98  d2f.o(x$fpl$d2f)
    x$fpl$dadd                               0x0800447c   Section      336  daddsub_clz.o(x$fpl$dadd)
    _dadd1                                   0x0800448d   Thumb Code     0  daddsub_clz.o(x$fpl$dadd)
    x$fpl$dcheck1                            0x080045cc   Section       16  dcheck1.o(x$fpl$dcheck1)
    x$fpl$ddiv                               0x080045dc   Section      688  ddiv.o(x$fpl$ddiv)
    ddiv_entry                               0x080045e3   Thumb Code     0  ddiv.o(x$fpl$ddiv)
    x$fpl$dfixu                              0x0800488c   Section       90  dfixu.o(x$fpl$dfixu)
    x$fpl$dfltu                              0x080048e6   Section       38  dflt_clz.o(x$fpl$dfltu)
    x$fpl$dmul                               0x0800490c   Section      340  dmul.o(x$fpl$dmul)
    x$fpl$dnaninf                            0x08004a60   Section      156  dnaninf.o(x$fpl$dnaninf)
    x$fpl$dretinf                            0x08004afc   Section       12  dretinf.o(x$fpl$dretinf)
    x$fpl$drsb                               0x08004b08   Section       22  daddsub_clz.o(x$fpl$drsb)
    x$fpl$dsqrt                              0x08004b20   Section      460  dsqrt_noumaal.o(x$fpl$dsqrt)
    x$fpl$dsub                               0x08004cec   Section      468  daddsub_clz.o(x$fpl$dsub)
    _dsub1                                   0x08004cfd   Thumb Code     0  daddsub_clz.o(x$fpl$dsub)
    x$fpl$f2d                                0x08004ec0   Section       86  f2d.o(x$fpl$f2d)
    x$fpl$fadd                               0x08004f18   Section      196  faddsub_clz.o(x$fpl$fadd)
    _fadd1                                   0x08004f27   Thumb Code     0  faddsub_clz.o(x$fpl$fadd)
    x$fpl$fcmpinf                            0x08004fdc   Section       24  fcmpi.o(x$fpl$fcmpinf)
    x$fpl$fdiv                               0x08004ff4   Section      388  fdiv.o(x$fpl$fdiv)
    _fdiv1                                   0x08004ff5   Thumb Code     0  fdiv.o(x$fpl$fdiv)
    x$fpl$feqf                               0x08005178   Section      104  feqf.o(x$fpl$feqf)
    x$fpl$ffix                               0x080051e0   Section       54  ffix.o(x$fpl$ffix)
    x$fpl$ffixu                              0x08005218   Section       62  ffixu.o(x$fpl$ffixu)
    x$fpl$fflt                               0x08005258   Section       48  fflt_clz.o(x$fpl$fflt)
    x$fpl$ffltu                              0x08005288   Section       38  fflt_clz.o(x$fpl$ffltu)
    x$fpl$fleqf                              0x080052b0   Section      104  fleqf.o(x$fpl$fleqf)
    x$fpl$fmul                               0x08005318   Section      258  fmul.o(x$fpl$fmul)
    x$fpl$fnaninf                            0x0800541a   Section      140  fnaninf.o(x$fpl$fnaninf)
    x$fpl$fpinit                             0x080054a6   Section       14  fpinit.o(x$fpl$fpinit)
    x$fpl$fretinf                            0x080054b4   Section       10  fretinf.o(x$fpl$fretinf)
    x$fpl$frleqf                             0x080054be   Section       98  frleqf.o(x$fpl$frleqf)
    x$fpl$fsub                               0x08005520   Section      234  faddsub_clz.o(x$fpl$fsub)
    _fsub1                                   0x0800552f   Thumb Code     0  faddsub_clz.o(x$fpl$fsub)
    x$fpl$retnan                             0x0800560a   Section      100  retnan.o(x$fpl$retnan)
    x$fpl$scalbn                             0x0800566e   Section       92  scalbn.o(x$fpl$scalbn)
    x$fpl$trapveneer                         0x080056ca   Section       48  trapv.o(x$fpl$trapveneer)
    x$fpl$usenofp                            0x080056fa   Section        0  usenofp.o(x$fpl$usenofp)
    .constdata                               0x080056fc   Section       80  inv_mpu.o(.constdata)
    .constdata                               0x0800574c   Section     3062  inv_mpu_dmp_motion_driver.o(.constdata)
    dmp_memory                               0x0800574c   Data        3062  inv_mpu_dmp_motion_driver.o(.constdata)
    .constdata                               0x08006348   Section       80  asin.o(.constdata)
    pS                                       0x08006348   Data          48  asin.o(.constdata)
    qS                                       0x08006378   Data          32  asin.o(.constdata)
    .constdata                               0x08006398   Section      152  atan.o(.constdata)
    atanhi                                   0x08006398   Data          32  atan.o(.constdata)
    atanlo                                   0x080063b8   Data          32  atan.o(.constdata)
    aTodd                                    0x080063d8   Data          40  atan.o(.constdata)
    aTeven                                   0x08006400   Data          48  atan.o(.constdata)
    .constdata                               0x08006430   Section        8  qnan.o(.constdata)
    .data                                    0x20000000   Section       20  system_stm32f10x.o(.data)
    .data                                    0x20000014   Section       52  main.o(.data)
    gyro_orientation                         0x20000014   Data           9  main.o(.data)
    .data                                    0x20000048   Section       16  time.o(.data)
    .data                                    0x20000058   Section       44  inv_mpu.o(.data)
    st                                       0x20000058   Data          44  inv_mpu.o(.data)
    .bss                                     0x20000084   Section       16  time.o(.bss)
    .bss                                     0x20000094   Section       16  inv_mpu_dmp_motion_driver.o(.bss)
    dmp                                      0x20000094   Data          16  inv_mpu_dmp_motion_driver.o(.bss)
    .bss                                     0x200000a4   Section       96  libspace.o(.bss)
    HEAP                                     0x20000108   Section      512  startup_stm32f10x_md.o(HEAP)
    Heap_Mem                                 0x20000108   Data         512  startup_stm32f10x_md.o(HEAP)
    STACK                                    0x20000308   Section     1024  startup_stm32f10x_md.o(STACK)
    Stack_Mem                                0x20000308   Data        1024  startup_stm32f10x_md.o(STACK)
    __initial_sp                             0x20000708   Data           0  startup_stm32f10x_md.o(STACK)

    Global Symbols

    Symbol Name                              Value     Ov Type        Size  Object(Section)

    BuildAttributes$$THM_ISAv4$P$D$K$B$S$PE$A:L22UL41UL21$X:L11$S22US41US21$IEEE1$IW$USESV6$~STKCKD$USESV7$~SHL$OTIME$ROPI$IEEEX$EBA8$UX$STANDARDLIB$REQ8$PRES8$EABIv2 0x00000000   Number         0  anon$$obj.o ABSOLUTE
    __ARM_use_no_argv                        0x00000000   Number         0  main.o ABSOLUTE
    __ARM_exceptions_init                     - Undefined Weak Reference
    __alloca_initialize                       - Undefined Weak Reference
    __cpp_initialize__aeabi_                  - Undefined Weak Reference
    __cxa_finalize                            - Undefined Weak Reference
    __rt_locale                               - Undefined Weak Reference
    __sigvec_lookup                           - Undefined Weak Reference
    _atexit_init                              - Undefined Weak Reference
    _call_atexit_fns                          - Undefined Weak Reference
    _clock_init                               - Undefined Weak Reference
    _fp_trap_init                             - Undefined Weak Reference
    _fp_trap_shutdown                         - Undefined Weak Reference
    _get_lc_collate                           - Undefined Weak Reference
    _get_lc_ctype                             - Undefined Weak Reference
    _get_lc_monetary                          - Undefined Weak Reference
    _get_lc_numeric                           - Undefined Weak Reference
    _get_lc_time                              - Undefined Weak Reference
    _getenv_init                              - Undefined Weak Reference
    _handle_redirection                       - Undefined Weak Reference
    _init_alloc                               - Undefined Weak Reference
    _init_user_alloc                          - Undefined Weak Reference
    _initio                                   - Undefined Weak Reference
    _rand_init                                - Undefined Weak Reference
    _signal_finish                            - Undefined Weak Reference
    _signal_init                              - Undefined Weak Reference
    _terminate_alloc                          - Undefined Weak Reference
    _terminate_user_alloc                     - Undefined Weak Reference
    _terminateio                              - Undefined Weak Reference
    __Vectors_Size                           0x000000ec   Number         0  startup_stm32f10x_md.o ABSOLUTE
    __Vectors                                0x08000000   Data           4  startup_stm32f10x_md.o(RESET)
    __Vectors_End                            0x080000ec   Data           0  startup_stm32f10x_md.o(RESET)
    __main                                   0x080000ed   Thumb Code     8  __main.o(!!!main)
    __scatterload                            0x080000f5   Thumb Code     0  __scatter.o(!!!scatter)
    __scatterload_rt2                        0x080000f5   Thumb Code    44  __scatter.o(!!!scatter)
    __scatterload_rt2_thumb_only             0x080000f5   Thumb Code     0  __scatter.o(!!!scatter)
    __scatterload_null                       0x08000103   Thumb Code     0  __scatter.o(!!!scatter)
    __scatterload_copy                       0x08000129   Thumb Code    26  __scatter_copy.o(!!handler_copy)
    __scatterload_zeroinit                   0x08000145   Thumb Code    28  __scatter_zi.o(!!handler_zi)
    __rt_lib_init                            0x08000161   Thumb Code     0  libinit.o(.ARM.Collect$$libinit$$00000000)
    __rt_lib_init_alloca_1                   0x08000167   Thumb Code     0  libinit2.o(.ARM.Collect$$libinit$$0000002A)
    __rt_lib_init_argv_1                     0x08000167   Thumb Code     0  libinit2.o(.ARM.Collect$$libinit$$00000028)
    __rt_lib_init_atexit_1                   0x08000167   Thumb Code     0  libinit2.o(.ARM.Collect$$libinit$$00000017)
    __rt_lib_init_clock_1                    0x08000167   Thumb Code     0  libinit2.o(.ARM.Collect$$libinit$$0000001D)
    __rt_lib_init_cpp_1                      0x08000167   Thumb Code     0  libinit2.o(.ARM.Collect$$libinit$$0000002E)
    __rt_lib_init_exceptions_1               0x08000167   Thumb Code     0  libinit2.o(.ARM.Collect$$libinit$$0000002C)
    __rt_lib_init_fp_trap_1                  0x08000167   Thumb Code     0  libinit2.o(.ARM.Collect$$libinit$$0000001B)
    __rt_lib_init_getenv_1                   0x08000167   Thumb Code     0  libinit2.o(.ARM.Collect$$libinit$$0000001F)
    __rt_lib_init_heap_1                     0x08000167   Thumb Code     0  libinit2.o(.ARM.Collect$$libinit$$00000006)
    __rt_lib_init_lc_collate_1               0x08000167   Thumb Code     0  libinit2.o(.ARM.Collect$$libinit$$0000000D)
    __rt_lib_init_lc_ctype_1                 0x08000167   Thumb Code     0  libinit2.o(.ARM.Collect$$libinit$$0000000F)
    __rt_lib_init_lc_monetary_1              0x08000167   Thumb Code     0  libinit2.o(.ARM.Collect$$libinit$$00000011)
    __rt_lib_init_lc_numeric_1               0x08000167   Thumb Code     0  libinit2.o(.ARM.Collect$$libinit$$00000013)
    __rt_lib_init_lc_time_1                  0x08000167   Thumb Code     0  libinit2.o(.ARM.Collect$$libinit$$00000015)
    __rt_lib_init_rand_1                     0x08000167   Thumb Code     0  libinit2.o(.ARM.Collect$$libinit$$0000000A)
    __rt_lib_init_return                     0x08000167   Thumb Code     0  libinit2.o(.ARM.Collect$$libinit$$0000002F)
    __rt_lib_init_signal_1                   0x08000167   Thumb Code     0  libinit2.o(.ARM.Collect$$libinit$$00000019)
    __rt_lib_init_stdio_1                    0x08000167   Thumb Code     0  libinit2.o(.ARM.Collect$$libinit$$00000021)
    __rt_lib_init_user_alloc_1               0x08000167   Thumb Code     0  libinit2.o(.ARM.Collect$$libinit$$00000008)
    __rt_lib_shutdown                        0x08000169   Thumb Code     0  libshutdown.o(.ARM.Collect$$libshutdown$$00000000)
    __rt_lib_shutdown_fp_trap_1              0x0800016b   Thumb Code     0  libshutdown2.o(.ARM.Collect$$libshutdown$$00000006)
    __rt_lib_shutdown_heap_1                 0x0800016b   Thumb Code     0  libshutdown2.o(.ARM.Collect$$libshutdown$$0000000E)
    __rt_lib_shutdown_return                 0x0800016b   Thumb Code     0  libshutdown2.o(.ARM.Collect$$libshutdown$$0000000F)
    __rt_lib_shutdown_signal_1               0x0800016b   Thumb Code     0  libshutdown2.o(.ARM.Collect$$libshutdown$$00000009)
    __rt_lib_shutdown_stdio_1                0x0800016b   Thumb Code     0  libshutdown2.o(.ARM.Collect$$libshutdown$$00000003)
    __rt_lib_shutdown_user_alloc_1           0x0800016b   Thumb Code     0  libshutdown2.o(.ARM.Collect$$libshutdown$$0000000B)
    __rt_entry                               0x0800016d   Thumb Code     0  rtentry.o(.ARM.Collect$$rtentry$$00000000)
    __rt_entry_presh_1                       0x0800016d   Thumb Code     0  rtentry2.o(.ARM.Collect$$rtentry$$00000002)
    __rt_entry_sh                            0x0800016d   Thumb Code     0  rtentry4.o(.ARM.Collect$$rtentry$$00000004)
    __rt_entry_li                            0x08000173   Thumb Code     0  rtentry2.o(.ARM.Collect$$rtentry$$0000000A)
    __rt_entry_postsh_1                      0x08000173   Thumb Code     0  rtentry2.o(.ARM.Collect$$rtentry$$00000009)
    __rt_entry_main                          0x08000177   Thumb Code     0  rtentry2.o(.ARM.Collect$$rtentry$$0000000D)
    __rt_entry_postli_1                      0x08000177   Thumb Code     0  rtentry2.o(.ARM.Collect$$rtentry$$0000000C)
    __rt_exit                                0x0800017f   Thumb Code     0  rtexit.o(.ARM.Collect$$rtexit$$00000000)
    __rt_exit_ls                             0x08000181   Thumb Code     0  rtexit2.o(.ARM.Collect$$rtexit$$00000003)
    __rt_exit_prels_1                        0x08000181   Thumb Code     0  rtexit2.o(.ARM.Collect$$rtexit$$00000002)
    __rt_exit_exit                           0x08000185   Thumb Code     0  rtexit2.o(.ARM.Collect$$rtexit$$00000004)
    Reset_Handler                            0x0800018d   Thumb Code     8  startup_stm32f10x_md.o(.text)
    ADC1_2_IRQHandler                        0x080001a7   Thumb Code     0  startup_stm32f10x_md.o(.text)
    CAN1_RX1_IRQHandler                      0x080001a7   Thumb Code     0  startup_stm32f10x_md.o(.text)
    CAN1_SCE_IRQHandler                      0x080001a7   Thumb Code     0  startup_stm32f10x_md.o(.text)
    DMA1_Channel1_IRQHandler                 0x080001a7   Thumb Code     0  startup_stm32f10x_md.o(.text)
    DMA1_Channel2_IRQHandler                 0x080001a7   Thumb Code     0  startup_stm32f10x_md.o(.text)
    DMA1_Channel3_IRQHandler                 0x080001a7   Thumb Code     0  startup_stm32f10x_md.o(.text)
    DMA1_Channel4_IRQHandler                 0x080001a7   Thumb Code     0  startup_stm32f10x_md.o(.text)
    DMA1_Channel5_IRQHandler                 0x080001a7   Thumb Code     0  startup_stm32f10x_md.o(.text)
    DMA1_Channel6_IRQHandler                 0x080001a7   Thumb Code     0  startup_stm32f10x_md.o(.text)
    DMA1_Channel7_IRQHandler                 0x080001a7   Thumb Code     0  startup_stm32f10x_md.o(.text)
    EXTI0_IRQHandler                         0x080001a7   Thumb Code     0  startup_stm32f10x_md.o(.text)
    EXTI15_10_IRQHandler                     0x080001a7   Thumb Code     0  startup_stm32f10x_md.o(.text)
    EXTI1_IRQHandler                         0x080001a7   Thumb Code     0  startup_stm32f10x_md.o(.text)
    EXTI2_IRQHandler                         0x080001a7   Thumb Code     0  startup_stm32f10x_md.o(.text)
    EXTI3_IRQHandler                         0x080001a7   Thumb Code     0  startup_stm32f10x_md.o(.text)
    EXTI4_IRQHandler                         0x080001a7   Thumb Code     0  startup_stm32f10x_md.o(.text)
    EXTI9_5_IRQHandler                       0x080001a7   Thumb Code     0  startup_stm32f10x_md.o(.text)
    FLASH_IRQHandler                         0x080001a7   Thumb Code     0  startup_stm32f10x_md.o(.text)
    I2C1_ER_IRQHandler                       0x080001a7   Thumb Code     0  startup_stm32f10x_md.o(.text)
    I2C1_EV_IRQHandler                       0x080001a7   Thumb Code     0  startup_stm32f10x_md.o(.text)
    I2C2_ER_IRQHandler                       0x080001a7   Thumb Code     0  startup_stm32f10x_md.o(.text)
    I2C2_EV_IRQHandler                       0x080001a7   Thumb Code     0  startup_stm32f10x_md.o(.text)
    PVD_IRQHandler                           0x080001a7   Thumb Code     0  startup_stm32f10x_md.o(.text)
    RCC_IRQHandler                           0x080001a7   Thumb Code     0  startup_stm32f10x_md.o(.text)
    RTCAlarm_IRQHandler                      0x080001a7   Thumb Code     0  startup_stm32f10x_md.o(.text)
    RTC_IRQHandler                           0x080001a7   Thumb Code     0  startup_stm32f10x_md.o(.text)
    SPI1_IRQHandler                          0x080001a7   Thumb Code     0  startup_stm32f10x_md.o(.text)
    SPI2_IRQHandler                          0x080001a7   Thumb Code     0  startup_stm32f10x_md.o(.text)
    TAMPER_IRQHandler                        0x080001a7   Thumb Code     0  startup_stm32f10x_md.o(.text)
    TIM1_BRK_IRQHandler                      0x080001a7   Thumb Code     0  startup_stm32f10x_md.o(.text)
    TIM1_CC_IRQHandler                       0x080001a7   Thumb Code     0  startup_stm32f10x_md.o(.text)
    TIM1_TRG_COM_IRQHandler                  0x080001a7   Thumb Code     0  startup_stm32f10x_md.o(.text)
    TIM1_UP_IRQHandler                       0x080001a7   Thumb Code     0  startup_stm32f10x_md.o(.text)
    TIM2_IRQHandler                          0x080001a7   Thumb Code     0  startup_stm32f10x_md.o(.text)
    TIM4_IRQHandler                          0x080001a7   Thumb Code     0  startup_stm32f10x_md.o(.text)
    USART1_IRQHandler                        0x080001a7   Thumb Code     0  startup_stm32f10x_md.o(.text)
    USART2_IRQHandler                        0x080001a7   Thumb Code     0  startup_stm32f10x_md.o(.text)
    USART3_IRQHandler                        0x080001a7   Thumb Code     0  startup_stm32f10x_md.o(.text)
    USBWakeUp_IRQHandler                     0x080001a7   Thumb Code     0  startup_stm32f10x_md.o(.text)
    USB_HP_CAN1_TX_IRQHandler                0x080001a7   Thumb Code     0  startup_stm32f10x_md.o(.text)
    USB_LP_CAN1_RX0_IRQHandler               0x080001a7   Thumb Code     0  startup_stm32f10x_md.o(.text)
    WWDG_IRQHandler                          0x080001a7   Thumb Code     0  startup_stm32f10x_md.o(.text)
    __user_initial_stackheap                 0x080001a9   Thumb Code     0  startup_stm32f10x_md.o(.text)
    __aeabi_llsl                             0x080001cd   Thumb Code     0  llshl.o(.text)
    _ll_shift_l                              0x080001cd   Thumb Code    38  llshl.o(.text)
    __aeabi_lasr                             0x080001f3   Thumb Code     0  llsshr.o(.text)
    _ll_sshift_r                             0x080001f3   Thumb Code    38  llsshr.o(.text)
    __aeabi_ldivmod                          0x08000219   Thumb Code     0  llsdiv.o(.text)
    _ll_sdiv                                 0x08000219   Thumb Code    72  llsdiv.o(.text)
    memcmp                                   0x08000261   Thumb Code    88  memcmp.o(.text)
    __aeabi_memset                           0x080002b9   Thumb Code    16  aeabi_memset.o(.text)
    __use_two_region_memory                  0x080002c9   Thumb Code     2  heapauxi.o(.text)
    __rt_heap_escrow$2region                 0x080002cb   Thumb Code     2  heapauxi.o(.text)
    __rt_heap_expand$2region                 0x080002cd   Thumb Code     2  heapauxi.o(.text)
    __aeabi_uldivmod                         0x080002cf   Thumb Code     0  lludivv7m.o(.text)
    _ll_udiv                                 0x080002cf   Thumb Code   238  lludivv7m.o(.text)
    __read_errno                             0x080003bd   Thumb Code    10  _rserrno.o(.text)
    __set_errno                              0x080003c7   Thumb Code    12  _rserrno.o(.text)
    __aeabi_memclr                           0x080003d3   Thumb Code     0  rt_memclr.o(.text)
    __rt_memclr                              0x080003d3   Thumb Code    68  rt_memclr.o(.text)
    _memset                                  0x080003d7   Thumb Code     0  rt_memclr.o(.text)
    __aeabi_errno_addr                       0x08000419   Thumb Code     8  rt_errno_addr_intlibspace.o(.text)
    __errno$intlibspace                      0x08000419   Thumb Code     0  rt_errno_addr_intlibspace.o(.text)
    __rt_errno_addr$intlibspace              0x08000419   Thumb Code     0  rt_errno_addr_intlibspace.o(.text)
    __aeabi_memclr4                          0x08000421   Thumb Code     0  rt_memclr_w.o(.text)
    __aeabi_memclr8                          0x08000421   Thumb Code     0  rt_memclr_w.o(.text)
    __rt_memclr_w                            0x08000421   Thumb Code    78  rt_memclr_w.o(.text)
    _memset_w                                0x08000425   Thumb Code     0  rt_memclr_w.o(.text)
    __user_libspace                          0x08000471   Thumb Code     8  libspace.o(.text)
    __user_perproc_libspace                  0x08000471   Thumb Code     0  libspace.o(.text)
    __user_perthread_libspace                0x08000471   Thumb Code     0  libspace.o(.text)
    __user_setup_stackheap                   0x08000479   Thumb Code    74  sys_stackheap_outer.o(.text)
    exit                                     0x080004c3   Thumb Code    12  exit.o(.text)
    __rt_fp_status_addr                      0x080004d1   Thumb Code     8  rt_fp_status_addr_intlibspace.o(.text)
    _sys_exit                                0x080004d9   Thumb Code     8  sys_exit.o(.text)
    __I$use$semihosting                      0x080004e5   Thumb Code     0  use_no_semi.o(.text)
    __use_no_semihosting_swi                 0x080004e5   Thumb Code     2  use_no_semi.o(.text)
    BusFault_Handler                         0x080004e7   Thumb Code     4  stm32f10x_it.o(i.BusFault_Handler)
    __semihosting_library_function           0x080004e7   Thumb Code     0  indicate_semi.o(.text)
    DebugMon_Handler                         0x080004eb   Thumb Code     2  stm32f10x_it.o(i.DebugMon_Handler)
    Delay_ms                                 0x080004ed   Thumb Code    18  time.o(i.Delay_ms)
    Delay_us                                 0x080004ff   Thumb Code    36  time.o(i.Delay_us)
    GPIO_Init                                0x08000523   Thumb Code   292  stm32f10x_gpio.o(i.GPIO_Init)
    HardFault_Handler                        0x08000647   Thumb Code     4  stm32f10x_it.o(i.HardFault_Handler)
    I2c_Init                                 0x08000689   Thumb Code    36  i2c.o(i.I2c_Init)
    LED_GPIO_Config                          0x080008b9   Thumb Code    44  led.o(i.LED_GPIO_Config)
    MemManage_Handler                        0x080008e9   Thumb Code     4  stm32f10x_it.o(i.MemManage_Handler)
    Moto_Init                                0x080008ed   Thumb Code    12  motordriver.o(i.Moto_Init)
    NMI_Handler                              0x08000929   Thumb Code     2  stm32f10x_it.o(i.NMI_Handler)
    NVIC_Init                                0x0800092d   Thumb Code   128  misc.o(i.NVIC_Init)
    PendSV_Handler                           0x080009b9   Thumb Code     2  stm32f10x_it.o(i.PendSV_Handler)
    RCC_APB1PeriphClockCmd                   0x080009bd   Thumb Code    30  stm32f10x_rcc.o(i.RCC_APB1PeriphClockCmd)
    RCC_APB2PeriphClockCmd                   0x080009e1   Thumb Code    30  stm32f10x_rcc.o(i.RCC_APB2PeriphClockCmd)
    SVC_Handler                              0x08000a05   Thumb Code     2  stm32f10x_it.o(i.SVC_Handler)
    SysTick_Handler                          0x08000ae1   Thumb Code    38  time.o(i.SysTick_Handler)
    SystemInit                               0x08000b11   Thumb Code    82  system_stm32f10x.o(i.SystemInit)
    Systick_Init                             0x08000b75   Thumb Code   186  time.o(i.Systick_Init)
    TIM3_IRQHandler                          0x08000cf1   Thumb Code    22  time.o(i.TIM3_IRQHandler)
    TIM_ARRPreloadConfig                     0x08000d0d   Thumb Code    26  stm32f10x_tim.o(i.TIM_ARRPreloadConfig)
    TIM_ClearITPendingBit                    0x08000d27   Thumb Code     8  stm32f10x_tim.o(i.TIM_ClearITPendingBit)
    TIM_Cmd                                  0x08000d2f   Thumb Code    26  stm32f10x_tim.o(i.TIM_Cmd)
    TIM_GetITStatus                          0x08000d49   Thumb Code    40  stm32f10x_tim.o(i.TIM_GetITStatus)
    TIM_ITConfig                             0x08000d71   Thumb Code    30  stm32f10x_tim.o(i.TIM_ITConfig)
    TIM_OC1Init                              0x08000d91   Thumb Code   168  stm32f10x_tim.o(i.TIM_OC1Init)
    TIM_OC1PreloadConfig                     0x08000e4d   Thumb Code    24  stm32f10x_tim.o(i.TIM_OC1PreloadConfig)
    TIM_OC2Init                              0x08000e65   Thumb Code   178  stm32f10x_tim.o(i.TIM_OC2Init)
    TIM_OC2PreloadConfig                     0x08000f21   Thumb Code    28  stm32f10x_tim.o(i.TIM_OC2PreloadConfig)
    TIM_OC3Init                              0x08000f3d   Thumb Code   174  stm32f10x_tim.o(i.TIM_OC3Init)
    TIM_OC3PreloadConfig                     0x08000ff5   Thumb Code    24  stm32f10x_tim.o(i.TIM_OC3PreloadConfig)
    TIM_OC4Init                              0x0800100d   Thumb Code   126  stm32f10x_tim.o(i.TIM_OC4Init)
    TIM_OC4PreloadConfig                     0x08001095   Thumb Code    28  stm32f10x_tim.o(i.TIM_OC4PreloadConfig)
    TIM_TimeBaseInit                         0x080010b1   Thumb Code   134  stm32f10x_tim.o(i.TIM_TimeBaseInit)
    Timer3_init                              0x08001161   Thumb Code   100  time.o(i.Timer3_init)
    UsageFault_Handler                       0x080011c9   Thumb Code     4  stm32f10x_it.o(i.UsageFault_Handler)
    __ARM_fpclassify                         0x080011cd   Thumb Code    40  fpclassify.o(i.__ARM_fpclassify)
    __kernel_poly                            0x080011f5   Thumb Code   170  poly.o(i.__kernel_poly)
    __mathlib_dbl_underflow                  0x080012a1   Thumb Code    10  dunder.o(i.__mathlib_dbl_underflow)
    asin                                     0x08001369   Thumb Code   586  asin.o(i.asin)
    atan                                     0x080015e9   Thumb Code   480  atan.o(i.atan)
    atan2                                    0x0800180d   Thumb Code   346  atan2.o(i.atan2)
    bsp_init                                 0x0800198d   Thumb Code    34  bsp.o(i.bsp_init)
    dmp_enable_6x_lp_quat                    0x08001a1d   Thumb Code    68  inv_mpu_dmp_motion_driver.o(i.dmp_enable_6x_lp_quat)
    dmp_enable_feature                       0x08001a61   Thumb Code   606  inv_mpu_dmp_motion_driver.o(i.dmp_enable_feature)
    dmp_enable_gyro_cal                      0x08001cc9   Thumb Code    62  inv_mpu_dmp_motion_driver.o(i.dmp_enable_gyro_cal)
    dmp_enable_lp_quat                       0x08001d21   Thumb Code    68  inv_mpu_dmp_motion_driver.o(i.dmp_enable_lp_quat)
    dmp_load_motion_driver_firmware          0x08001d65   Thumb Code    20  inv_mpu_dmp_motion_driver.o(i.dmp_load_motion_driver_firmware)
    dmp_read_fifo                            0x08001d7d   Thumb Code   518  inv_mpu_dmp_motion_driver.o(i.dmp_read_fifo)
    dmp_set_accel_bias                       0x08001f89   Thumb Code   354  inv_mpu_dmp_motion_driver.o(i.dmp_set_accel_bias)
    dmp_set_fifo_rate                        0x080020f1   Thumb Code   104  inv_mpu_dmp_motion_driver.o(i.dmp_set_fifo_rate)
    dmp_set_gyro_bias                        0x08002169   Thumb Code   340  inv_mpu_dmp_motion_driver.o(i.dmp_set_gyro_bias)
    dmp_set_orientation                      0x080022c5   Thumb Code   292  inv_mpu_dmp_motion_driver.o(i.dmp_set_orientation)
    dmp_set_shake_reject_thresh              0x080023fd   Thumb Code    64  inv_mpu_dmp_motion_driver.o(i.dmp_set_shake_reject_thresh)
    dmp_set_shake_reject_time                0x0800243d   Thumb Code    44  inv_mpu_dmp_motion_driver.o(i.dmp_set_shake_reject_time)
    dmp_set_shake_reject_timeout             0x08002469   Thumb Code    44  inv_mpu_dmp_motion_driver.o(i.dmp_set_shake_reject_timeout)
    dmp_set_tap_axes                         0x08002495   Thumb Code    72  inv_mpu_dmp_motion_driver.o(i.dmp_set_tap_axes)
    dmp_set_tap_count                        0x080024dd   Thumb Code    46  inv_mpu_dmp_motion_driver.o(i.dmp_set_tap_count)
    dmp_set_tap_thresh                       0x0800250d   Thumb Code   400  inv_mpu_dmp_motion_driver.o(i.dmp_set_tap_thresh)
    dmp_set_tap_time                         0x080026b1   Thumb Code    44  inv_mpu_dmp_motion_driver.o(i.dmp_set_tap_time)
    dmp_set_tap_time_multi                   0x080026dd   Thumb Code    44  inv_mpu_dmp_motion_driver.o(i.dmp_set_tap_time_multi)
    i2cRead                                  0x08002da9   Thumb Code   124  i2c.o(i.i2cRead)
    i2cWriteBuffer                           0x08002e25   Thumb Code   104  i2c.o(i.i2cWriteBuffer)
    i2cread                                  0x08002e8d   Thumb Code    38  i2c.o(i.i2cread)
    i2cwrite                                 0x08002eb3   Thumb Code    38  i2c.o(i.i2cwrite)
    main                                     0x08002f61   Thumb Code   632  main.o(i.main)
    mpu_configure_fifo                       0x08003201   Thumb Code   112  inv_mpu.o(i.mpu_configure_fifo)
    mpu_get_accel_fsr                        0x08003275   Thumb Code    84  inv_mpu.o(i.mpu_get_accel_fsr)
    mpu_get_accel_sens                       0x080032cd   Thumb Code    80  inv_mpu.o(i.mpu_get_accel_sens)
    mpu_get_fifo_config                      0x08003321   Thumb Code    14  inv_mpu.o(i.mpu_get_fifo_config)
    mpu_get_gyro_fsr                         0x08003335   Thumb Code    68  inv_mpu.o(i.mpu_get_gyro_fsr)
    mpu_get_gyro_sens                        0x0800337d   Thumb Code    58  inv_mpu.o(i.mpu_get_gyro_sens)
    mpu_get_lpf                              0x080033cd   Thumb Code    88  inv_mpu.o(i.mpu_get_lpf)
    mpu_get_sample_rate                      0x08003429   Thumb Code    26  inv_mpu.o(i.mpu_get_sample_rate)
    mpu_init                                 0x08003449   Thumb Code   442  inv_mpu.o(i.mpu_init)
    mpu_load_firmware                        0x08003609   Thumb Code   196  inv_mpu.o(i.mpu_load_firmware)
    mpu_lp_accel_mode                        0x080036d1   Thumb Code   256  inv_mpu.o(i.mpu_lp_accel_mode)
    mpu_read_fifo_stream                     0x080037d5   Thumb Code   194  inv_mpu.o(i.mpu_read_fifo_stream)
    mpu_read_mem                             0x0800389d   Thumb Code   124  inv_mpu.o(i.mpu_read_mem)
    mpu_reset_fifo                           0x0800391d   Thumb Code   480  inv_mpu.o(i.mpu_reset_fifo)
    mpu_run_self_test                        0x08003b01   Thumb Code   304  inv_mpu.o(i.mpu_run_self_test)
    mpu_set_accel_fsr                        0x08003c35   Thumb Code   138  inv_mpu.o(i.mpu_set_accel_fsr)
    mpu_set_bypass                           0x08003cc5   Thumb Code   336  inv_mpu.o(i.mpu_set_bypass)
    mpu_set_dmp_state                        0x08003e19   Thumb Code   148  inv_mpu.o(i.mpu_set_dmp_state)
    mpu_set_gyro_fsr                         0x08003eb1   Thumb Code   144  inv_mpu.o(i.mpu_set_gyro_fsr)
    mpu_set_int_latched                      0x08003f45   Thumb Code   106  inv_mpu.o(i.mpu_set_int_latched)
    mpu_set_lpf                              0x08003fb5   Thumb Code   138  inv_mpu.o(i.mpu_set_lpf)
    mpu_set_sample_rate                      0x08004045   Thumb Code   162  inv_mpu.o(i.mpu_set_sample_rate)
    mpu_set_sensors                          0x080040ed   Thumb Code   222  inv_mpu.o(i.mpu_set_sensors)
    mpu_write_mem                            0x080041d1   Thumb Code   124  inv_mpu.o(i.mpu_write_mem)
    sqrt                                     0x08004379   Thumb Code    76  sqrt.o(i.sqrt)
    time_nowMs                               0x080043c5   Thumb Code    30  time.o(i.time_nowMs)
    time_nowUs                               0x080043e9   Thumb Code    42  time.o(i.time_nowUs)
    __aeabi_d2f                              0x08004419   Thumb Code     0  d2f.o(x$fpl$d2f)
    _d2f                                     0x08004419   Thumb Code    98  d2f.o(x$fpl$d2f)
    __aeabi_dadd                             0x0800447d   Thumb Code     0  daddsub_clz.o(x$fpl$dadd)
    _dadd                                    0x0800447d   Thumb Code   332  daddsub_clz.o(x$fpl$dadd)
    __fpl_dcheck_NaN1                        0x080045cd   Thumb Code    10  dcheck1.o(x$fpl$dcheck1)
    __aeabi_ddiv                             0x080045dd   Thumb Code     0  ddiv.o(x$fpl$ddiv)
    _ddiv                                    0x080045dd   Thumb Code   552  ddiv.o(x$fpl$ddiv)
    __aeabi_d2uiz                            0x0800488d   Thumb Code     0  dfixu.o(x$fpl$dfixu)
    _dfixu                                   0x0800488d   Thumb Code    90  dfixu.o(x$fpl$dfixu)
    __aeabi_ui2d                             0x080048e7   Thumb Code     0  dflt_clz.o(x$fpl$dfltu)
    _dfltu                                   0x080048e7   Thumb Code    38  dflt_clz.o(x$fpl$dfltu)
    __aeabi_dmul                             0x0800490d   Thumb Code     0  dmul.o(x$fpl$dmul)
    _dmul                                    0x0800490d   Thumb Code   332  dmul.o(x$fpl$dmul)
    __fpl_dnaninf                            0x08004a61   Thumb Code   156  dnaninf.o(x$fpl$dnaninf)
    __fpl_dretinf                            0x08004afd   Thumb Code    12  dretinf.o(x$fpl$dretinf)
    __aeabi_drsub                            0x08004b09   Thumb Code     0  daddsub_clz.o(x$fpl$drsb)
    _drsb                                    0x08004b09   Thumb Code    22  daddsub_clz.o(x$fpl$drsb)
    _dsqrt                                   0x08004b21   Thumb Code   456  dsqrt_noumaal.o(x$fpl$dsqrt)
    __aeabi_dsub                             0x08004ced   Thumb Code     0  daddsub_clz.o(x$fpl$dsub)
    _dsub                                    0x08004ced   Thumb Code   464  daddsub_clz.o(x$fpl$dsub)
    __aeabi_f2d                              0x08004ec1   Thumb Code     0  f2d.o(x$fpl$f2d)
    _f2d                                     0x08004ec1   Thumb Code    86  f2d.o(x$fpl$f2d)
    __aeabi_fadd                             0x08004f19   Thumb Code     0  faddsub_clz.o(x$fpl$fadd)
    _fadd                                    0x08004f19   Thumb Code   196  faddsub_clz.o(x$fpl$fadd)
    __fpl_fcmp_Inf                           0x08004fdd   Thumb Code    24  fcmpi.o(x$fpl$fcmpinf)
    __aeabi_fdiv                             0x08004ff5   Thumb Code     0  fdiv.o(x$fpl$fdiv)
    _fdiv                                    0x08004ff5   Thumb Code   384  fdiv.o(x$fpl$fdiv)
    __aeabi_cfcmpeq                          0x08005179   Thumb Code     0  feqf.o(x$fpl$feqf)
    _fcmpeq                                  0x08005179   Thumb Code   104  feqf.o(x$fpl$feqf)
    __aeabi_f2iz                             0x080051e1   Thumb Code     0  ffix.o(x$fpl$ffix)
    _ffix                                    0x080051e1   Thumb Code    54  ffix.o(x$fpl$ffix)
    __aeabi_f2uiz                            0x08005219   Thumb Code     0  ffixu.o(x$fpl$ffixu)
    _ffixu                                   0x08005219   Thumb Code    62  ffixu.o(x$fpl$ffixu)
    __aeabi_i2f                              0x08005259   Thumb Code     0  fflt_clz.o(x$fpl$fflt)
    _fflt                                    0x08005259   Thumb Code    48  fflt_clz.o(x$fpl$fflt)
    __aeabi_ui2f                             0x08005289   Thumb Code     0  fflt_clz.o(x$fpl$ffltu)
    _ffltu                                   0x08005289   Thumb Code    38  fflt_clz.o(x$fpl$ffltu)
    __aeabi_cfcmple                          0x080052b1   Thumb Code     0  fleqf.o(x$fpl$fleqf)
    _fcmple                                  0x080052b1   Thumb Code   104  fleqf.o(x$fpl$fleqf)
    __fpl_fcmple_InfNaN                      0x08005303   Thumb Code     0  fleqf.o(x$fpl$fleqf)
    __aeabi_fmul                             0x08005319   Thumb Code     0  fmul.o(x$fpl$fmul)
    _fmul                                    0x08005319   Thumb Code   258  fmul.o(x$fpl$fmul)
    __fpl_fnaninf                            0x0800541b   Thumb Code   140  fnaninf.o(x$fpl$fnaninf)
    _fp_init                                 0x080054a7   Thumb Code    14  fpinit.o(x$fpl$fpinit)
    __fplib_config_pureend_doubles           0x080054b3   Thumb Code     0  fpinit.o(x$fpl$fpinit)
    __fpl_fretinf                            0x080054b5   Thumb Code    10  fretinf.o(x$fpl$fretinf)
    __aeabi_cfrcmple                         0x080054bf   Thumb Code     0  frleqf.o(x$fpl$frleqf)
    _frcmple                                 0x080054bf   Thumb Code    98  frleqf.o(x$fpl$frleqf)
    __aeabi_fsub                             0x08005521   Thumb Code     0  faddsub_clz.o(x$fpl$fsub)
    _fsub                                    0x08005521   Thumb Code   234  faddsub_clz.o(x$fpl$fsub)
    __fpl_return_NaN                         0x0800560b   Thumb Code   100  retnan.o(x$fpl$retnan)
    __ARM_scalbn                             0x0800566f   Thumb Code    92  scalbn.o(x$fpl$scalbn)
    __fpl_cmpreturn                          0x080056cb   Thumb Code    48  trapv.o(x$fpl$trapveneer)
    __I$use$fp                               0x080056fb   Thumb Code     0  usenofp.o(x$fpl$usenofp)
    hw                                       0x080056fc   Data          12  inv_mpu.o(.constdata)
    reg                                      0x08005708   Data          27  inv_mpu.o(.constdata)
    test                                     0x08005724   Data          40  inv_mpu.o(.constdata)
    __mathlib_zero                           0x08006430   Data           8  qnan.o(.constdata)
    Region$$Table$$Base                      0x08006438   Number         0  anon$$obj.o(Region$$Table)
    Region$$Table$$Limit                     0x08006458   Number         0  anon$$obj.o(Region$$Table)
    SystemCoreClock                          0x20000000   Data           4  system_stm32f10x.o(.data)
    AHBPrescTable                            0x20000004   Data          16  system_stm32f10x.o(.data)
    q0                                       0x20000020   Data           4  main.o(.data)
    q1                                       0x20000024   Data           4  main.o(.data)
    q2                                       0x20000028   Data           4  main.o(.data)
    q3                                       0x2000002c   Data           4  main.o(.data)
    tempfsdfsdf                              0x20000030   Data           4  main.o(.data)
    rx_new                                   0x20000034   Data           1  main.o(.data)
    result                                   0x20000038   Data           4  main.o(.data)
    Yaw                                      0x2000003c   Data           4  main.o(.data)
    Roll                                     0x20000040   Data           4  main.o(.data)
    Pitchad                                  0x20000044   Data           4  main.o(.data)
    System_uTime                             0x20000048   Data           8  time.o(.data)
    System_mTime                             0x20000050   Data           8  time.o(.data)
    time                                     0x20000084   Data          16  time.o(.bss)
    __libspace_start                         0x200000a4   Data          96  libspace.o(.bss)
    __temporary_stack_top$libspace           0x20000104   Data           0  libspace.o(.bss)



==============================================================================

Memory Map of the image

  Image Entry point : 0x0800018d

  Load Region LR_1 (Base: 0x08000000, Size: 0x000064dc, Max: 0xffffffff, ABSOLUTE)

    Execution Region ER_RO (Base: 0x08000000, Size: 0x00006458, Max: 0xffffffff, ABSOLUTE)

    Base Addr    Size         Type   Attr      Idx    E Section Name        Object

    0x08000000   0x000000ec   Data   RO          105    RESET               startup_stm32f10x_md.o
    0x080000ec   0x00000008   Code   RO         2298  * !!!main             c_w.l(__main.o)
    0x080000f4   0x00000034   Code   RO         2604    !!!scatter          c_w.l(__scatter.o)
    0x08000128   0x0000001a   Code   RO         2606    !!handler_copy      c_w.l(__scatter_copy.o)
    0x08000142   0x00000002   PAD
    0x08000144   0x0000001c   Code   RO         2608    !!handler_zi        c_w.l(__scatter_zi.o)
    0x08000160   0x00000006   Code   RO         2467    .ARM.Collect$$libinit$$00000000  c_w.l(libinit.o)
    0x08000166   0x00000000   Code   RO         2480    .ARM.Collect$$libinit$$00000006  c_w.l(libinit2.o)
    0x08000166   0x00000000   Code   RO         2482    .ARM.Collect$$libinit$$00000008  c_w.l(libinit2.o)
    0x08000166   0x00000000   Code   RO         2484    .ARM.Collect$$libinit$$0000000A  c_w.l(libinit2.o)
    0x08000166   0x00000000   Code   RO         2487    .ARM.Collect$$libinit$$0000000D  c_w.l(libinit2.o)
    0x08000166   0x00000000   Code   RO         2489    .ARM.Collect$$libinit$$0000000F  c_w.l(libinit2.o)
    0x08000166   0x00000000   Code   RO         2491    .ARM.Collect$$libinit$$00000011  c_w.l(libinit2.o)
    0x08000166   0x00000000   Code   RO         2493    .ARM.Collect$$libinit$$00000013  c_w.l(libinit2.o)
    0x08000166   0x00000000   Code   RO         2495    .ARM.Collect$$libinit$$00000015  c_w.l(libinit2.o)
    0x08000166   0x00000000   Code   RO         2497    .ARM.Collect$$libinit$$00000017  c_w.l(libinit2.o)
    0x08000166   0x00000000   Code   RO         2499    .ARM.Collect$$libinit$$00000019  c_w.l(libinit2.o)
    0x08000166   0x00000000   Code   RO         2501    .ARM.Collect$$libinit$$0000001B  c_w.l(libinit2.o)
    0x08000166   0x00000000   Code   RO         2503    .ARM.Collect$$libinit$$0000001D  c_w.l(libinit2.o)
    0x08000166   0x00000000   Code   RO         2505    .ARM.Collect$$libinit$$0000001F  c_w.l(libinit2.o)
    0x08000166   0x00000000   Code   RO         2507    .ARM.Collect$$libinit$$00000021  c_w.l(libinit2.o)
    0x08000166   0x00000000   Code   RO         2511    .ARM.Collect$$libinit$$00000028  c_w.l(libinit2.o)
    0x08000166   0x00000000   Code   RO         2513    .ARM.Collect$$libinit$$0000002A  c_w.l(libinit2.o)
    0x08000166   0x00000000   Code   RO         2515    .ARM.Collect$$libinit$$0000002C  c_w.l(libinit2.o)
    0x08000166   0x00000000   Code   RO         2517    .ARM.Collect$$libinit$$0000002E  c_w.l(libinit2.o)
    0x08000166   0x00000002   Code   RO         2518    .ARM.Collect$$libinit$$0000002F  c_w.l(libinit2.o)
    0x08000168   0x00000002   Code   RO         2555    .ARM.Collect$$libshutdown$$00000000  c_w.l(libshutdown.o)
    0x0800016a   0x00000000   Code   RO         2573    .ARM.Collect$$libshutdown$$00000003  c_w.l(libshutdown2.o)
    0x0800016a   0x00000000   Code   RO         2576    .ARM.Collect$$libshutdown$$00000006  c_w.l(libshutdown2.o)
    0x0800016a   0x00000000   Code   RO         2579    .ARM.Collect$$libshutdown$$00000009  c_w.l(libshutdown2.o)
    0x0800016a   0x00000000   Code   RO         2581    .ARM.Collect$$libshutdown$$0000000B  c_w.l(libshutdown2.o)
    0x0800016a   0x00000000   Code   RO         2584    .ARM.Collect$$libshutdown$$0000000E  c_w.l(libshutdown2.o)
    0x0800016a   0x00000002   Code   RO         2585    .ARM.Collect$$libshutdown$$0000000F  c_w.l(libshutdown2.o)
    0x0800016c   0x00000000   Code   RO         2370    .ARM.Collect$$rtentry$$00000000  c_w.l(rtentry.o)
    0x0800016c   0x00000000   Code   RO         2422    .ARM.Collect$$rtentry$$00000002  c_w.l(rtentry2.o)
    0x0800016c   0x00000006   Code   RO         2434    .ARM.Collect$$rtentry$$00000004  c_w.l(rtentry4.o)
    0x08000172   0x00000000   Code   RO         2424    .ARM.Collect$$rtentry$$00000009  c_w.l(rtentry2.o)
    0x08000172   0x00000004   Code   RO         2425    .ARM.Collect$$rtentry$$0000000A  c_w.l(rtentry2.o)
    0x08000176   0x00000000   Code   RO         2427    .ARM.Collect$$rtentry$$0000000C  c_w.l(rtentry2.o)
    0x08000176   0x00000008   Code   RO         2428    .ARM.Collect$$rtentry$$0000000D  c_w.l(rtentry2.o)
    0x0800017e   0x00000002   Code   RO         2472    .ARM.Collect$$rtexit$$00000000  c_w.l(rtexit.o)
    0x08000180   0x00000000   Code   RO         2524    .ARM.Collect$$rtexit$$00000002  c_w.l(rtexit2.o)
    0x08000180   0x00000004   Code   RO         2525    .ARM.Collect$$rtexit$$00000003  c_w.l(rtexit2.o)
    0x08000184   0x00000006   Code   RO         2526    .ARM.Collect$$rtexit$$00000004  c_w.l(rtexit2.o)
    0x0800018a   0x00000002   PAD
    0x0800018c   0x00000040   Code   RO          106  * .text               startup_stm32f10x_md.o
    0x080001cc   0x00000026   Code   RO         2286    .text               c_w.l(llshl.o)
    0x080001f2   0x00000026   Code   RO         2288    .text               c_w.l(llsshr.o)
    0x08000218   0x00000048   Code   RO         2290    .text               c_w.l(llsdiv.o)
    0x08000260   0x00000058   Code   RO         2292    .text               c_w.l(memcmp.o)
    0x080002b8   0x00000010   Code   RO         2294    .text               c_w.l(aeabi_memset.o)
    0x080002c8   0x00000006   Code   RO         2296    .text               c_w.l(heapauxi.o)
    0x080002ce   0x000000ee   Code   RO         2371    .text               c_w.l(lludivv7m.o)
    0x080003bc   0x00000016   Code   RO         2373    .text               c_w.l(_rserrno.o)
    0x080003d2   0x00000044   Code   RO         2375    .text               c_w.l(rt_memclr.o)
    0x08000416   0x00000002   PAD
    0x08000418   0x00000008   Code   RO         2443    .text               c_w.l(rt_errno_addr_intlibspace.o)
    0x08000420   0x0000004e   Code   RO         2445    .text               c_w.l(rt_memclr_w.o)
    0x0800046e   0x00000002   PAD
    0x08000470   0x00000008   Code   RO         2453    .text               c_w.l(libspace.o)
    0x08000478   0x0000004a   Code   RO         2456    .text               c_w.l(sys_stackheap_outer.o)
    0x080004c2   0x0000000c   Code   RO         2460    .text               c_w.l(exit.o)
    0x080004ce   0x00000002   PAD
    0x080004d0   0x00000008   Code   RO         2535    .text               c_w.l(rt_fp_status_addr_intlibspace.o)
    0x080004d8   0x0000000c   Code   RO         2543    .text               c_w.l(sys_exit.o)
    0x080004e4   0x00000002   Code   RO         2560    .text               c_w.l(use_no_semi.o)
    0x080004e6   0x00000000   Code   RO         2562    .text               c_w.l(indicate_semi.o)
    0x080004e6   0x00000004   Code   RO          223    i.BusFault_Handler  stm32f10x_it.o
    0x080004ea   0x00000002   Code   RO          224    i.DebugMon_Handler  stm32f10x_it.o
    0x080004ec   0x00000012   Code   RO         1570    i.Delay_ms          time.o
    0x080004fe   0x00000024   Code   RO         1571    i.Delay_us          time.o
    0x08000522   0x00000124   Code   RO          322    i.GPIO_Init         stm32f10x_gpio.o
    0x08000646   0x00000004   Code   RO          225    i.HardFault_Handler  stm32f10x_it.o
    0x0800064a   0x00000002   PAD
    0x0800064c   0x0000003c   Code   RO         1723    i.I2c_Ack           i2c.o
    0x08000688   0x00000028   Code   RO         1724    i.I2c_Init          i2c.o
    0x080006b0   0x0000003c   Code   RO         1725    i.I2c_NoAck         i2c.o
    0x080006ec   0x00000064   Code   RO         1726    i.I2c_ReadByte      i2c.o
    0x08000750   0x00000064   Code   RO         1727    i.I2c_SendByte      i2c.o
    0x080007b4   0x00000060   Code   RO         1728    i.I2c_Start         i2c.o
    0x08000814   0x0000003c   Code   RO         1729    i.I2c_Stop          i2c.o
    0x08000850   0x00000058   Code   RO         1730    i.I2c_WaitAck       i2c.o
    0x080008a8   0x00000010   Code   RO         1731    i.I2c_delay         i2c.o
    0x080008b8   0x00000030   Code   RO         1647    i.LED_GPIO_Config   led.o
    0x080008e8   0x00000004   Code   RO          226    i.MemManage_Handler  stm32f10x_it.o
    0x080008ec   0x0000000c   Code   RO         1695    i.Moto_Init         motordriver.o
    0x080008f8   0x00000030   Code   RO         1697    i.Motor_GPIO        motordriver.o
    0x08000928   0x00000002   Code   RO          227    i.NMI_Handler       stm32f10x_it.o
    0x0800092a   0x00000002   PAD
    0x0800092c   0x0000008c   Code   RO          280    i.NVIC_Init         misc.o
    0x080009b8   0x00000002   Code   RO          228    i.PendSV_Handler    stm32f10x_it.o
    0x080009ba   0x00000002   PAD
    0x080009bc   0x00000024   Code   RO          432    i.RCC_APB1PeriphClockCmd  stm32f10x_rcc.o
    0x080009e0   0x00000024   Code   RO          434    i.RCC_APB2PeriphClockCmd  stm32f10x_rcc.o
    0x08000a04   0x00000002   Code   RO          229    i.SVC_Handler       stm32f10x_it.o
    0x08000a06   0x00000008   Code   RO           17    i.SetSysClock       system_stm32f10x.o
    0x08000a0e   0x00000002   PAD
    0x08000a10   0x000000d0   Code   RO           18    i.SetSysClockTo72   system_stm32f10x.o
    0x08000ae0   0x00000030   Code   RO         1572    i.SysTick_Handler   time.o
    0x08000b10   0x00000064   Code   RO           20    i.SystemInit        system_stm32f10x.o
    0x08000b74   0x000000d4   Code   RO         1573    i.Systick_Init      time.o
    0x08000c48   0x000000a6   Code   RO         1698    i.TIM2_Config       motordriver.o
    0x08000cee   0x00000002   PAD
    0x08000cf0   0x0000001c   Code   RO         1574    i.TIM3_IRQHandler   time.o
    0x08000d0c   0x0000001a   Code   RO          634    i.TIM_ARRPreloadConfig  stm32f10x_tim.o
    0x08000d26   0x00000008   Code   RO          641    i.TIM_ClearITPendingBit  stm32f10x_tim.o
    0x08000d2e   0x0000001a   Code   RO          646    i.TIM_Cmd           stm32f10x_tim.o
    0x08000d48   0x00000028   Code   RO          667    i.TIM_GetITStatus   stm32f10x_tim.o
    0x08000d70   0x0000001e   Code   RO          671    i.TIM_ITConfig      stm32f10x_tim.o
    0x08000d8e   0x00000002   PAD
    0x08000d90   0x000000bc   Code   RO          675    i.TIM_OC1Init       stm32f10x_tim.o
    0x08000e4c   0x00000018   Code   RO          678    i.TIM_OC1PreloadConfig  stm32f10x_tim.o
    0x08000e64   0x000000bc   Code   RO          680    i.TIM_OC2Init       stm32f10x_tim.o
    0x08000f20   0x0000001c   Code   RO          683    i.TIM_OC2PreloadConfig  stm32f10x_tim.o
    0x08000f3c   0x000000b8   Code   RO          685    i.TIM_OC3Init       stm32f10x_tim.o
    0x08000ff4   0x00000018   Code   RO          688    i.TIM_OC3PreloadConfig  stm32f10x_tim.o
    0x0800100c   0x00000088   Code   RO          690    i.TIM_OC4Init       stm32f10x_tim.o
    0x08001094   0x0000001c   Code   RO          692    i.TIM_OC4PreloadConfig  stm32f10x_tim.o
    0x080010b0   0x000000b0   Code   RO          717    i.TIM_TimeBaseInit  stm32f10x_tim.o
    0x08001160   0x00000068   Code   RO         1575    i.Timer3_init       time.o
    0x080011c8   0x00000004   Code   RO          230    i.UsageFault_Handler  stm32f10x_it.o
    0x080011cc   0x00000028   Code   RO         2408    i.__ARM_fpclassify  m_ws.l(fpclassify.o)
    0x080011f4   0x000000aa   Code   RO         2410    i.__kernel_poly     m_ws.l(poly.o)
    0x0800129e   0x00000002   PAD
    0x080012a0   0x00000010   Code   RO         2406    i.__mathlib_dbl_underflow  m_ws.l(dunder.o)
    0x080012b0   0x000000b8   Code   RO         1805    i.accel_self_test   inv_mpu.o
    0x08001368   0x00000280   Code   RO         2353    i.asin              m_ws.l(asin.o)
    0x080015e8   0x00000224   Code   RO         2397    i.atan              m_ws.l(atan.o)
    0x0800180c   0x00000180   Code   RO         2363    i.atan2             m_ws.l(atan2.o)
    0x0800198c   0x00000022   Code   RO         1532    i.bsp_init          bsp.o
    0x080019ae   0x00000002   PAD
    0x080019b0   0x0000006c   Code   RO         2099    i.decode_gesture    inv_mpu_dmp_motion_driver.o
    0x08001a1c   0x00000044   Code   RO         2100    i.dmp_enable_6x_lp_quat  inv_mpu_dmp_motion_driver.o
    0x08001a60   0x00000268   Code   RO         2101    i.dmp_enable_feature  inv_mpu_dmp_motion_driver.o
    0x08001cc8   0x00000058   Code   RO         2102    i.dmp_enable_gyro_cal  inv_mpu_dmp_motion_driver.o
    0x08001d20   0x00000044   Code   RO         2103    i.dmp_enable_lp_quat  inv_mpu_dmp_motion_driver.o
    0x08001d64   0x00000018   Code   RO         2108    i.dmp_load_motion_driver_firmware  inv_mpu_dmp_motion_driver.o
    0x08001d7c   0x0000020c   Code   RO         2109    i.dmp_read_fifo     inv_mpu_dmp_motion_driver.o
    0x08001f88   0x00000168   Code   RO         2112    i.dmp_set_accel_bias  inv_mpu_dmp_motion_driver.o
    0x080020f0   0x00000078   Code   RO         2113    i.dmp_set_fifo_rate  inv_mpu_dmp_motion_driver.o
    0x08002168   0x0000015c   Code   RO         2114    i.dmp_set_gyro_bias  inv_mpu_dmp_motion_driver.o
    0x080022c4   0x00000138   Code   RO         2116    i.dmp_set_orientation  inv_mpu_dmp_motion_driver.o
    0x080023fc   0x00000040   Code   RO         2119    i.dmp_set_shake_reject_thresh  inv_mpu_dmp_motion_driver.o
    0x0800243c   0x0000002c   Code   RO         2120    i.dmp_set_shake_reject_time  inv_mpu_dmp_motion_driver.o
    0x08002468   0x0000002c   Code   RO         2121    i.dmp_set_shake_reject_timeout  inv_mpu_dmp_motion_driver.o
    0x08002494   0x00000048   Code   RO         2122    i.dmp_set_tap_axes  inv_mpu_dmp_motion_driver.o
    0x080024dc   0x0000002e   Code   RO         2123    i.dmp_set_tap_count  inv_mpu_dmp_motion_driver.o
    0x0800250a   0x00000002   PAD
    0x0800250c   0x000001a4   Code   RO         2124    i.dmp_set_tap_thresh  inv_mpu_dmp_motion_driver.o
    0x080026b0   0x0000002c   Code   RO         2125    i.dmp_set_tap_time  inv_mpu_dmp_motion_driver.o
    0x080026dc   0x0000002c   Code   RO         2126    i.dmp_set_tap_time_multi  inv_mpu_dmp_motion_driver.o
    0x08002708   0x000000c0   Code   RO         1806    i.get_accel_prod_shift  inv_mpu.o
    0x080027c8   0x000004b8   Code   RO         1808    i.get_st_biases     inv_mpu.o
    0x08002c80   0x00000128   Code   RO         1809    i.gyro_self_test    inv_mpu.o
    0x08002da8   0x0000007c   Code   RO         1732    i.i2cRead           i2c.o
    0x08002e24   0x00000068   Code   RO         1734    i.i2cWriteBuffer    i2c.o
    0x08002e8c   0x00000026   Code   RO         1735    i.i2cread           i2c.o
    0x08002eb2   0x00000026   Code   RO         1736    i.i2cwrite          i2c.o
    0x08002ed8   0x0000002c   Code   RO          110    i.inv_orientation_matrix_to_scalar  main.o
    0x08002f04   0x0000005c   Code   RO          111    i.inv_row_2_scale   main.o
    0x08002f60   0x000002a0   Code   RO          112    i.main              main.o
    0x08003200   0x00000074   Code   RO         1810    i.mpu_configure_fifo  inv_mpu.o
    0x08003274   0x00000058   Code   RO         1811    i.mpu_get_accel_fsr  inv_mpu.o
    0x080032cc   0x00000054   Code   RO         1813    i.mpu_get_accel_sens  inv_mpu.o
    0x08003320   0x00000014   Code   RO         1818    i.mpu_get_fifo_config  inv_mpu.o
    0x08003334   0x00000048   Code   RO         1819    i.mpu_get_gyro_fsr  inv_mpu.o
    0x0800337c   0x00000050   Code   RO         1821    i.mpu_get_gyro_sens  inv_mpu.o
    0x080033cc   0x0000005c   Code   RO         1823    i.mpu_get_lpf       inv_mpu.o
    0x08003428   0x00000020   Code   RO         1825    i.mpu_get_sample_rate  inv_mpu.o
    0x08003448   0x000001c0   Code   RO         1827    i.mpu_init          inv_mpu.o
    0x08003608   0x000000c8   Code   RO         1828    i.mpu_load_firmware  inv_mpu.o
    0x080036d0   0x00000104   Code   RO         1829    i.mpu_lp_accel_mode  inv_mpu.o
    0x080037d4   0x000000c8   Code   RO         1832    i.mpu_read_fifo_stream  inv_mpu.o
    0x0800389c   0x00000080   Code   RO         1833    i.mpu_read_mem      inv_mpu.o
    0x0800391c   0x000001e4   Code   RO         1836    i.mpu_reset_fifo    inv_mpu.o
    0x08003b00   0x00000134   Code   RO         1837    i.mpu_run_self_test  inv_mpu.o
    0x08003c34   0x00000090   Code   RO         1839    i.mpu_set_accel_fsr  inv_mpu.o
    0x08003cc4   0x00000154   Code   RO         1840    i.mpu_set_bypass    inv_mpu.o
    0x08003e18   0x00000098   Code   RO         1842    i.mpu_set_dmp_state  inv_mpu.o
    0x08003eb0   0x00000094   Code   RO         1843    i.mpu_set_gyro_fsr  inv_mpu.o
    0x08003f44   0x00000070   Code   RO         1844    i.mpu_set_int_latched  inv_mpu.o
    0x08003fb4   0x00000090   Code   RO         1846    i.mpu_set_lpf       inv_mpu.o
    0x08004044   0x000000a8   Code   RO         1847    i.mpu_set_sample_rate  inv_mpu.o
    0x080040ec   0x000000e4   Code   RO         1848    i.mpu_set_sensors   inv_mpu.o
    0x080041d0   0x00000080   Code   RO         1849    i.mpu_write_mem     inv_mpu.o
    0x08004250   0x00000090   Code   RO          113    i.run_self_test     main.o
    0x080042e0   0x00000098   Code   RO         1850    i.set_int_enable    inv_mpu.o
    0x08004378   0x0000004c   Code   RO         2414    i.sqrt              m_ws.l(sqrt.o)
    0x080043c4   0x00000024   Code   RO         1576    i.time_nowMs        time.o
    0x080043e8   0x00000030   Code   RO         1577    i.time_nowUs        time.o
    0x08004418   0x00000062   Code   RO         2300    x$fpl$d2f           fz_ws.l(d2f.o)
    0x0800447a   0x00000002   PAD
    0x0800447c   0x00000150   Code   RO         2377    x$fpl$dadd          fz_ws.l(daddsub_clz.o)
    0x080045cc   0x00000010   Code   RO         2447    x$fpl$dcheck1       fz_ws.l(dcheck1.o)
    0x080045dc   0x000002b0   Code   RO         2303    x$fpl$ddiv          fz_ws.l(ddiv.o)
    0x0800488c   0x0000005a   Code   RO         2306    x$fpl$dfixu         fz_ws.l(dfixu.o)
    0x080048e6   0x00000026   Code   RO         2310    x$fpl$dfltu         fz_ws.l(dflt_clz.o)
    0x0800490c   0x00000154   Code   RO         2316    x$fpl$dmul          fz_ws.l(dmul.o)
    0x08004a60   0x0000009c   Code   RO         2383    x$fpl$dnaninf       fz_ws.l(dnaninf.o)
    0x08004afc   0x0000000c   Code   RO         2385    x$fpl$dretinf       fz_ws.l(dretinf.o)
    0x08004b08   0x00000016   Code   RO         2378    x$fpl$drsb          fz_ws.l(daddsub_clz.o)
    0x08004b1e   0x00000002   PAD
    0x08004b20   0x000001cc   Code   RO         2451    x$fpl$dsqrt         fz_ws.l(dsqrt_noumaal.o)
    0x08004cec   0x000001d4   Code   RO         2379    x$fpl$dsub          fz_ws.l(daddsub_clz.o)
    0x08004ec0   0x00000056   Code   RO         2318    x$fpl$f2d           fz_ws.l(f2d.o)
    0x08004f16   0x00000002   PAD
    0x08004f18   0x000000c4   Code   RO         2320    x$fpl$fadd          fz_ws.l(faddsub_clz.o)
    0x08004fdc   0x00000018   Code   RO         2387    x$fpl$fcmpinf       fz_ws.l(fcmpi.o)
    0x08004ff4   0x00000184   Code   RO         2327    x$fpl$fdiv          fz_ws.l(fdiv.o)
    0x08005178   0x00000068   Code   RO         2330    x$fpl$feqf          fz_ws.l(feqf.o)
    0x080051e0   0x00000036   Code   RO         2332    x$fpl$ffix          fz_ws.l(ffix.o)
    0x08005216   0x00000002   PAD
    0x08005218   0x0000003e   Code   RO         2336    x$fpl$ffixu         fz_ws.l(ffixu.o)
    0x08005256   0x00000002   PAD
    0x08005258   0x00000030   Code   RO         2341    x$fpl$fflt          fz_ws.l(fflt_clz.o)
    0x08005288   0x00000026   Code   RO         2340    x$fpl$ffltu         fz_ws.l(fflt_clz.o)
    0x080052ae   0x00000002   PAD
    0x080052b0   0x00000068   Code   RO         2346    x$fpl$fleqf         fz_ws.l(fleqf.o)
    0x08005318   0x00000102   Code   RO         2348    x$fpl$fmul          fz_ws.l(fmul.o)
    0x0800541a   0x0000008c   Code   RO         2389    x$fpl$fnaninf       fz_ws.l(fnaninf.o)
    0x080054a6   0x0000000e   Code   RO         2519    x$fpl$fpinit        fz_ws.l(fpinit.o)
    0x080054b4   0x0000000a   Code   RO         2391    x$fpl$fretinf       fz_ws.l(fretinf.o)
    0x080054be   0x00000062   Code   RO         2350    x$fpl$frleqf        fz_ws.l(frleqf.o)
    0x08005520   0x000000ea   Code   RO         2322    x$fpl$fsub          fz_ws.l(faddsub_clz.o)
    0x0800560a   0x00000064   Code   RO         2470    x$fpl$retnan        fz_ws.l(retnan.o)
    0x0800566e   0x0000005c   Code   RO         2393    x$fpl$scalbn        fz_ws.l(scalbn.o)
    0x080056ca   0x00000030   Code   RO         2521    x$fpl$trapveneer    fz_ws.l(trapv.o)
    0x080056fa   0x00000000   Code   RO         2395    x$fpl$usenofp       fz_ws.l(usenofp.o)
    0x080056fa   0x00000002   PAD
    0x080056fc   0x00000050   Data   RO         1851    .constdata          inv_mpu.o
    0x0800574c   0x00000bf6   Data   RO         2128    .constdata          inv_mpu_dmp_motion_driver.o
    0x08006342   0x00000006   PAD
    0x08006348   0x00000050   Data   RO         2354    .constdata          m_ws.l(asin.o)
    0x08006398   0x00000098   Data   RO         2398    .constdata          m_ws.l(atan.o)
    0x08006430   0x00000008   Data   RO         2412    .constdata          m_ws.l(qnan.o)
    0x08006438   0x00000020   Data   RO         2602    Region$$Table       anon$$obj.o


    Execution Region ER_RW (Base: 0x20000000, Size: 0x00000084, Max: 0xffffffff, ABSOLUTE)

    Base Addr    Size         Type   Attr      Idx    E Section Name        Object

    0x20000000   0x00000014   Data   RW           21    .data               system_stm32f10x.o
    0x20000014   0x00000034   Data   RW          115    .data               main.o
    0x20000048   0x00000010   Data   RW         1579    .data               time.o
    0x20000058   0x0000002c   Data   RW         1852    .data               inv_mpu.o


    Execution Region ER_ZI (Base: 0x20000084, Size: 0x00000684, Max: 0xffffffff, ABSOLUTE)

    Base Addr    Size         Type   Attr      Idx    E Section Name        Object

    0x20000084   0x00000010   Zero   RW         1578    .bss                time.o
    0x20000094   0x00000010   Zero   RW         2127    .bss                inv_mpu_dmp_motion_driver.o
    0x200000a4   0x00000060   Zero   RW         2454    .bss                c_w.l(libspace.o)
    0x20000104   0x00000004   PAD
    0x20000108   0x00000200   Zero   RW          104    HEAP                startup_stm32f10x_md.o
    0x20000308   0x00000400   Zero   RW          103    STACK               startup_stm32f10x_md.o


==============================================================================

Image component sizes


      Code (inc. data)   RO Data    RW Data    ZI Data      Debug   Object Name

        34          0          0          0          0        383   bsp.o
         0          0          0          0          0       4188   core_cm3.o
       924         66          0          0          0       6415   i2c.o
      6208        196         80         44          0      23679   inv_mpu.o
      3414        122       3062          0         16      18878   inv_mpu_dmp_motion_driver.o
        48          4          0          0          0        418   led.o
       952         40          0         52          0     206912   main.o
       140         12          0          0          0        844   misc.o
       226          4          0          0          0       1288   motordriver.o
        64         26        236          0       1536        744   startup_stm32f10x_md.o
       292          0          0          0          0       1804   stm32f10x_gpio.o
        24          0          0          0          0       2988   stm32f10x_it.o
        72         12          0          0          0        962   stm32f10x_rcc.o
      1106         92          0          0          0       8065   stm32f10x_tim.o
       316         26          0         20          0      30457   system_stm32f10x.o
       530         58          0         16         16      19013   time.o

    ----------------------------------------------------------------------
     14366        658       3416        132       1568     327038   Object Totals
         0          0         32          0          0          0   (incl. Generated)
        16          0          6          0          0          0   (incl. Padding)

    ----------------------------------------------------------------------

      Code (inc. data)   RO Data    RW Data    ZI Data      Debug   Library Member Name

         8          0          0          0          0         68   __main.o
        52          8          0          0          0          0   __scatter.o
        26          0          0          0          0          0   __scatter_copy.o
        28          0          0          0          0          0   __scatter_zi.o
        22          0          0          0          0        100   _rserrno.o
        16          0          0          0          0         68   aeabi_memset.o
        12          0          0          0          0         72   exit.o
         6          0          0          0          0        152   heapauxi.o
         0          0          0          0          0          0   indicate_semi.o
         6          0          0          0          0          0   libinit.o
         2          0          0          0          0          0   libinit2.o
         2          0          0          0          0          0   libshutdown.o
         2          0          0          0          0          0   libshutdown2.o
         8          4          0          0         96         68   libspace.o
        72          0          0          0          0         76   llsdiv.o
        38          0          0          0          0         68   llshl.o
        38          0          0          0          0         68   llsshr.o
       238          0          0          0          0        100   lludivv7m.o
        88          0          0          0          0         76   memcmp.o
         8          4          0          0          0         68   rt_errno_addr_intlibspace.o
         8          4          0          0          0         68   rt_fp_status_addr_intlibspace.o
        68          0          0          0          0         68   rt_memclr.o
        78          0          0          0          0         80   rt_memclr_w.o
         0          0          0          0          0          0   rtentry.o
        12          0          0          0          0          0   rtentry2.o
         6          0          0          0          0          0   rtentry4.o
         2          0          0          0          0          0   rtexit.o
        10          0          0          0          0          0   rtexit2.o
        12          4          0          0          0         68   sys_exit.o
        74          0          0          0          0         80   sys_stackheap_outer.o
         2          0          0          0          0         68   use_no_semi.o
        98          4          0          0          0         92   d2f.o
       826         16          0          0          0        356   daddsub_clz.o
        16          4          0          0          0         68   dcheck1.o
       688        140          0          0          0        212   ddiv.o
        90          4          0          0          0         92   dfixu.o
        38          0          0          0          0         68   dflt_clz.o
       340         12          0          0          0        104   dmul.o
       156          4          0          0          0         92   dnaninf.o
        12          0          0          0          0         68   dretinf.o
       460         56          0          0          0        120   dsqrt_noumaal.o
        86          4          0          0          0         84   f2d.o
       430          8          0          0          0        168   faddsub_clz.o
        24          0          0          0          0         68   fcmpi.o
       388         76          0          0          0         96   fdiv.o
       104          4          0          0          0         84   feqf.o
        54          4          0          0          0         84   ffix.o
        62          4          0          0          0         84   ffixu.o
        86          0          0          0          0        136   fflt_clz.o
       104          4          0          0          0         84   fleqf.o
       258          4          0          0          0         84   fmul.o
       140          4          0          0          0         84   fnaninf.o
        14          0          0          0          0         76   fpinit.o
        10          0          0          0          0         68   fretinf.o
        98          0          0          0          0         68   frleqf.o
       100          0          0          0          0         68   retnan.o
        92          0          0          0          0         68   scalbn.o
        48          0          0          0          0         68   trapv.o
         0          0          0          0          0          0   usenofp.o
       640         54         80          0          0        176   asin.o
       548         68        152          0          0        128   atan.o
       384         38          0          0          0        144   atan2.o
        16          6          0          0          0         68   dunder.o
        40          0          0          0          0         68   fpclassify.o
       170          0          0          0          0         96   poly.o
         0          0          8          0          0          0   qnan.o
        76          0          0          0          0         84   sqrt.o

    ----------------------------------------------------------------------
      7666        542        240          0        100       4924   Library Totals
        26          0          0          0          4          0   (incl. Padding)

    ----------------------------------------------------------------------

      Code (inc. data)   RO Data    RW Data    ZI Data      Debug   Library Name

       944         24          0          0         96       1416   c_w.l
      4822        352          0          0          0       2744   fz_ws.l
      1874        166        240          0          0        764   m_ws.l

    ----------------------------------------------------------------------
      7666        542        240          0        100       4924   Library Totals

    ----------------------------------------------------------------------

==============================================================================


      Code (inc. data)   RO Data    RW Data    ZI Data      Debug   

     22032       1200       3656        132       1668     323694   Grand Totals
     22032       1200       3656        132       1668     323694   ELF Image Totals
     22032       1200       3656        132          0          0   ROM Totals

==============================================================================

    Total RO  Size (Code + RO Data)                25688 (  25.09kB)
    Total RW  Size (RW Data + ZI Data)              1800 (   1.76kB)
    Total ROM Size (Code + RO Data + RW Data)      25820 (  25.21kB)

==============================================================================

