Component: ARM Compiler 5.05 update 1 (build 106) Tool: armlink [4d0efa]

==============================================================================

Section Cross References

    system_stm32f10x.o(i.SetSysClock) refers to system_stm32f10x.o(i.SetSysClockTo72) for SetSysClockTo72
    system_stm32f10x.o(i.SystemCoreClockUpdate) refers to system_stm32f10x.o(.data) for SystemCoreClock
    system_stm32f10x.o(i.SystemInit) refers to system_stm32f10x.o(i.SetSysClock) for SetSysClock
    startup_stm32f10x_md.o(RESET) refers to startup_stm32f10x_md.o(STACK) for __initial_sp
    startup_stm32f10x_md.o(RESET) refers to startup_stm32f10x_md.o(.text) for Reset_Handler
    startup_stm32f10x_md.o(RESET) refers to stm32f10x_it.o(i.NMI_Handler) for NMI_Handler
    startup_stm32f10x_md.o(RESET) refers to stm32f10x_it.o(i.HardFault_Handler) for HardFault_Handler
    startup_stm32f10x_md.o(RESET) refers to stm32f10x_it.o(i.MemManage_Handler) for MemManage_Handler
    startup_stm32f10x_md.o(RESET) refers to stm32f10x_it.o(i.BusFault_Handler) for BusFault_Handler
    startup_stm32f10x_md.o(RESET) refers to stm32f10x_it.o(i.UsageFault_Handler) for UsageFault_Handler
    startup_stm32f10x_md.o(RESET) refers to stm32f10x_it.o(i.SVC_Handler) for SVC_Handler
    startup_stm32f10x_md.o(RESET) refers to stm32f10x_it.o(i.DebugMon_Handler) for DebugMon_Handler
    startup_stm32f10x_md.o(RESET) refers to stm32f10x_it.o(i.PendSV_Handler) for PendSV_Handler
    startup_stm32f10x_md.o(RESET) refers to stm32f10x_it.o(i.SysTick_Handler) for SysTick_Handler
    startup_stm32f10x_md.o(RESET) refers to scheduler.o(i.TIM3_IRQHandler) for TIM3_IRQHandler
    startup_stm32f10x_md.o(RESET) refers to ano_dt.o(i.USART3_IRQHandler) for USART3_IRQHandler
    startup_stm32f10x_md.o(.text) refers to system_stm32f10x.o(i.SystemInit) for SystemInit
    startup_stm32f10x_md.o(.text) refers to entry.o(.ARM.Collect$$$$00000000) for __main
    stm32f10x_it.o(i.SysTick_Handler) refers to init.o(.data) for SysTick_count
    main.o(i.main) refers to delay.o(i.cycleCounterInit) for cycleCounterInit
    main.o(i.main) refers to misc.o(i.NVIC_PriorityGroupConfig) for NVIC_PriorityGroupConfig
    main.o(i.main) refers to init.o(i.ALL_Init) for ALL_Init
    main.o(i.main) refers to ano_dt.o(i.ANTO_polling) for ANTO_polling
    main.o(i.main) refers to led.o(i.PilotLED) for PilotLED
    main.o(i.main) refers to system_stm32f10x.o(.data) for SystemCoreClock
    delay.o(i.GetSysTime_us) refers to init.o(.data) for SysTick_count
    delay.o(i.GetSysTime_us) refers to delay.o(.data) for usTicks
    delay.o(i.cycleCounterInit) refers to stm32f10x_rcc.o(i.RCC_GetClocksFreq) for RCC_GetClocksFreq
    delay.o(i.cycleCounterInit) refers to delay.o(.data) for usTicks
    delay.o(i.delay_ms) refers to delay.o(i.GetSysTime_us) for GetSysTime_us
    scheduler.o(i.TIM3_IRQHandler) refers to stm32f10x_tim.o(i.TIM_GetITStatus) for TIM_GetITStatus
    scheduler.o(i.TIM3_IRQHandler) refers to mpu6050.o(i.MpuGetData) for MpuGetData
    scheduler.o(i.TIM3_IRQHandler) refers to remote.o(i.RC_Analy) for RC_Analy
    scheduler.o(i.TIM3_IRQHandler) refers to control.o(i.FlightPidControl) for FlightPidControl
    scheduler.o(i.TIM3_IRQHandler) refers to control.o(i.MotorControl) for MotorControl
    scheduler.o(i.TIM3_IRQHandler) refers to imu.o(i.GetAngle) for GetAngle
    scheduler.o(i.TIM3_IRQHandler) refers to stm32f10x_tim.o(i.TIM_ClearITPendingBit) for TIM_ClearITPendingBit
    scheduler.o(i.TIM3_IRQHandler) refers to init.o(.data) for SysTick_count
    scheduler.o(i.TIM3_IRQHandler) refers to scheduler.o(.data) for cnt_3ms
    scheduler.o(i.TIM3_IRQHandler) refers to init.o(.bss) for Angle
    init.o(i.ALL_Init) refers to iic_software.o(i.IIC_Init) for IIC_Init
    init.o(i.ALL_Init) refers to init.o(i.pid_param_Init) for pid_param_Init
    init.o(i.ALL_Init) refers to led.o(i.LEDInit) for LEDInit
    init.o(i.ALL_Init) refers to mpu6050.o(i.MpuInit) for MpuInit
    init.o(i.ALL_Init) refers to usart.o(i.USART3_Config) for USART3_Config
    init.o(i.ALL_Init) refers to nrf24l01.o(i.NRF24L01_init) for NRF24L01_init
    init.o(i.ALL_Init) refers to tim.o(i.TIM2_PWM_Config) for TIM2_PWM_Config
    init.o(i.ALL_Init) refers to tim.o(i.TIM3_Config) for TIM3_Config
    init.o(i.pid_param_Init) refers to init.o(.bss) for pidRateX
    stm32f10x_adc.o(i.ADC_DeInit) refers to stm32f10x_rcc.o(i.RCC_APB2PeriphResetCmd) for RCC_APB2PeriphResetCmd
    stm32f10x_bkp.o(i.BKP_DeInit) refers to stm32f10x_rcc.o(i.RCC_BackupResetCmd) for RCC_BackupResetCmd
    stm32f10x_can.o(i.CAN_DeInit) refers to stm32f10x_rcc.o(i.RCC_APB1PeriphResetCmd) for RCC_APB1PeriphResetCmd
    stm32f10x_can.o(i.CAN_GetITStatus) refers to stm32f10x_can.o(i.CheckITStatus) for CheckITStatus
    stm32f10x_cec.o(i.CEC_DeInit) refers to stm32f10x_rcc.o(i.RCC_APB1PeriphResetCmd) for RCC_APB1PeriphResetCmd
[...]
    Removing stm32f10x_rtc.o(i.RTC_EnterConfigMode), (20 bytes).
    Removing stm32f10x_rtc.o(i.RTC_ExitConfigMode), (20 bytes).
    Removing stm32f10x_rtc.o(i.RTC_GetCounter), (20 bytes).
    Removing stm32f10x_rtc.o(i.RTC_GetDivider), (24 bytes).
    Removing stm32f10x_rtc.o(i.RTC_GetFlagStatus), (24 bytes).
    Removing stm32f10x_rtc.o(i.RTC_GetITStatus), (36 bytes).
    Removing stm32f10x_rtc.o(i.RTC_ITConfig), (32 bytes).
    Removing stm32f10x_rtc.o(i.RTC_SetAlarm), (28 bytes).
    Removing stm32f10x_rtc.o(i.RTC_SetCounter), (28 bytes).
    Removing stm32f10x_rtc.o(i.RTC_SetPrescaler), (32 bytes).
    Removing stm32f10x_rtc.o(i.RTC_WaitForLastTask), (20 bytes).
    Removing stm32f10x_rtc.o(i.RTC_WaitForSynchro), (36 bytes).
    Removing stm32f10x_sdio.o(i.SDIO_CEATAITCmd), (16 bytes).
    Removing stm32f10x_sdio.o(i.SDIO_ClearFlag), (12 bytes).
    Removing stm32f10x_sdio.o(i.SDIO_ClearITPendingBit), (12 bytes).
    Removing stm32f10x_sdio.o(i.SDIO_ClockCmd), (12 bytes).
    Removing stm32f10x_sdio.o(i.SDIO_CmdStructInit), (14 bytes).
    Removing stm32f10x_sdio.o(i.SDIO_CommandCompletionCmd), (12 bytes).
    Removing stm32f10x_sdio.o(i.SDIO_DMACmd), (12 bytes).
    Removing stm32f10x_sdio.o(i.SDIO_DataConfig), (48 bytes).
    Removing stm32f10x_sdio.o(i.SDIO_DataStructInit), (20 bytes).
    Removing stm32f10x_sdio.o(i.SDIO_DeInit), (36 bytes).
    Removing stm32f10x_sdio.o(i.SDIO_GetCommandResponse), (12 bytes).
    Removing stm32f10x_sdio.o(i.SDIO_GetDataCounter), (12 bytes).
    Removing stm32f10x_sdio.o(i.SDIO_GetFIFOCount), (12 bytes).
    Removing stm32f10x_sdio.o(i.SDIO_GetFlagStatus), (24 bytes).
    Removing stm32f10x_sdio.o(i.SDIO_GetITStatus), (24 bytes).
    Removing stm32f10x_sdio.o(i.SDIO_GetPowerState), (16 bytes).
    Removing stm32f10x_sdio.o(i.SDIO_GetResponse), (24 bytes).
    Removing stm32f10x_sdio.o(i.SDIO_ITConfig), (32 bytes).
    Removing stm32f10x_sdio.o(i.SDIO_Init), (48 bytes).
    Removing stm32f10x_sdio.o(i.SDIO_ReadData), (12 bytes).
    Removing stm32f10x_sdio.o(i.SDIO_SendCEATACmd), (12 bytes).
    Removing stm32f10x_sdio.o(i.SDIO_SendCommand), (44 bytes).
    Removing stm32f10x_sdio.o(i.SDIO_SendSDIOSuspendCmd), (12 bytes).
    Removing stm32f10x_sdio.o(i.SDIO_SetPowerState), (28 bytes).
    Removing stm32f10x_sdio.o(i.SDIO_SetSDIOOperation), (12 bytes).
    Removing stm32f10x_sdio.o(i.SDIO_SetSDIOReadWaitMode), (12 bytes).
    Removing stm32f10x_sdio.o(i.SDIO_StartSDIOReadWait), (12 bytes).
    Removing stm32f10x_sdio.o(i.SDIO_StopSDIOReadWait), (12 bytes).
    Removing stm32f10x_sdio.o(i.SDIO_StructInit), (16 bytes).
    Removing stm32f10x_sdio.o(i.SDIO_WriteData), (12 bytes).
    Removing stm32f10x_spi.o(i.I2S_Cmd), (24 bytes).
    Removing stm32f10x_spi.o(i.I2S_Init), (232 bytes).
    Removing stm32f10x_spi.o(i.I2S_StructInit), (20 bytes).
    Removing stm32f10x_spi.o(i.SPI_BiDirectionalLineConfig), (28 bytes).
    Removing stm32f10x_spi.o(i.SPI_CalculateCRC), (24 bytes).
    Removing stm32f10x_spi.o(i.SPI_DataSizeConfig), (18 bytes).
    Removing stm32f10x_spi.o(i.SPI_GetCRC), (16 bytes).
    Removing stm32f10x_spi.o(i.SPI_GetCRCPolynomial), (6 bytes).
    Removing stm32f10x_spi.o(i.SPI_I2S_ClearFlag), (6 bytes).
    Removing stm32f10x_spi.o(i.SPI_I2S_ClearITPendingBit), (20 bytes).
    Removing stm32f10x_spi.o(i.SPI_I2S_DMACmd), (18 bytes).
    Removing stm32f10x_spi.o(i.SPI_I2S_DeInit), (88 bytes).
    Removing stm32f10x_spi.o(i.SPI_I2S_GetITStatus), (52 bytes).
    Removing stm32f10x_spi.o(i.SPI_I2S_ITConfig), (32 bytes).
    Removing stm32f10x_spi.o(i.SPI_NSSInternalSoftwareConfig), (30 bytes).
    Removing stm32f10x_spi.o(i.SPI_SSOutputCmd), (24 bytes).
    Removing stm32f10x_spi.o(i.SPI_StructInit), (24 bytes).
    Removing stm32f10x_spi.o(i.SPI_TransmitCRC), (10 bytes).
    Removing stm32f10x_tim.o(i.TI1_Config), (128 bytes).
    Removing stm32f10x_tim.o(i.TI2_Config), (152 bytes).
    Removing stm32f10x_tim.o(i.TI3_Config), (144 bytes).
    Removing stm32f10x_tim.o(i.TI4_Config), (152 bytes).
    Removing stm32f10x_tim.o(i.TIM_BDTRConfig), (32 bytes).
    Removing stm32f10x_tim.o(i.TIM_BDTRStructInit), (18 bytes).
    Removing stm32f10x_tim.o(i.TIM_CCPreloadControl), (24 bytes).
    Removing stm32f10x_tim.o(i.TIM_CCxCmd), (30 bytes).
    Removing stm32f10x_tim.o(i.TIM_CCxNCmd), (30 bytes).
    Removing stm32f10x_tim.o(i.TIM_ClearFlag), (6 bytes).
    Removing stm32f10x_tim.o(i.TIM_ClearOC1Ref), (18 bytes).
    Removing stm32f10x_tim.o(i.TIM_ClearOC2Ref), (24 bytes).
    Removing stm32f10x_tim.o(i.TIM_ClearOC3Ref), (18 bytes).
    Removing stm32f10x_tim.o(i.TIM_ClearOC4Ref), (24 bytes).
    Removing stm32f10x_tim.o(i.TIM_CounterModeConfig), (18 bytes).
    Removing stm32f10x_tim.o(i.TIM_CtrlPWMOutputs), (30 bytes).
    Removing stm32f10x_tim.o(i.TIM_DMACmd), (18 bytes).
    Removing stm32f10x_tim.o(i.TIM_DMAConfig), (10 bytes).
    Removing stm32f10x_tim.o(i.TIM_DeInit), (488 bytes).
    Removing stm32f10x_tim.o(i.TIM_ETRClockMode1Config), (54 bytes).
    Removing stm32f10x_tim.o(i.TIM_ETRClockMode2Config), (32 bytes).
    Removing stm32f10x_tim.o(i.TIM_ETRConfig), (28 bytes).
    Removing stm32f10x_tim.o(i.TIM_EncoderInterfaceConfig), (66 bytes).
    Removing stm32f10x_tim.o(i.TIM_ForcedOC1Config), (18 bytes).
    Removing stm32f10x_tim.o(i.TIM_ForcedOC2Config), (26 bytes).
    Removing stm32f10x_tim.o(i.TIM_ForcedOC3Config), (18 bytes).
    Removing stm32f10x_tim.o(i.TIM_ForcedOC4Config), (26 bytes).
    Removing stm32f10x_tim.o(i.TIM_GenerateEvent), (4 bytes).
    Removing stm32f10x_tim.o(i.TIM_GetCapture1), (6 bytes).
    Removing stm32f10x_tim.o(i.TIM_GetCapture2), (6 bytes).
    Removing stm32f10x_tim.o(i.TIM_GetCapture3), (6 bytes).
    Removing stm32f10x_tim.o(i.TIM_GetCapture4), (8 bytes).
    Removing stm32f10x_tim.o(i.TIM_GetCounter), (6 bytes).
    Removing stm32f10x_tim.o(i.TIM_GetFlagStatus), (18 bytes).
    Removing stm32f10x_tim.o(i.TIM_GetPrescaler), (6 bytes).
    Removing stm32f10x_tim.o(i.TIM_ICInit), (172 bytes).
    Removing stm32f10x_tim.o(i.TIM_ICStructInit), (18 bytes).
    Removing stm32f10x_tim.o(i.TIM_ITRxExternalClockConfig), (24 bytes).
    Removing stm32f10x_tim.o(i.TIM_InternalClockConfig), (12 bytes).
    Removing stm32f10x_tim.o(i.TIM_OC1FastConfig), (18 bytes).
    Removing stm32f10x_tim.o(i.TIM_OC1NPolarityConfig), (18 bytes).
    Removing stm32f10x_tim.o(i.TIM_OC1PolarityConfig), (18 bytes).
    Removing stm32f10x_tim.o(i.TIM_OC2FastConfig), (26 bytes).
    Removing stm32f10x_tim.o(i.TIM_OC2NPolarityConfig), (26 bytes).
    Removing stm32f10x_tim.o(i.TIM_OC2PolarityConfig), (26 bytes).
    Removing stm32f10x_tim.o(i.TIM_OC3FastConfig), (18 bytes).
    Removing stm32f10x_tim.o(i.TIM_OC3NPolarityConfig), (26 bytes).
    Removing stm32f10x_tim.o(i.TIM_OC3PolarityConfig), (26 bytes).
    Removing stm32f10x_tim.o(i.TIM_OC4FastConfig), (26 bytes).
    Removing stm32f10x_tim.o(i.TIM_OC4PolarityConfig), (26 bytes).
    Removing stm32f10x_tim.o(i.TIM_OCStructInit), (20 bytes).
    Removing stm32f10x_tim.o(i.TIM_PWMIConfig), (124 bytes).
    Removing stm32f10x_tim.o(i.TIM_PrescalerConfig), (6 bytes).
    Removing stm32f10x_tim.o(i.TIM_SelectCCDMA), (24 bytes).
    Removing stm32f10x_tim.o(i.TIM_SelectCOM), (24 bytes).
    Removing stm32f10x_tim.o(i.TIM_SelectHallSensor), (24 bytes).
    Removing stm32f10x_tim.o(i.TIM_SelectInputTrigger), (18 bytes).
    Removing stm32f10x_tim.o(i.TIM_SelectMasterSlaveMode), (18 bytes).
    Removing stm32f10x_tim.o(i.TIM_SelectOCxM), (82 bytes).
    Removing stm32f10x_tim.o(i.TIM_SelectOnePulseMode), (18 bytes).
    Removing stm32f10x_tim.o(i.TIM_SelectOutputTrigger), (18 bytes).
    Removing stm32f10x_tim.o(i.TIM_SelectSlaveMode), (18 bytes).
    Removing stm32f10x_tim.o(i.TIM_SetAutoreload), (4 bytes).
    Removing stm32f10x_tim.o(i.TIM_SetClockDivision), (18 bytes).
    Removing stm32f10x_tim.o(i.TIM_SetCompare1), (4 bytes).
    Removing stm32f10x_tim.o(i.TIM_SetCompare2), (4 bytes).
    Removing stm32f10x_tim.o(i.TIM_SetCompare3), (4 bytes).
    Removing stm32f10x_tim.o(i.TIM_SetCompare4), (6 bytes).
    Removing stm32f10x_tim.o(i.TIM_SetCounter), (4 bytes).
    Removing stm32f10x_tim.o(i.TIM_SetIC1Prescaler), (18 bytes).
    Removing stm32f10x_tim.o(i.TIM_SetIC2Prescaler), (26 bytes).
    Removing stm32f10x_tim.o(i.TIM_SetIC3Prescaler), (18 bytes).
    Removing stm32f10x_tim.o(i.TIM_SetIC4Prescaler), (26 bytes).
    Removing stm32f10x_tim.o(i.TIM_TIxExternalClockConfig), (62 bytes).
    Removing stm32f10x_tim.o(i.TIM_TimeBaseStructInit), (18 bytes).
    Removing stm32f10x_tim.o(i.TIM_UpdateDisableConfig), (24 bytes).
    Removing stm32f10x_tim.o(i.TIM_UpdateRequestConfig), (24 bytes).
    Removing stm32f10x_usart.o(i.USART_ClearFlag), (18 bytes).
    Removing stm32f10x_usart.o(i.USART_ClearITPendingBit), (30 bytes).
    Removing stm32f10x_usart.o(i.USART_ClockInit), (34 bytes).
    Removing stm32f10x_usart.o(i.USART_ClockStructInit), (12 bytes).
    Removing stm32f10x_usart.o(i.USART_DMACmd), (18 bytes).
    Removing stm32f10x_usart.o(i.USART_DeInit), (156 bytes).
    Removing stm32f10x_usart.o(i.USART_GetFlagStatus), (26 bytes).
    Removing stm32f10x_usart.o(i.USART_GetITStatus), (84 bytes).
    Removing stm32f10x_usart.o(i.USART_HalfDuplexCmd), (24 bytes).
    Removing stm32f10x_usart.o(i.USART_IrDACmd), (24 bytes).
    Removing stm32f10x_usart.o(i.USART_IrDAConfig), (18 bytes).
    Removing stm32f10x_usart.o(i.USART_LINBreakDetectLengthConfig), (18 bytes).
    Removing stm32f10x_usart.o(i.USART_LINCmd), (24 bytes).
    Removing stm32f10x_usart.o(i.USART_OneBitMethodCmd), (24 bytes).
    Removing stm32f10x_usart.o(i.USART_OverSampling8Cmd), (22 bytes).
    Removing stm32f10x_usart.o(i.USART_ReceiveData), (10 bytes).
    Removing stm32f10x_usart.o(i.USART_ReceiverWakeUpCmd), (24 bytes).
    Removing stm32f10x_usart.o(i.USART_SendBreak), (10 bytes).
    Removing stm32f10x_usart.o(i.USART_SetAddress), (18 bytes).
    Removing stm32f10x_usart.o(i.USART_SetGuardTime), (16 bytes).
    Removing stm32f10x_usart.o(i.USART_SetPrescaler), (16 bytes).
    Removing stm32f10x_usart.o(i.USART_SmartCardCmd), (24 bytes).
    Removing stm32f10x_usart.o(i.USART_SmartCardNACKCmd), (24 bytes).
    Removing stm32f10x_usart.o(i.USART_StructInit), (24 bytes).
    Removing stm32f10x_usart.o(i.USART_WakeUpConfig), (18 bytes).
    Removing stm32f10x_wwdg.o(i.WWDG_ClearFlag), (12 bytes).
    Removing stm32f10x_wwdg.o(i.WWDG_DeInit), (22 bytes).
    Removing stm32f10x_wwdg.o(i.WWDG_Enable), (16 bytes).
    Removing stm32f10x_wwdg.o(i.WWDG_EnableIT), (12 bytes).
    Removing stm32f10x_wwdg.o(i.WWDG_GetFlagStatus), (12 bytes).
    Removing stm32f10x_wwdg.o(i.WWDG_SetCounter), (16 bytes).
    Removing stm32f10x_wwdg.o(i.WWDG_SetPrescaler), (24 bytes).
    Removing stm32f10x_wwdg.o(i.WWDG_SetWindowValue), (40 bytes).
    Removing iic_software.o(i.IIC_Write_Bytes), (96 bytes).
    Removing usart.o(i.USART1_SendByte), (48 bytes).
    Removing usart.o(i.USART1_setBaudRate), (20 bytes).
    Removing usart.o(i.fputc), (36 bytes).
    Removing usart.o(.data), (7 bytes).
    Removing adc.o(i.ADC_DMA_Init), (256 bytes).
    Removing adc.o(i.GetADCValue), (36 bytes).
    Removing adc.o(.bss), (20 bytes).
    Removing nrf24l01.o(i.NRF24L01_TxPacket), (100 bytes).
    Removing nrf24l01.o(i.TX_Mode), (104 bytes).
    Removing mpu6050.o(i.mpu6050_rest), (28 bytes).
    Removing filter.o(i.AntiPulse_MovingAverage_Filter), (112 bytes).
    Removing filter.o(i.IIR_I_Filter), (140 bytes).
    Removing filter.o(i.LPF_1_Filter_1), (46 bytes).
    Removing filter.o(i.LPF_1_Filter_2), (80 bytes).
    Removing filter.o(i.MovMiddle), (136 bytes).
    Removing filter.o(i.MovingAverage_Filter), (66 bytes).
    Removing filter.o(i.Moving_Median), (192 bytes).
    Removing filter.o(.bss), (202 bytes).
    Removing filter.o(.data), (4 bytes).
    Removing kalman.o(i.KalmanFilter), (844 bytes).
    Removing kalman.o(i.kalman1_filter), (156 bytes).
    Removing kalman.o(i.kalman1_init), (32 bytes).
    Removing kalman.o(i.kalman2_filter), (502 bytes).
    Removing kalman.o(i.kalman2_init), (72 bytes).
    Removing kalman.o(i.kalman_2_Update), (488 bytes).
    Removing kalman.o(i.matrix_add), (72 bytes).
    Removing kalman.o(i.matrix_multi), (114 bytes).
    Removing kalman.o(i.matrix_sub), (72 bytes).
    Removing kalman.o(.bss), (64 bytes).
    Removing kalman.o(.data), (152 bytes).
    Removing mymath.o(i.VariableParameter), (76 bytes).
    Removing mymath.o(i.arcsin), (164 bytes).
    Removing mymath.o(i.arctan), (82 bytes).
    Removing mymath.o(i.array_assign), (26 bytes).
    Removing mymath.o(i.array_astrict), (48 bytes).
    Removing mymath.o(i.cosine), (24 bytes).
    Removing mymath.o(i.data_limit), (38 bytes).
    Removing mymath.o(i.middle_3), (46 bytes).
    Removing mymath.o(i.my_deathzoom), (66 bytes).
    Removing mymath.o(i.my_deathzoom_2), (44 bytes).
    Removing mymath.o(i.safe_asin), (72 bytes).
    Removing mymath.o(i.sine), (196 bytes).
    Removing fscalb.o(.text), (24 bytes).
    Removing fsqrt.o(.text), (94 bytes).
    Removing cdcmple.o(.text), (48 bytes).

492 unused section(s) (total 23181 bytes) removed from the image.

==============================================================================

Image Symbol Table

    Local Symbols

    Symbol Name                              Value     Ov Type        Size  Object(Section)

    ../clib/microlib/errno.c                 0x00000000   Number         0  errno.o ABSOLUTE
    ../clib/microlib/init/entry.s            0x00000000   Number         0  entry7b.o ABSOLUTE
    ../clib/microlib/init/entry.s            0x00000000   Number         0  entry7a.o ABSOLUTE
    ../clib/microlib/init/entry.s            0x00000000   Number         0  entry5.o ABSOLUTE
    ../clib/microlib/init/entry.s            0x00000000   Number         0  entry10b.o ABSOLUTE
    ../clib/microlib/init/entry.s            0x00000000   Number         0  entry8a.o ABSOLUTE
    ../clib/microlib/init/entry.s            0x00000000   Number         0  entry8b.o ABSOLUTE
    ../clib/microlib/init/entry.s            0x00000000   Number         0  entry2.o ABSOLUTE
    ../clib/microlib/init/entry.s            0x00000000   Number         0  entry9a.o ABSOLUTE
    ../clib/microlib/init/entry.s            0x00000000   Number         0  entry9b.o ABSOLUTE
    ../clib/microlib/init/entry.s            0x00000000   Number         0  entry10a.o ABSOLUTE
    ../clib/microlib/init/entry.s            0x00000000   Number         0  entry11a.o ABSOLUTE
    ../clib/microlib/init/entry.s            0x00000000   Number         0  entry11b.o ABSOLUTE
    ../clib/microlib/init/entry.s            0x00000000   Number         0  entry.o ABSOLUTE
    ../clib/microlib/longlong.c              0x00000000   Number         0  llushr.o ABSOLUTE
    ../clib/microlib/longlong.c              0x00000000   Number         0  llshl.o ABSOLUTE
    ../clib/microlib/longlong.c              0x00000000   Number         0  llsshr.o ABSOLUTE
    ../clib/microlib/string/memcpy.c         0x00000000   Number         0  memcpya.o ABSOLUTE
    ../clib/microlib/string/memcpy.c         0x00000000   Number         0  memcpyb.o ABSOLUTE
    ../clib/microlib/string/memset.c         0x00000000   Number         0  memseta.o ABSOLUTE
    ../clib/microlib/stubs.s                 0x00000000   Number         0  iusefp.o ABSOLUTE
    ../fplib/microlib/d2f.c                  0x00000000   Number         0  d2f.o ABSOLUTE
    ../fplib/microlib/f2d.c                  0x00000000   Number         0  f2d.o ABSOLUTE
    ../fplib/microlib/fpadd.c                0x00000000   Number         0  fadd.o ABSOLUTE
    ../fplib/microlib/fpadd.c                0x00000000   Number         0  dadd.o ABSOLUTE
    ../fplib/microlib/fpdiv.c                0x00000000   Number         0  fdiv.o ABSOLUTE
    ../fplib/microlib/fpdiv.c                0x00000000   Number         0  ddiv.o ABSOLUTE
    ../fplib/microlib/fpepilogue.c           0x00000000   Number         0  depilogue.o ABSOLUTE
    ../fplib/microlib/fpepilogue.c           0x00000000   Number         0  fepilogue.o ABSOLUTE
    ../fplib/microlib/fpfix.c                0x00000000   Number         0  ffixi.o ABSOLUTE
    ../fplib/microlib/fpflt.c                0x00000000   Number         0  fflti.o ABSOLUTE
    ../fplib/microlib/fpflt.c                0x00000000   Number         0  ffltui.o ABSOLUTE
    ../fplib/microlib/fpmul.c                0x00000000   Number         0  dmul.o ABSOLUTE
    ../fplib/microlib/fpmul.c                0x00000000   Number         0  fmul.o ABSOLUTE
    ../fplib/microlib/fpscalb.c              0x00000000   Number         0  dscalb.o ABSOLUTE
    ../fplib/microlib/fpscalb.c              0x00000000   Number         0  fscalb.o ABSOLUTE
    ../fplib/microlib/fpsqrt.c               0x00000000   Number         0  fsqrt.o ABSOLUTE
    ../fplib/microlib/fpsqrt.c               0x00000000   Number         0  dsqrt.o ABSOLUTE
    ../mathlib/asin.c                        0x00000000   Number         0  asin.o ABSOLUTE
    ../mathlib/asin.c                        0x00000000   Number         0  asin_x.o ABSOLUTE
    ../mathlib/asinf.c                       0x00000000   Number         0  asinf.o ABSOLUTE
    ../mathlib/asinf.c                       0x00000000   Number         0  asinf_x.o ABSOLUTE
    ../mathlib/atan.c                        0x00000000   Number         0  atan.o ABSOLUTE
    ../mathlib/atan.c                        0x00000000   Number         0  atan_x.o ABSOLUTE
    ../mathlib/atan2.c                       0x00000000   Number         0  atan2_x.o ABSOLUTE
    ../mathlib/atan2.c                       0x00000000   Number         0  atan2.o ABSOLUTE
    ../mathlib/dunder.c                      0x00000000   Number         0  dunder.o ABSOLUTE
    ../mathlib/fpclassify.c                  0x00000000   Number         0  fpclassify.o ABSOLUTE
    ../mathlib/fpclassifyf.c                 0x00000000   Number         0  fpclassifyf.o ABSOLUTE
    ../mathlib/funder.c                      0x00000000   Number         0  funder.o ABSOLUTE
    ../mathlib/poly.c                        0x00000000   Number         0  poly.o ABSOLUTE
    ../mathlib/qnan.c                        0x00000000   Number         0  qnan.o ABSOLUTE
    ../mathlib/sqrt.c                        0x00000000   Number         0  sqrt_x.o ABSOLUTE
    ../mathlib/sqrt.c                        0x00000000   Number         0  sqrt.o ABSOLUTE
    ../mathlib/sqrtf.c                       0x00000000   Number         0  sqrtf_x.o ABSOLUTE
    ../mathlib/sqrtf.c                       0x00000000   Number         0  sqrtf.o ABSOLUTE
    CONFIG\ADC.c                             0x00000000   Number         0  adc.o ABSOLUTE
    CONFIG\GPIO.c                            0x00000000   Number         0  gpio.o ABSOLUTE
    CONFIG\IIC_SOFTWARE.c                    0x00000000   Number         0  iic_software.o ABSOLUTE
    CONFIG\Spi.c                             0x00000000   Number         0  spi.o ABSOLUTE
    CONFIG\TIM.c                             0x00000000   Number         0  tim.o ABSOLUTE
    CONFIG\USART.c                           0x00000000   Number         0  usart.o ABSOLUTE
    HAL\ANO_DT.c                             0x00000000   Number         0  ano_dt.o ABSOLUTE
    HAL\control.c                            0x00000000   Number         0  control.o ABSOLUTE
    HAL\remote.c                             0x00000000   Number         0  remote.o ABSOLUTE
    HARDWARE\LED.c                           0x00000000   Number         0  led.o ABSOLUTE
    HARDWARE\mpu6050.c                       0x00000000   Number         0  mpu6050.o ABSOLUTE
    HARDWARE\nrf24l01.c                      0x00000000   Number         0  nrf24l01.o ABSOLUTE
    Lib\src\misc.c                           0x00000000   Number         0  misc.o ABSOLUTE
    Lib\src\stm32f10x_adc.c                  0x00000000   Number         0  stm32f10x_adc.o ABSOLUTE
    Lib\src\stm32f10x_bkp.c                  0x00000000   Number         0  stm32f10x_bkp.o ABSOLUTE
    Lib\src\stm32f10x_can.c                  0x00000000   Number         0  stm32f10x_can.o ABSOLUTE
    Lib\src\stm32f10x_cec.c                  0x00000000   Number         0  stm32f10x_cec.o ABSOLUTE
    Lib\src\stm32f10x_crc.c                  0x00000000   Number         0  stm32f10x_crc.o ABSOLUTE
    Lib\src\stm32f10x_dac.c                  0x00000000   Number         0  stm32f10x_dac.o ABSOLUTE
    Lib\src\stm32f10x_dbgmcu.c               0x00000000   Number         0  stm32f10x_dbgmcu.o ABSOLUTE
    Lib\src\stm32f10x_dma.c                  0x00000000   Number         0  stm32f10x_dma.o ABSOLUTE
    Lib\src\stm32f10x_exti.c                 0x00000000   Number         0  stm32f10x_exti.o ABSOLUTE
    Lib\src\stm32f10x_flash.c                0x00000000   Number         0  stm32f10x_flash.o ABSOLUTE
    Lib\src\stm32f10x_fsmc.c                 0x00000000   Number         0  stm32f10x_fsmc.o ABSOLUTE
    Lib\src\stm32f10x_gpio.c                 0x00000000   Number         0  stm32f10x_gpio.o ABSOLUTE
    Lib\src\stm32f10x_i2c.c                  0x00000000   Number         0  stm32f10x_i2c.o ABSOLUTE
    Lib\src\stm32f10x_iwdg.c                 0x00000000   Number         0  stm32f10x_iwdg.o ABSOLUTE
    Lib\src\stm32f10x_pwr.c                  0x00000000   Number         0  stm32f10x_pwr.o ABSOLUTE
    Lib\src\stm32f10x_rcc.c                  0x00000000   Number         0  stm32f10x_rcc.o ABSOLUTE
    Lib\src\stm32f10x_rtc.c                  0x00000000   Number         0  stm32f10x_rtc.o ABSOLUTE
    Lib\src\stm32f10x_sdio.c                 0x00000000   Number         0  stm32f10x_sdio.o ABSOLUTE
    Lib\src\stm32f10x_spi.c                  0x00000000   Number         0  stm32f10x_spi.o ABSOLUTE
    Lib\src\stm32f10x_tim.c                  0x00000000   Number         0  stm32f10x_tim.o ABSOLUTE
    Lib\src\stm32f10x_usart.c                0x00000000   Number         0  stm32f10x_usart.o ABSOLUTE
    Lib\src\stm32f10x_wwdg.c                 0x00000000   Number         0  stm32f10x_wwdg.o ABSOLUTE
    MATH\filter.c                            0x00000000   Number         0  filter.o ABSOLUTE
    MATH\imu.c                               0x00000000   Number         0  imu.o ABSOLUTE
    MATH\kalman.c                            0x00000000   Number         0  kalman.o ABSOLUTE
    MATH\myMath.c                            0x00000000   Number         0  mymath.o ABSOLUTE
    MATH\pid.c                               0x00000000   Number         0  pid.o ABSOLUTE
    StartUp\\core_cm3.c                      0x00000000   Number         0  core_cm3.o ABSOLUTE
    StartUp\core_cm3.c                       0x00000000   Number         0  core_cm3.o ABSOLUTE
    StartUp\startup_stm32f10x_md.s           0x00000000   Number         0  startup_stm32f10x_md.o ABSOLUTE
    StartUp\stm32f10x_it.c                   0x00000000   Number         0  stm32f10x_it.o ABSOLUTE
    StartUp\system_stm32f10x.c               0x00000000   Number         0  system_stm32f10x.o ABSOLUTE
    USER\INIT.c                              0x00000000   Number         0  init.o ABSOLUTE
    USER\delay.c                             0x00000000   Number         0  delay.o ABSOLUTE
    USER\main.c                              0x00000000   Number         0  main.o ABSOLUTE
    USER\scheduler.c                         0x00000000   Number         0  scheduler.o ABSOLUTE
    USER\sys.c                               0x00000000   Number         0  sys.o ABSOLUTE
    cdcmple.s                                0x00000000   Number         0  cdcmple.o ABSOLUTE
    cfcmple.s                                0x00000000   Number         0  cfcmple.o ABSOLUTE
    cfrcmple.s                               0x00000000   Number         0  cfrcmple.o ABSOLUTE
    dc.s                                     0x00000000   Number         0  dc.o ABSOLUTE
    handlers.s                               0x00000000   Number         0  handlers.o ABSOLUTE
    init.s                                   0x00000000   Number         0  init.o ABSOLUTE
    RESET                                    0x08000000   Section      236  startup_stm32f10x_md.o(RESET)
    .ARM.Collect$$$$00000000                 0x080000ec   Section        0  entry.o(.ARM.Collect$$$$00000000)
    .ARM.Collect$$$$00000001                 0x080000ec   Section        4  entry2.o(.ARM.Collect$$$$00000001)
    .ARM.Collect$$$$00000004                 0x080000f0   Section        4  entry5.o(.ARM.Collect$$$$00000004)
    .ARM.Collect$$$$00000008                 0x080000f4   Section        0  entry7b.o(.ARM.Collect$$$$00000008)
    .ARM.Collect$$$$0000000A                 0x080000f4   Section        0  entry8b.o(.ARM.Collect$$$$0000000A)
    .ARM.Collect$$$$0000000B                 0x080000f4   Section        8  entry9a.o(.ARM.Collect$$$$0000000B)
    .ARM.Collect$$$$0000000D                 0x080000fc   Section        0  entry10a.o(.ARM.Collect$$$$0000000D)
    .ARM.Collect$$$$0000000F                 0x080000fc   Section        0  entry11a.o(.ARM.Collect$$$$0000000F)
    .ARM.Collect$$$$00002712                 0x080000fc   Section        4  entry2.o(.ARM.Collect$$$$00002712)
    __lit__00000000                          0x080000fc   Data           4  entry2.o(.ARM.Collect$$$$00002712)
    .text                                    0x08000100   Section       36  startup_stm32f10x_md.o(.text)
    .text                                    0x08000124   Section        0  memcpya.o(.text)
    .text                                    0x08000148   Section        0  memseta.o(.text)
    .text                                    0x0800016c   Section        0  fadd.o(.text)
    .text                                    0x0800021c   Section        0  fmul.o(.text)
    .text                                    0x08000280   Section        0  fdiv.o(.text)
    .text                                    0x080002fc   Section        0  dadd.o(.text)
    .text                                    0x0800044a   Section        0  dmul.o(.text)
    .text                                    0x0800052e   Section        0  fflti.o(.text)
    .text                                    0x08000540   Section        0  ffltui.o(.text)
    .text                                    0x0800054a   Section        0  ffixi.o(.text)
    .text                                    0x0800057c   Section        0  f2d.o(.text)
    .text                                    0x080005a2   Section        0  d2f.o(.text)
    .text                                    0x080005dc   Section       20  cfcmple.o(.text)
    .text                                    0x080005f0   Section       20  cfrcmple.o(.text)
    .text                                    0x08000604   Section        0  llshl.o(.text)
    .text                                    0x08000622   Section        0  llsshr.o(.text)
    .text                                    0x08000646   Section        0  fepilogue.o(.text)
    .text                                    0x08000646   Section        0  iusefp.o(.text)
    .text                                    0x080006b4   Section        0  depilogue.o(.text)
    .text                                    0x0800076e   Section        0  ddiv.o(.text)
    .text                                    0x0800084c   Section        0  dscalb.o(.text)
    .text                                    0x0800087c   Section       36  init.o(.text)
    .text                                    0x080008a0   Section        0  llushr.o(.text)
    .text                                    0x080008c0   Section        0  dsqrt.o(.text)
    i.ALL_Init                               0x08000962   Section        0  init.o(i.ALL_Init)
    i.ANO_Recive                             0x08000988   Section        0  ano_dt.o(i.ANO_Recive)
    i.ANTO_Send                              0x08000a64   Section        0  ano_dt.o(i.ANTO_Send)
    ANTO_Send                                0x08000a65   Thumb Code   552  ano_dt.o(i.ANTO_Send)
    i.ANTO_polling                           0x08000cc0   Section        0  ano_dt.o(i.ANTO_polling)
    i.BusFault_Handler                       0x08000f18   Section        0  stm32f10x_it.o(i.BusFault_Handler)
    i.CascadePID                             0x08000f1c   Section        0  pid.o(i.CascadePID)
    i.DebugMon_Handler                       0x08000f3a   Section        0  stm32f10x_it.o(i.DebugMon_Handler)
    i.FlightPidControl                       0x08000f3c   Section        0  control.o(i.FlightPidControl)
    i.GPIO_Init                              0x0800107c   Section        0  stm32f10x_gpio.o(i.GPIO_Init)
    i.GPIO_SetBits                           0x08001192   Section        0  stm32f10x_gpio.o(i.GPIO_SetBits)
    i.GetAngle                               0x08001198   Section        0  imu.o(i.GetAngle)
    i.GetSysTime_us                          0x080018e4   Section        0  delay.o(i.GetSysTime_us)
    i.HardFault_Handler                      0x08001928   Section        0  stm32f10x_it.o(i.HardFault_Handler)
    i.I2c_Ack                                0x0800192c   Section        0  iic_software.o(i.I2c_Ack)
    I2c_Ack                                  0x0800192d   Thumb Code   198  iic_software.o(i.I2c_Ack)
    i.I2c_NoAck                              0x080019f8   Section        0  iic_software.o(i.I2c_NoAck)
    I2c_NoAck                                0x080019f9   Thumb Code   200  iic_software.o(i.I2c_NoAck)
    i.I2c_ReadByte                           0x08001ac4   Section        0  iic_software.o(i.I2c_ReadByte)
    I2c_ReadByte                             0x08001ac5   Thumb Code   188  iic_software.o(i.I2c_ReadByte)
    i.I2c_SendByte                           0x08001b84   Section        0  iic_software.o(i.I2c_SendByte)
    I2c_SendByte                             0x08001b85   Thumb Code   186  iic_software.o(i.I2c_SendByte)
    i.I2c_Start                              0x08001c44   Section        0  iic_software.o(i.I2c_Start)
    I2c_Start                                0x08001c45   Thumb Code   144  iic_software.o(i.I2c_Start)
    i.I2c_Stop                               0x08001cd8   Section        0  iic_software.o(i.I2c_Stop)
    I2c_Stop                                 0x08001cd9   Thumb Code   152  iic_software.o(i.I2c_Stop)
    i.I2c_WaitAck                            0x08001d74   Section        0  iic_software.o(i.I2c_WaitAck)
    I2c_WaitAck                              0x08001d75   Thumb Code   176  iic_software.o(i.I2c_WaitAck)
    i.IIC_Init                               0x08001e28   Section        0  iic_software.o(i.IIC_Init)
    i.IIC_Read_One_Byte                      0x08001e54   Section        0  iic_software.o(i.IIC_Read_One_Byte)
    i.IIC_Write_One_Byte                     0x08001eb8   Section        0  iic_software.o(i.IIC_Write_One_Byte)
    i.IIC_read_Bytes                         0x08001efc   Section        0  iic_software.o(i.IIC_read_Bytes)
    i.LEDInit                                0x08001f7c   Section        0  led.o(i.LEDInit)
    i.MemManage_Handler                      0x08001fb4   Section        0  stm32f10x_it.o(i.MemManage_Handler)
    i.MotorControl                           0x08001fb8   Section        0  control.o(i.MotorControl)
    i.MpuGetData                             0x08002244   Section        0  mpu6050.o(i.MpuGetData)
    i.MpuGetOffset                           0x08002338   Section        0  mpu6050.o(i.MpuGetOffset)
    i.MpuInit                                0x08002460   Section        0  mpu6050.o(i.MpuInit)
    i.NMI_Handler                            0x080024dc   Section        0  stm32f10x_it.o(i.NMI_Handler)
    i.NRF24L01_Check                         0x080024e0   Section        0  nrf24l01.o(i.NRF24L01_Check)
    i.NRF24L01_Configuration                 0x0800252c   Section        0  nrf24l01.o(i.NRF24L01_Configuration)
    i.NRF24L01_Read_Buf                      0x080025cc   Section        0  nrf24l01.o(i.NRF24L01_Read_Buf)
    i.NRF24L01_Read_Reg                      0x08002610   Section        0  nrf24l01.o(i.NRF24L01_Read_Reg)
    i.NRF24L01_RxPacket                      0x0800263c   Section        0  nrf24l01.o(i.NRF24L01_RxPacket)
    i.NRF24L01_Write_Buf                     0x08002670   Section        0  nrf24l01.o(i.NRF24L01_Write_Buf)
    i.NRF24L01_Write_Reg                     0x080026b4   Section        0  nrf24l01.o(i.NRF24L01_Write_Reg)
    i.NRF24L01_init                          0x080026e4   Section        0  nrf24l01.o(i.NRF24L01_init)
    i.NVIC_Init                              0x080026fc   Section        0  misc.o(i.NVIC_Init)
    i.NVIC_PriorityGroupConfig               0x0800276c   Section        0  misc.o(i.NVIC_PriorityGroupConfig)
    i.PendSV_Handler                         0x08002780   Section        0  stm32f10x_it.o(i.PendSV_Handler)
    i.PilotLED                               0x08002784   Section        0  led.o(i.PilotLED)
    i.Q_rsqrt                                0x080028a8   Section        0  mymath.o(i.Q_rsqrt)
    i.RCC_APB1PeriphClockCmd                 0x080028f8   Section        0  stm32f10x_rcc.o(i.RCC_APB1PeriphClockCmd)
    i.RCC_APB2PeriphClockCmd                 0x08002918   Section        0  stm32f10x_rcc.o(i.RCC_APB2PeriphClockCmd)
    i.RCC_GetClocksFreq                      0x08002938   Section        0  stm32f10x_rcc.o(i.RCC_GetClocksFreq)
    i.RC_Analy                               0x08002a0c   Section        0  remote.o(i.RC_Analy)
    i.RX_Mode                                0x08002b94   Section        0  nrf24l01.o(i.RX_Mode)
    i.SPI_Cmd                                0x08002bec   Section        0  stm32f10x_spi.o(i.SPI_Cmd)
    i.SPI_Config                             0x08002c04   Section        0  spi.o(i.SPI_Config)
    i.SPI_I2S_GetFlagStatus                  0x08002c98   Section        0  stm32f10x_spi.o(i.SPI_I2S_GetFlagStatus)
    i.SPI_I2S_ReceiveData                    0x08002caa   Section        0  stm32f10x_spi.o(i.SPI_I2S_ReceiveData)
    i.SPI_I2S_SendData                       0x08002cb0   Section        0  stm32f10x_spi.o(i.SPI_I2S_SendData)
    i.SPI_Init                               0x08002cb4   Section        0  stm32f10x_spi.o(i.SPI_Init)
    i.SPI_RW                                 0x08002cf0   Section        0  spi.o(i.SPI_RW)
    i.SVC_Handler                            0x08002d28   Section        0  stm32f10x_it.o(i.SVC_Handler)
    i.SetSysClock                            0x08002d2a   Section        0  system_stm32f10x.o(i.SetSysClock)
    SetSysClock                              0x08002d2b   Thumb Code     8  system_stm32f10x.o(i.SetSysClock)
    i.SetSysClockTo72                        0x08002d34   Section        0  system_stm32f10x.o(i.SetSysClockTo72)
    SetSysClockTo72                          0x08002d35   Thumb Code   214  system_stm32f10x.o(i.SetSysClockTo72)
    i.SysTick_Handler                        0x08002e14   Section        0  stm32f10x_it.o(i.SysTick_Handler)
    i.SystemInit                             0x08002e24   Section        0  system_stm32f10x.o(i.SystemInit)
    i.TIM2_PWM_Config                        0x08002e84   Section        0  tim.o(i.TIM2_PWM_Config)
    i.TIM3_Config                            0x08002f4c   Section        0  tim.o(i.TIM3_Config)
    i.TIM3_IRQHandler                        0x08002fb0   Section        0  scheduler.o(i.TIM3_IRQHandler)
    i.TIM_ARRPreloadConfig                   0x0800303c   Section        0  stm32f10x_tim.o(i.TIM_ARRPreloadConfig)
    i.TIM_ClearITPendingBit                  0x08003054   Section        0  stm32f10x_tim.o(i.TIM_ClearITPendingBit)
    i.TIM_Cmd                                0x0800305a   Section        0  stm32f10x_tim.o(i.TIM_Cmd)
    i.TIM_GetITStatus                        0x08003072   Section        0  stm32f10x_tim.o(i.TIM_GetITStatus)
    i.TIM_ITConfig                           0x08003094   Section        0  stm32f10x_tim.o(i.TIM_ITConfig)
    i.TIM_OC1Init                            0x080030a8   Section        0  stm32f10x_tim.o(i.TIM_OC1Init)
    i.TIM_OC1PreloadConfig                   0x08003140   Section        0  stm32f10x_tim.o(i.TIM_OC1PreloadConfig)
    i.TIM_OC2Init                            0x08003154   Section        0  stm32f10x_tim.o(i.TIM_OC2Init)
    i.TIM_OC2PreloadConfig                   0x080031f8   Section        0  stm32f10x_tim.o(i.TIM_OC2PreloadConfig)
    i.TIM_OC3Init                            0x08003214   Section        0  stm32f10x_tim.o(i.TIM_OC3Init)
    i.TIM_OC3PreloadConfig                   0x080032b4   Section        0  stm32f10x_tim.o(i.TIM_OC3PreloadConfig)
    i.TIM_OC4Init                            0x080032c8   Section        0  stm32f10x_tim.o(i.TIM_OC4Init)
    i.TIM_OC4PreloadConfig                   0x08003344   Section        0  stm32f10x_tim.o(i.TIM_OC4PreloadConfig)
    i.TIM_TimeBaseInit                       0x08003360   Section        0  stm32f10x_tim.o(i.TIM_TimeBaseInit)
    i.USART3_Config                          0x08003404   Section        0  usart.o(i.USART3_Config)
    i.USART3_IRQHandler                      0x080034ac   Section        0  ano_dt.o(i.USART3_IRQHandler)
    i.USART3_SendByte                        0x080035b0   Section        0  usart.o(i.USART3_SendByte)
    i.USART_Cmd                              0x080035e0   Section        0  stm32f10x_usart.o(i.USART_Cmd)
    i.USART_ITConfig                         0x080035f8   Section        0  stm32f10x_usart.o(i.USART_ITConfig)
    i.USART_Init                             0x08003644   Section        0  stm32f10x_usart.o(i.USART_Init)
    i.USART_SendData                         0x0800371c   Section        0  stm32f10x_usart.o(i.USART_SendData)
    i.UsageFault_Handler                     0x08003724   Section        0  stm32f10x_it.o(i.UsageFault_Handler)
    i.__ARM_fpclassify                       0x08003728   Section        0  fpclassify.o(i.__ARM_fpclassify)
    i.__kernel_poly                          0x08003750   Section        0  poly.o(i.__kernel_poly)
    i.__mathlib_dbl_infnan                   0x080037fa   Section        0  dunder.o(i.__mathlib_dbl_infnan)
    i.__mathlib_dbl_infnan2                  0x08003800   Section        0  dunder.o(i.__mathlib_dbl_infnan2)
    i.__mathlib_dbl_invalid                  0x08003804   Section        0  dunder.o(i.__mathlib_dbl_invalid)
    i.__mathlib_dbl_underflow                0x08003810   Section        0  dunder.o(i.__mathlib_dbl_underflow)
    i.__scatterload_copy                     0x08003820   Section       14  handlers.o(i.__scatterload_copy)
    i.__scatterload_null                     0x0800382e   Section        2  handlers.o(i.__scatterload_null)
    i.__scatterload_zeroinit                 0x08003830   Section       14  handlers.o(i.__scatterload_zeroinit)
    i.__set_errno                            0x08003840   Section        0  errno.o(i.__set_errno)
    i.asin                                   0x0800384c   Section        0  asin.o(i.asin)
    i.atan                                   0x08003abc   Section        0  atan.o(i.atan)
    i.atan2                                  0x08003cdc   Section        0  atan2.o(i.atan2)
    i.cycleCounterInit                       0x08003e5c   Section        0  delay.o(i.cycleCounterInit)
    i.delay_ms                               0x08003e80   Section        0  delay.o(i.delay_ms)
    i.kalman_1                               0x08003ea2   Section        0  kalman.o(i.kalman_1)
    i.main                                   0x08003efc   Section        0  main.o(i.main)
    i.pidRest                                0x08003f74   Section        0  pid.o(i.pidRest)
    i.pidUpdate                              0x08003fa0   Section        0  pid.o(i.pidUpdate)
    i.pid_param_Init                         0x0800400c   Section        0  init.o(i.pid_param_Init)
    i.remote_unlock                          0x08004074   Section        0  remote.o(i.remote_unlock)
    i.sqrt                                   0x08004194   Section        0  sqrt.o(i.sqrt)
    .constdata                               0x080041e0   Section       10  nrf24l01.o(.constdata)
    .constdata                               0x080041ec   Section       24  mymath.o(.constdata)
    .constdata                               0x08004208   Section       80  asin.o(.constdata)
    pS                                       0x08004208   Data          48  asin.o(.constdata)
    qS                                       0x08004238   Data          32  asin.o(.constdata)
    .constdata                               0x08004258   Section      152  atan.o(.constdata)
    atanhi                                   0x08004258   Data          32  atan.o(.constdata)
    atanlo                                   0x08004278   Data          32  atan.o(.constdata)
    aTodd                                    0x08004298   Data          40  atan.o(.constdata)
    aTeven                                   0x080042c0   Data          48  atan.o(.constdata)
    .constdata                               0x080042f0   Section        8  qnan.o(.constdata)
    .data                                    0x20000000   Section       20  system_stm32f10x.o(.data)
    .data                                    0x20000014   Section        4  delay.o(.data)
    usTicks                                  0x20000014   Data           4  delay.o(.data)
    .data                                    0x20000018   Section        2  scheduler.o(.data)
    cnt_3ms                                  0x20000018   Data           1  scheduler.o(.data)
    cnt_6ms                                  0x20000019   Data           1  scheduler.o(.data)
    .data                                    0x2000001c   Section       11  init.o(.data)
    .data                                    0x20000027   Section       20  stm32f10x_rcc.o(.data)
    APBAHBPrescTable                         0x20000027   Data          16  stm32f10x_rcc.o(.data)
    ADCPrescTable                            0x20000037   Data           4  stm32f10x_rcc.o(.data)
    .data                                    0x2000003c   Section        8  led.o(.data)
    LastTime                                 0x20000040   Data           4  led.o(.data)
    .data                                    0x20000044   Section       76  mpu6050.o(.data)
    pMpu                                     0x20000044   Data           4  mpu6050.o(.data)
    ekf                                      0x20000048   Data          72  mpu6050.o(.data)
    .data                                    0x20000090   Section       10  ano_dt.o(.data)
    ANTO_Recived_flag                        0x20000090   Data           1  ano_dt.o(.data)
    status                                   0x20000091   Data           1  ano_dt.o(.data)
    count                                    0x20000092   Data           1  ano_dt.o(.data)
    CheckSend                                0x20000093   Data           7  ano_dt.o(.data)
    .data                                    0x2000009a   Section        7  remote.o(.data)
    cnt                                      0x2000009a   Data           2  remote.o(.data)
    status                                   0x2000009c   Data           1  remote.o(.data)
    cnt                                      0x2000009e   Data           2  remote.o(.data)
    cnt                                      0x200000a0   Data           1  remote.o(.data)
    .data                                    0x200000a4   Section       42  control.o(.data)
    status                                   0x200000cc   Data           1  control.o(.data)
    status                                   0x200000cd   Data           1  control.o(.data)
    .data                                    0x200000d0   Section       28  imu.o(.data)
    NormAcc                                  0x200000d0   Data           4  imu.o(.data)
    KpDef                                    0x200000d4   Data           4  imu.o(.data)
    KiDef                                    0x200000d8   Data           4  imu.o(.data)
    NumQ                                     0x200000dc   Data          16  imu.o(.data)
    .data                                    0x200000ec   Section        4  errno.o(.data)
    _errno                                   0x200000ec   Data           4  errno.o(.data)
    .bss                                     0x200000f0   Section      456  init.o(.bss)
    .bss                                     0x200002b8   Section       24  mpu6050.o(.bss)
    tBuff                                    0x200002c4   Data          12  mpu6050.o(.bss)
    .bss                                     0x200002d0   Section       79  ano_dt.o(.bss)
    RatePID                                  0x200002d0   Data          18  ano_dt.o(.bss)
    AnglePID                                 0x200002e2   Data          18  ano_dt.o(.bss)
    HighPID                                  0x200002f4   Data          18  ano_dt.o(.bss)
    ReciveBuffer                             0x20000306   Data          25  ano_dt.o(.bss)
    .bss                                     0x2000031f   Section       32  remote.o(.bss)
    .bss                                     0x20000340   Section       12  imu.o(.bss)
    GyroIntegError                           0x20000340   Data          12  imu.o(.bss)
    STACK                                    0x20000350   Section     1024  startup_stm32f10x_md.o(STACK)

    Global Symbols

    Symbol Name                              Value     Ov Type        Size  Object(Section)

    BuildAttributes$$THM_ISAv4$P$D$K$B$S$PE$A:L22UL41UL21$X:L11$S22US41US21$IEEE1$IW$USESV6$~STKCKD$USESV7$~SHL$OTIME$ROPI$IEEEX$EBA8$MICROLIB$REQ8$PRES8$EABIv2 0x00000000   Number         0  anon$$obj.o ABSOLUTE
    __ARM_use_no_argv                        0x00000000   Number         0  main.o ABSOLUTE
    __cpp_initialize__aeabi_                  - Undefined Weak Reference
    __cxa_finalize                            - Undefined Weak Reference
    __decompress                              - Undefined Weak Reference
    _clock_init                               - Undefined Weak Reference
    _microlib_exit                            - Undefined Weak Reference
    __Vectors_Size                           0x000000ec   Number         0  startup_stm32f10x_md.o ABSOLUTE
    __Vectors                                0x08000000   Data           4  startup_stm32f10x_md.o(RESET)
    __Vectors_End                            0x080000ec   Data           0  startup_stm32f10x_md.o(RESET)
    __main                                   0x080000ed   Thumb Code     0  entry.o(.ARM.Collect$$$$00000000)
    _main_stk                                0x080000ed   Thumb Code     0  entry2.o(.ARM.Collect$$$$00000001)
    _main_scatterload                        0x080000f1   Thumb Code     0  entry5.o(.ARM.Collect$$$$00000004)
    __main_after_scatterload                 0x080000f5   Thumb Code     0  entry5.o(.ARM.Collect$$$$00000004)
    _main_clock                              0x080000f5   Thumb Code     0  entry7b.o(.ARM.Collect$$$$00000008)
    _main_cpp_init                           0x080000f5   Thumb Code     0  entry8b.o(.ARM.Collect$$$$0000000A)
    _main_init                               0x080000f5   Thumb Code     0  entry9a.o(.ARM.Collect$$$$0000000B)
    __rt_final_cpp                           0x080000fd   Thumb Code     0  entry10a.o(.ARM.Collect$$$$0000000D)
    __rt_final_exit                          0x080000fd   Thumb Code     0  entry11a.o(.ARM.Collect$$$$0000000F)
    Reset_Handler                            0x08000101   Thumb Code     8  startup_stm32f10x_md.o(.text)
    ADC1_2_IRQHandler                        0x0800011b   Thumb Code     0  startup_stm32f10x_md.o(.text)
    CAN1_RX1_IRQHandler                      0x0800011b   Thumb Code     0  startup_stm32f10x_md.o(.text)
    CAN1_SCE_IRQHandler                      0x0800011b   Thumb Code     0  startup_stm32f10x_md.o(.text)
    DMA1_Channel1_IRQHandler                 0x0800011b   Thumb Code     0  startup_stm32f10x_md.o(.text)
    DMA1_Channel2_IRQHandler                 0x0800011b   Thumb Code     0  startup_stm32f10x_md.o(.text)
    DMA1_Channel3_IRQHandler                 0x0800011b   Thumb Code     0  startup_stm32f10x_md.o(.text)
    DMA1_Channel4_IRQHandler                 0x0800011b   Thumb Code     0  startup_stm32f10x_md.o(.text)
    DMA1_Channel5_IRQHandler                 0x0800011b   Thumb Code     0  startup_stm32f10x_md.o(.text)
    DMA1_Channel6_IRQHandler                 0x0800011b   Thumb Code     0  startup_stm32f10x_md.o(.text)
    DMA1_Channel7_IRQHandler                 0x0800011b   Thumb Code     0  startup_stm32f10x_md.o(.text)
    EXTI0_IRQHandler                         0x0800011b   Thumb Code     0  startup_stm32f10x_md.o(.text)
    EXTI15_10_IRQHandler                     0x0800011b   Thumb Code     0  startup_stm32f10x_md.o(.text)
    EXTI1_IRQHandler                         0x0800011b   Thumb Code     0  startup_stm32f10x_md.o(.text)
    EXTI2_IRQHandler                         0x0800011b   Thumb Code     0  startup_stm32f10x_md.o(.text)
    EXTI3_IRQHandler                         0x0800011b   Thumb Code     0  startup_stm32f10x_md.o(.text)
    EXTI4_IRQHandler                         0x0800011b   Thumb Code     0  startup_stm32f10x_md.o(.text)
    EXTI9_5_IRQHandler                       0x0800011b   Thumb Code     0  startup_stm32f10x_md.o(.text)
    FLASH_IRQHandler                         0x0800011b   Thumb Code     0  startup_stm32f10x_md.o(.text)
    I2C1_ER_IRQHandler                       0x0800011b   Thumb Code     0  startup_stm32f10x_md.o(.text)
    I2C1_EV_IRQHandler                       0x0800011b   Thumb Code     0  startup_stm32f10x_md.o(.text)
    I2C2_ER_IRQHandler                       0x0800011b   Thumb Code     0  startup_stm32f10x_md.o(.text)
    I2C2_EV_IRQHandler                       0x0800011b   Thumb Code     0  startup_stm32f10x_md.o(.text)
    PVD_IRQHandler                           0x0800011b   Thumb Code     0  startup_stm32f10x_md.o(.text)
    RCC_IRQHandler                           0x0800011b   Thumb Code     0  startup_stm32f10x_md.o(.text)
    RTCAlarm_IRQHandler                      0x0800011b   Thumb Code     0  startup_stm32f10x_md.o(.text)
    RTC_IRQHandler                           0x0800011b   Thumb Code     0  startup_stm32f10x_md.o(.text)
    SPI1_IRQHandler                          0x0800011b   Thumb Code     0  startup_stm32f10x_md.o(.text)
    SPI2_IRQHandler                          0x0800011b   Thumb Code     0  startup_stm32f10x_md.o(.text)
    TAMPER_IRQHandler                        0x0800011b   Thumb Code     0  startup_stm32f10x_md.o(.text)
    TIM1_BRK_IRQHandler                      0x0800011b   Thumb Code     0  startup_stm32f10x_md.o(.text)
    TIM1_CC_IRQHandler                       0x0800011b   Thumb Code     0  startup_stm32f10x_md.o(.text)
    TIM1_TRG_COM_IRQHandler                  0x0800011b   Thumb Code     0  startup_stm32f10x_md.o(.text)
    TIM1_UP_IRQHandler                       0x0800011b   Thumb Code     0  startup_stm32f10x_md.o(.text)
    TIM2_IRQHandler                          0x0800011b   Thumb Code     0  startup_stm32f10x_md.o(.text)
    TIM4_IRQHandler                          0x0800011b   Thumb Code     0  startup_stm32f10x_md.o(.text)
    USART1_IRQHandler                        0x0800011b   Thumb Code     0  startup_stm32f10x_md.o(.text)
    USART2_IRQHandler                        0x0800011b   Thumb Code     0  startup_stm32f10x_md.o(.text)
    USBWakeUp_IRQHandler                     0x0800011b   Thumb Code     0  startup_stm32f10x_md.o(.text)
    USB_HP_CAN1_TX_IRQHandler                0x0800011b   Thumb Code     0  startup_stm32f10x_md.o(.text)
    USB_LP_CAN1_RX0_IRQHandler               0x0800011b   Thumb Code     0  startup_stm32f10x_md.o(.text)
    WWDG_IRQHandler                          0x0800011b   Thumb Code     0  startup_stm32f10x_md.o(.text)
    __aeabi_memcpy                           0x08000125   Thumb Code    36  memcpya.o(.text)
    __aeabi_memcpy4                          0x08000125   Thumb Code     0  memcpya.o(.text)
    __aeabi_memcpy8                          0x08000125   Thumb Code     0  memcpya.o(.text)
    __aeabi_memset                           0x08000149   Thumb Code    14  memseta.o(.text)
    __aeabi_memset4                          0x08000149   Thumb Code     0  memseta.o(.text)
    __aeabi_memset8                          0x08000149   Thumb Code     0  memseta.o(.text)
    __aeabi_memclr                           0x08000157   Thumb Code     4  memseta.o(.text)
    __aeabi_memclr4                          0x08000157   Thumb Code     0  memseta.o(.text)
    __aeabi_memclr8                          0x08000157   Thumb Code     0  memseta.o(.text)
    _memset$wrapper                          0x0800015b   Thumb Code    18  memseta.o(.text)
    __aeabi_fadd                             0x0800016d   Thumb Code   164  fadd.o(.text)
    __aeabi_fsub                             0x08000211   Thumb Code     6  fadd.o(.text)
    __aeabi_frsub                            0x08000217   Thumb Code     6  fadd.o(.text)
    __aeabi_fmul                             0x0800021d   Thumb Code   100  fmul.o(.text)
    __aeabi_fdiv                             0x08000281   Thumb Code   124  fdiv.o(.text)
    __aeabi_dadd                             0x080002fd   Thumb Code   322  dadd.o(.text)
    __aeabi_dsub                             0x0800043f   Thumb Code     6  dadd.o(.text)
    __aeabi_drsub                            0x08000445   Thumb Code     6  dadd.o(.text)
    __aeabi_dmul                             0x0800044b   Thumb Code   228  dmul.o(.text)
    __aeabi_i2f                              0x0800052f   Thumb Code    18  fflti.o(.text)
    __aeabi_ui2f                             0x08000541   Thumb Code    10  ffltui.o(.text)
    __aeabi_f2iz                             0x0800054b   Thumb Code    50  ffixi.o(.text)
    __aeabi_f2d                              0x0800057d   Thumb Code    38  f2d.o(.text)
    __aeabi_d2f                              0x080005a3   Thumb Code    56  d2f.o(.text)
    __aeabi_cfcmpeq                          0x080005dd   Thumb Code     0  cfcmple.o(.text)
    __aeabi_cfcmple                          0x080005dd   Thumb Code    20  cfcmple.o(.text)
    __aeabi_cfrcmple                         0x080005f1   Thumb Code    20  cfrcmple.o(.text)
    __aeabi_llsl                             0x08000605   Thumb Code    30  llshl.o(.text)
    _ll_shift_l                              0x08000605   Thumb Code     0  llshl.o(.text)
    __aeabi_lasr                             0x08000623   Thumb Code    36  llsshr.o(.text)
    _ll_sshift_r                             0x08000623   Thumb Code     0  llsshr.o(.text)
    __I$use$fp                               0x08000647   Thumb Code     0  iusefp.o(.text)
    _float_round                             0x08000647   Thumb Code    18  fepilogue.o(.text)
    _float_epilogue                          0x08000659   Thumb Code    92  fepilogue.o(.text)
    _double_round                            0x080006b5   Thumb Code    30  depilogue.o(.text)
    _double_epilogue                         0x080006d3   Thumb Code   156  depilogue.o(.text)
    __aeabi_ddiv                             0x0800076f   Thumb Code   222  ddiv.o(.text)
    __ARM_scalbn                             0x0800084d   Thumb Code    46  dscalb.o(.text)
    scalbn                                   0x0800084d   Thumb Code     0  dscalb.o(.text)
    __scatterload                            0x0800087d   Thumb Code    28  init.o(.text)
    __scatterload_rt2                        0x0800087d   Thumb Code     0  init.o(.text)
    __aeabi_llsr                             0x080008a1   Thumb Code    32  llushr.o(.text)
    _ll_ushift_r                             0x080008a1   Thumb Code     0  llushr.o(.text)
    _dsqrt                                   0x080008c1   Thumb Code   162  dsqrt.o(.text)
    ALL_Init                                 0x08000963   Thumb Code    36  init.o(i.ALL_Init)
    ANO_Recive                               0x08000989   Thumb Code   202  ano_dt.o(i.ANO_Recive)
    ANTO_polling                             0x08000cc1   Thumb Code   544  ano_dt.o(i.ANTO_polling)
    BusFault_Handler                         0x08000f19   Thumb Code     4  stm32f10x_it.o(i.BusFault_Handler)
    CascadePID                               0x08000f1d   Thumb Code    30  pid.o(i.CascadePID)
    DebugMon_Handler                         0x08000f3b   Thumb Code     2  stm32f10x_it.o(i.DebugMon_Handler)
    FlightPidControl                         0x08000f3d   Thumb Code   272  control.o(i.FlightPidControl)
    GPIO_Init                                0x0800107d   Thumb Code   278  stm32f10x_gpio.o(i.GPIO_Init)
    GPIO_SetBits                             0x08001193   Thumb Code     4  stm32f10x_gpio.o(i.GPIO_SetBits)
    GetAngle                                 0x08001199   Thumb Code  1846  imu.o(i.GetAngle)
    GetSysTime_us                            0x080018e5   Thumb Code    58  delay.o(i.GetSysTime_us)
    HardFault_Handler                        0x08001929   Thumb Code     4  stm32f10x_it.o(i.HardFault_Handler)
    IIC_Init                                 0x08001e29   Thumb Code    38  iic_software.o(i.IIC_Init)
    IIC_Read_One_Byte                        0x08001e55   Thumb Code   100  iic_software.o(i.IIC_Read_One_Byte)
    IIC_Write_One_Byte                       0x08001eb9   Thumb Code    68  iic_software.o(i.IIC_Write_One_Byte)
    IIC_read_Bytes                           0x08001efd   Thumb Code   128  iic_software.o(i.IIC_read_Bytes)
    LEDInit                                  0x08001f7d   Thumb Code    48  led.o(i.LEDInit)
    MemManage_Handler                        0x08001fb5   Thumb Code     4  stm32f10x_it.o(i.MemManage_Handler)
    MotorControl                             0x08001fb9   Thumb Code   616  control.o(i.MotorControl)
    MpuGetData                               0x08002245   Thumb Code   220  mpu6050.o(i.MpuGetData)
    MpuGetOffset                             0x08002339   Thumb Code   284  mpu6050.o(i.MpuGetOffset)
    MpuInit                                  0x08002461   Thumb Code   124  mpu6050.o(i.MpuInit)
    NMI_Handler                              0x080024dd   Thumb Code     2  stm32f10x_it.o(i.NMI_Handler)
    NRF24L01_Check                           0x080024e1   Thumb Code    68  nrf24l01.o(i.NRF24L01_Check)
    NRF24L01_Configuration                   0x0800252d   Thumb Code   152  nrf24l01.o(i.NRF24L01_Configuration)
    NRF24L01_Read_Buf                        0x080025cd   Thumb Code    62  nrf24l01.o(i.NRF24L01_Read_Buf)
    NRF24L01_Read_Reg                        0x08002611   Thumb Code    40  nrf24l01.o(i.NRF24L01_Read_Reg)
    NRF24L01_RxPacket                        0x0800263d   Thumb Code    52  nrf24l01.o(i.NRF24L01_RxPacket)
    NRF24L01_Write_Buf                       0x08002671   Thumb Code    62  nrf24l01.o(i.NRF24L01_Write_Buf)
    NRF24L01_Write_Reg                       0x080026b5   Thumb Code    42  nrf24l01.o(i.NRF24L01_Write_Reg)
    NRF24L01_init                            0x080026e5   Thumb Code    22  nrf24l01.o(i.NRF24L01_init)
    NVIC_Init                                0x080026fd   Thumb Code   100  misc.o(i.NVIC_Init)
    NVIC_PriorityGroupConfig                 0x0800276d   Thumb Code    10  misc.o(i.NVIC_PriorityGroupConfig)
    PendSV_Handler                           0x08002781   Thumb Code     2  stm32f10x_it.o(i.PendSV_Handler)
    PilotLED                                 0x08002785   Thumb Code   274  led.o(i.PilotLED)
    Q_rsqrt                                  0x080028a9   Thumb Code    74  mymath.o(i.Q_rsqrt)
    RCC_APB1PeriphClockCmd                   0x080028f9   Thumb Code    26  stm32f10x_rcc.o(i.RCC_APB1PeriphClockCmd)
    RCC_APB2PeriphClockCmd                   0x08002919   Thumb Code    26  stm32f10x_rcc.o(i.RCC_APB2PeriphClockCmd)
    RCC_GetClocksFreq                        0x08002939   Thumb Code   192  stm32f10x_rcc.o(i.RCC_GetClocksFreq)
    RC_Analy                                 0x08002a0d   Thumb Code   356  remote.o(i.RC_Analy)
    RX_Mode                                  0x08002b95   Thumb Code    80  nrf24l01.o(i.RX_Mode)
    SPI_Cmd                                  0x08002bed   Thumb Code    24  stm32f10x_spi.o(i.SPI_Cmd)
    SPI_Config                               0x08002c05   Thumb Code   140  spi.o(i.SPI_Config)
    SPI_I2S_GetFlagStatus                    0x08002c99   Thumb Code    18  stm32f10x_spi.o(i.SPI_I2S_GetFlagStatus)
    SPI_I2S_ReceiveData                      0x08002cab   Thumb Code     6  stm32f10x_spi.o(i.SPI_I2S_ReceiveData)
    SPI_I2S_SendData                         0x08002cb1   Thumb Code     4  stm32f10x_spi.o(i.SPI_I2S_SendData)
    SPI_Init                                 0x08002cb5   Thumb Code    60  stm32f10x_spi.o(i.SPI_Init)
    SPI_RW                                   0x08002cf1   Thumb Code    50  spi.o(i.SPI_RW)
    SVC_Handler                              0x08002d29   Thumb Code     2  stm32f10x_it.o(i.SVC_Handler)
    SysTick_Handler                          0x08002e15   Thumb Code    12  stm32f10x_it.o(i.SysTick_Handler)
    SystemInit                               0x08002e25   Thumb Code    78  system_stm32f10x.o(i.SystemInit)
    TIM2_PWM_Config                          0x08002e85   Thumb Code   194  tim.o(i.TIM2_PWM_Config)
    TIM3_Config                              0x08002f4d   Thumb Code    94  tim.o(i.TIM3_Config)
    TIM3_IRQHandler                          0x08002fb1   Thumb Code   108  scheduler.o(i.TIM3_IRQHandler)
    TIM_ARRPreloadConfig                     0x0800303d   Thumb Code    24  stm32f10x_tim.o(i.TIM_ARRPreloadConfig)
    TIM_ClearITPendingBit                    0x08003055   Thumb Code     6  stm32f10x_tim.o(i.TIM_ClearITPendingBit)
    TIM_Cmd                                  0x0800305b   Thumb Code    24  stm32f10x_tim.o(i.TIM_Cmd)
    TIM_GetITStatus                          0x08003073   Thumb Code    34  stm32f10x_tim.o(i.TIM_GetITStatus)
    TIM_ITConfig                             0x08003095   Thumb Code    18  stm32f10x_tim.o(i.TIM_ITConfig)
    TIM_OC1Init                              0x080030a9   Thumb Code   132  stm32f10x_tim.o(i.TIM_OC1Init)
    TIM_OC1PreloadConfig                     0x08003141   Thumb Code    18  stm32f10x_tim.o(i.TIM_OC1PreloadConfig)
    TIM_OC2Init                              0x08003155   Thumb Code   154  stm32f10x_tim.o(i.TIM_OC2Init)
    TIM_OC2PreloadConfig                     0x080031f9   Thumb Code    26  stm32f10x_tim.o(i.TIM_OC2PreloadConfig)
    TIM_OC3Init                              0x08003215   Thumb Code   150  stm32f10x_tim.o(i.TIM_OC3Init)
    TIM_OC3PreloadConfig                     0x080032b5   Thumb Code    18  stm32f10x_tim.o(i.TIM_OC3PreloadConfig)
    TIM_OC4Init                              0x080032c9   Thumb Code   114  stm32f10x_tim.o(i.TIM_OC4Init)
    TIM_OC4PreloadConfig                     0x08003345   Thumb Code    26  stm32f10x_tim.o(i.TIM_OC4PreloadConfig)
    TIM_TimeBaseInit                         0x08003361   Thumb Code   122  stm32f10x_tim.o(i.TIM_TimeBaseInit)
    USART3_Config                            0x08003405   Thumb Code   150  usart.o(i.USART3_Config)
    USART3_IRQHandler                        0x080034ad   Thumb Code   244  ano_dt.o(i.USART3_IRQHandler)
    USART3_SendByte                          0x080035b1   Thumb Code    44  usart.o(i.USART3_SendByte)
    USART_Cmd                                0x080035e1   Thumb Code    24  stm32f10x_usart.o(i.USART_Cmd)
    USART_ITConfig                           0x080035f9   Thumb Code    74  stm32f10x_usart.o(i.USART_ITConfig)
    USART_Init                               0x08003645   Thumb Code   210  stm32f10x_usart.o(i.USART_Init)
    USART_SendData                           0x0800371d   Thumb Code     8  stm32f10x_usart.o(i.USART_SendData)
    UsageFault_Handler                       0x08003725   Thumb Code     4  stm32f10x_it.o(i.UsageFault_Handler)
    __ARM_fpclassify                         0x08003729   Thumb Code    40  fpclassify.o(i.__ARM_fpclassify)
    __kernel_poly                            0x08003751   Thumb Code   170  poly.o(i.__kernel_poly)
    __mathlib_dbl_infnan                     0x080037fb   Thumb Code     6  dunder.o(i.__mathlib_dbl_infnan)
    __mathlib_dbl_infnan2                    0x08003801   Thumb Code     4  dunder.o(i.__mathlib_dbl_infnan2)
    __mathlib_dbl_invalid                    0x08003805   Thumb Code    12  dunder.o(i.__mathlib_dbl_invalid)
    __mathlib_dbl_underflow                  0x08003811   Thumb Code    10  dunder.o(i.__mathlib_dbl_underflow)
    __scatterload_copy                       0x08003821   Thumb Code    14  handlers.o(i.__scatterload_copy)
    __scatterload_null                       0x0800382f   Thumb Code     2  handlers.o(i.__scatterload_null)
    __scatterload_zeroinit                   0x08003831   Thumb Code    14  handlers.o(i.__scatterload_zeroinit)
    __set_errno                              0x08003841   Thumb Code     6  errno.o(i.__set_errno)
    asin                                     0x0800384d   Thumb Code   572  asin.o(i.asin)
    atan                                     0x08003abd   Thumb Code   474  atan.o(i.atan)
    atan2                                    0x08003cdd   Thumb Code   346  atan2.o(i.atan2)
    cycleCounterInit                         0x08003e5d   Thumb Code    26  delay.o(i.cycleCounterInit)
    delay_ms                                 0x08003e81   Thumb Code    34  delay.o(i.delay_ms)
    kalman_1                                 0x08003ea3   Thumb Code    88  kalman.o(i.kalman_1)
    main                                     0x08003efd   Thumb Code   108  main.o(i.main)
    pidRest                                  0x08003f75   Thumb Code    44  pid.o(i.pidRest)
    pidUpdate                                0x08003fa1   Thumb Code   106  pid.o(i.pidUpdate)
    pid_param_Init                           0x0800400d   Thumb Code    66  init.o(i.pid_param_Init)
    remote_unlock                            0x08004075   Thumb Code   262  remote.o(i.remote_unlock)
    sqrt                                     0x08004195   Thumb Code    76  sqrt.o(i.sqrt)
    TX_ADDRESS                               0x080041e0   Data           5  nrf24l01.o(.constdata)
    RX_ADDRESS                               0x080041e5   Data           5  nrf24l01.o(.constdata)
    M_PI                                     0x080041ec   Data           4  mymath.o(.constdata)
    RtA                                      0x080041f0   Data           4  mymath.o(.constdata)
    AtR                                      0x080041f4   Data           4  mymath.o(.constdata)
    Gyro_G                                   0x080041f8   Data           4  mymath.o(.constdata)
    Gyro_Gr                                  0x080041fc   Data           4  mymath.o(.constdata)
    PI_2                                     0x08004200   Data           4  mymath.o(.constdata)
    __mathlib_zero                           0x080042f0   Data           8  qnan.o(.constdata)
    Region$$Table$$Base                      0x080042f8   Number         0  anon$$obj.o(Region$$Table)
    Region$$Table$$Limit                     0x08004318   Number         0  anon$$obj.o(Region$$Table)
    SystemCoreClock                          0x20000000   Data           4  system_stm32f10x.o(.data)
    AHBPrescTable                            0x20000004   Data          16  system_stm32f10x.o(.data)
    SysTick_count                            0x2000001c   Data           4  init.o(.data)
    AK8975                                   0x20000020   Data           6  init.o(.data)
    ALL_flag                                 0x20000026   Data           1  init.o(.data)
    LED                                      0x2000003c   Data           4  led.o(.data)
    pPidObject                               0x200000a4   Data          32  control.o(.data)
    motor                                    0x200000c4   Data           8  control.o(.data)
    MPU6050                                  0x200000f0   Data          12  init.o(.bss)
    Angle                                    0x200000fc   Data          12  init.o(.bss)
    Remote                                   0x20000108   Data          16  init.o(.bss)
    pidRateX                                 0x20000118   Data          52  init.o(.bss)
    pidRateY                                 0x2000014c   Data          52  init.o(.bss)
    pidRateZ                                 0x20000180   Data          52  init.o(.bss)
    pidPitch                                 0x200001b4   Data          52  init.o(.bss)
    pidRoll                                  0x200001e8   Data          52  init.o(.bss)
    pidYaw                                   0x2000021c   Data          52  init.o(.bss)
    pidHeightRate                            0x20000250   Data          52  init.o(.bss)
    pidHeightHigh                            0x20000284   Data          52  init.o(.bss)
    MpuOffset                                0x200002b8   Data          12  mpu6050.o(.bss)
    RC_rxData                                0x2000031f   Data          32  remote.o(.bss)
    __initial_sp                             0x20000750   Data           0  startup_stm32f10x_md.o(STACK)



==============================================================================

Memory Map of the image

  Image Entry point : 0x080000ed

  Load Region LR_IROM1 (Base: 0x08000000, Size: 0x00004408, Max: 0x00010000, ABSOLUTE)

    Execution Region ER_IROM1 (Base: 0x08000000, Size: 0x00004318, Max: 0x00010000, ABSOLUTE)

    Base Addr    Size         Type   Attr      Idx    E Section Name        Object

    0x08000000   0x000000ec   Data   RO          105    RESET               startup_stm32f10x_md.o
    0x080000ec   0x00000000   Code   RO         4355  * .ARM.Collect$$$$00000000  mc_w.l(entry.o)
    0x080000ec   0x00000004   Code   RO         4449    .ARM.Collect$$$$00000001  mc_w.l(entry2.o)
    0x080000f0   0x00000004   Code   RO         4452    .ARM.Collect$$$$00000004  mc_w.l(entry5.o)
    0x080000f4   0x00000000   Code   RO         4454    .ARM.Collect$$$$00000008  mc_w.l(entry7b.o)
    0x080000f4   0x00000000   Code   RO         4456    .ARM.Collect$$$$0000000A  mc_w.l(entry8b.o)
    0x080000f4   0x00000008   Code   RO         4457    .ARM.Collect$$$$0000000B  mc_w.l(entry9a.o)
    0x080000fc   0x00000000   Code   RO         4459    .ARM.Collect$$$$0000000D  mc_w.l(entry10a.o)
    0x080000fc   0x00000000   Code   RO         4461    .ARM.Collect$$$$0000000F  mc_w.l(entry11a.o)
    0x080000fc   0x00000004   Code   RO         4450    .ARM.Collect$$$$00002712  mc_w.l(entry2.o)
    0x08000100   0x00000024   Code   RO          106    .text               startup_stm32f10x_md.o
    0x08000124   0x00000024   Code   RO         4358    .text               mc_w.l(memcpya.o)
    0x08000148   0x00000024   Code   RO         4360    .text               mc_w.l(memseta.o)
    0x0800016c   0x000000b0   Code   RO         4364    .text               mf_w.l(fadd.o)
    0x0800021c   0x00000064   Code   RO         4366    .text               mf_w.l(fmul.o)
    0x08000280   0x0000007c   Code   RO         4368    .text               mf_w.l(fdiv.o)
    0x080002fc   0x0000014e   Code   RO         4370    .text               mf_w.l(dadd.o)
    0x0800044a   0x000000e4   Code   RO         4372    .text               mf_w.l(dmul.o)
    0x0800052e   0x00000012   Code   RO         4374    .text               mf_w.l(fflti.o)
    0x08000540   0x0000000a   Code   RO         4376    .text               mf_w.l(ffltui.o)
    0x0800054a   0x00000032   Code   RO         4378    .text               mf_w.l(ffixi.o)
    0x0800057c   0x00000026   Code   RO         4380    .text               mf_w.l(f2d.o)
    0x080005a2   0x00000038   Code   RO         4382    .text               mf_w.l(d2f.o)
    0x080005da   0x00000002   PAD
    0x080005dc   0x00000014   Code   RO         4384    .text               mf_w.l(cfcmple.o)
    0x080005f0   0x00000014   Code   RO         4386    .text               mf_w.l(cfrcmple.o)
    0x08000604   0x0000001e   Code   RO         4463    .text               mc_w.l(llshl.o)
    0x08000622   0x00000024   Code   RO         4465    .text               mc_w.l(llsshr.o)
    0x08000646   0x00000000   Code   RO         4474    .text               mc_w.l(iusefp.o)
    0x08000646   0x0000006e   Code   RO         4475    .text               mf_w.l(fepilogue.o)
    0x080006b4   0x000000ba   Code   RO         4479    .text               mf_w.l(depilogue.o)
    0x0800076e   0x000000de   Code   RO         4481    .text               mf_w.l(ddiv.o)
    0x0800084c   0x0000002e   Code   RO         4483    .text               mf_w.l(dscalb.o)
    0x0800087a   0x00000002   PAD
    0x0800087c   0x00000024   Code   RO         4485    .text               mc_w.l(init.o)
    0x080008a0   0x00000020   Code   RO         4487    .text               mc_w.l(llushr.o)
    0x080008c0   0x000000a2   Code   RO         4491    .text               mf_w.l(dsqrt.o)
    0x08000962   0x00000024   Code   RO          343    i.ALL_Init          init.o
    0x08000986   0x00000002   PAD
    0x08000988   0x000000dc   Code   RO         3933    i.ANO_Recive        ano_dt.o
    0x08000a64   0x0000025c   Code   RO         3934    i.ANTO_Send         ano_dt.o
    0x08000cc0   0x00000258   Code   RO         3935    i.ANTO_polling      ano_dt.o
    0x08000f18   0x00000004   Code   RO          110    i.BusFault_Handler  stm32f10x_it.o
    0x08000f1c   0x0000001e   Code   RO         4298    i.CascadePID        pid.o
    0x08000f3a   0x00000002   Code   RO          111    i.DebugMon_Handler  stm32f10x_it.o
    0x08000f3c   0x00000140   Code   RO         4014    i.FlightPidControl  control.o
    0x0800107c   0x00000116   Code   RO         1593    i.GPIO_Init         stm32f10x_gpio.o
    0x08001192   0x00000004   Code   RO         1601    i.GPIO_SetBits      stm32f10x_gpio.o
    0x08001196   0x00000002   PAD
    0x08001198   0x0000074c   Code   RO         4175    i.GetAngle          imu.o
    0x080018e4   0x00000044   Code   RO          288    i.GetSysTime_us     delay.o
    0x08001928   0x00000004   Code   RO          112    i.HardFault_Handler  stm32f10x_it.o
    0x0800192c   0x000000cc   Code   RO         3418    i.I2c_Ack           iic_software.o
    0x080019f8   0x000000cc   Code   RO         3419    i.I2c_NoAck         iic_software.o
    0x08001ac4   0x000000c0   Code   RO         3420    i.I2c_ReadByte      iic_software.o
    0x08001b84   0x000000c0   Code   RO         3421    i.I2c_SendByte      iic_software.o
    0x08001c44   0x00000094   Code   RO         3422    i.I2c_Start         iic_software.o
    0x08001cd8   0x0000009c   Code   RO         3423    i.I2c_Stop          iic_software.o
    0x08001d74   0x000000b4   Code   RO         3424    i.I2c_WaitAck       iic_software.o
    0x08001e28   0x0000002c   Code   RO         3425    i.IIC_Init          iic_software.o
    0x08001e54   0x00000064   Code   RO         3426    i.IIC_Read_One_Byte  iic_software.o
    0x08001eb8   0x00000044   Code   RO         3428    i.IIC_Write_One_Byte  iic_software.o
    0x08001efc   0x00000080   Code   RO         3429    i.IIC_read_Bytes    iic_software.o
    0x08001f7c   0x00000038   Code   RO         3679    i.LEDInit           led.o
    0x08001fb4   0x00000004   Code   RO          113    i.MemManage_Handler  stm32f10x_it.o
    0x08001fb8   0x0000028c   Code   RO         4015    i.MotorControl      control.o
    0x08002244   0x000000f4   Code   RO         3794    i.MpuGetData        mpu6050.o
    0x08002338   0x00000128   Code   RO         3795    i.MpuGetOffset      mpu6050.o
    0x08002460   0x0000007c   Code   RO         3796    i.MpuInit           mpu6050.o
    0x080024dc   0x00000002   Code   RO          114    i.NMI_Handler       stm32f10x_it.o
    0x080024de   0x00000002   PAD
    0x080024e0   0x0000004c   Code   RO         3710    i.NRF24L01_Check    nrf24l01.o
    0x0800252c   0x000000a0   Code   RO         3711    i.NRF24L01_Configuration  nrf24l01.o
    0x080025cc   0x00000044   Code   RO         3712    i.NRF24L01_Read_Buf  nrf24l01.o
    0x08002610   0x0000002c   Code   RO         3713    i.NRF24L01_Read_Reg  nrf24l01.o
    0x0800263c   0x00000034   Code   RO         3714    i.NRF24L01_RxPacket  nrf24l01.o
    0x08002670   0x00000044   Code   RO         3716    i.NRF24L01_Write_Buf  nrf24l01.o
    0x080026b4   0x00000030   Code   RO         3717    i.NRF24L01_Write_Reg  nrf24l01.o
    0x080026e4   0x00000016   Code   RO         3718    i.NRF24L01_init     nrf24l01.o
    0x080026fa   0x00000002   PAD
    0x080026fc   0x00000070   Code   RO          368    i.NVIC_Init         misc.o
    0x0800276c   0x00000014   Code   RO          369    i.NVIC_PriorityGroupConfig  misc.o
    0x08002780   0x00000002   Code   RO          115    i.PendSV_Handler    stm32f10x_it.o
    0x08002782   0x00000002   PAD
    0x08002784   0x00000124   Code   RO         3680    i.PilotLED          led.o
    0x080028a8   0x00000050   Code   RO         4201    i.Q_rsqrt           mymath.o
    0x080028f8   0x00000020   Code   RO         2015    i.RCC_APB1PeriphClockCmd  stm32f10x_rcc.o
    0x08002918   0x00000020   Code   RO         2017    i.RCC_APB2PeriphClockCmd  stm32f10x_rcc.o
    0x08002938   0x000000d4   Code   RO         2025    i.RCC_GetClocksFreq  stm32f10x_rcc.o
    0x08002a0c   0x00000188   Code   RO         3982    i.RC_Analy          remote.o
    0x08002b94   0x00000058   Code   RO         3719    i.RX_Mode           nrf24l01.o
    0x08002bec   0x00000018   Code   RO         2497    i.SPI_Cmd           stm32f10x_spi.o
    0x08002c04   0x00000094   Code   RO         3658    i.SPI_Config        spi.o
    0x08002c98   0x00000012   Code   RO         2505    i.SPI_I2S_GetFlagStatus  stm32f10x_spi.o
    0x08002caa   0x00000006   Code   RO         2508    i.SPI_I2S_ReceiveData  stm32f10x_spi.o
    0x08002cb0   0x00000004   Code   RO         2509    i.SPI_I2S_SendData  stm32f10x_spi.o
    0x08002cb4   0x0000003c   Code   RO         2510    i.SPI_Init          stm32f10x_spi.o
    0x08002cf0   0x00000038   Code   RO         3659    i.SPI_RW            spi.o
    0x08002d28   0x00000002   Code   RO          116    i.SVC_Handler       stm32f10x_it.o
    0x08002d2a   0x00000008   Code   RO           17    i.SetSysClock       system_stm32f10x.o
    0x08002d32   0x00000002   PAD
    0x08002d34   0x000000e0   Code   RO           18    i.SetSysClockTo72   system_stm32f10x.o
    0x08002e14   0x00000010   Code   RO          117    i.SysTick_Handler   stm32f10x_it.o
    0x08002e24   0x00000060   Code   RO           20    i.SystemInit        system_stm32f10x.o
    0x08002e84   0x000000c8   Code   RO         3606    i.TIM2_PWM_Config   tim.o
    0x08002f4c   0x00000064   Code   RO         3607    i.TIM3_Config       tim.o
    0x08002fb0   0x0000008c   Code   RO          330    i.TIM3_IRQHandler   scheduler.o
    0x0800303c   0x00000018   Code   RO         2640    i.TIM_ARRPreloadConfig  stm32f10x_tim.o
    0x08003054   0x00000006   Code   RO         2647    i.TIM_ClearITPendingBit  stm32f10x_tim.o
    0x0800305a   0x00000018   Code   RO         2652    i.TIM_Cmd           stm32f10x_tim.o
    0x08003072   0x00000022   Code   RO         2673    i.TIM_GetITStatus   stm32f10x_tim.o
    0x08003094   0x00000012   Code   RO         2677    i.TIM_ITConfig      stm32f10x_tim.o
    0x080030a6   0x00000002   PAD
    0x080030a8   0x00000098   Code   RO         2681    i.TIM_OC1Init       stm32f10x_tim.o
    0x08003140   0x00000012   Code   RO         2684    i.TIM_OC1PreloadConfig  stm32f10x_tim.o
    0x08003152   0x00000002   PAD
    0x08003154   0x000000a4   Code   RO         2686    i.TIM_OC2Init       stm32f10x_tim.o
    0x080031f8   0x0000001a   Code   RO         2689    i.TIM_OC2PreloadConfig  stm32f10x_tim.o
    0x08003212   0x00000002   PAD
    0x08003214   0x000000a0   Code   RO         2691    i.TIM_OC3Init       stm32f10x_tim.o
    0x080032b4   0x00000012   Code   RO         2694    i.TIM_OC3PreloadConfig  stm32f10x_tim.o
    0x080032c6   0x00000002   PAD
    0x080032c8   0x0000007c   Code   RO         2696    i.TIM_OC4Init       stm32f10x_tim.o
    0x08003344   0x0000001a   Code   RO         2698    i.TIM_OC4PreloadConfig  stm32f10x_tim.o
    0x0800335e   0x00000002   PAD
    0x08003360   0x000000a4   Code   RO         2723    i.TIM_TimeBaseInit  stm32f10x_tim.o
    0x08003404   0x000000a8   Code   RO         3494    i.USART3_Config     usart.o
    0x080034ac   0x00000104   Code   RO         3936    i.USART3_IRQHandler  ano_dt.o
    0x080035b0   0x00000030   Code   RO         3495    i.USART3_SendByte   usart.o
    0x080035e0   0x00000018   Code   RO         3188    i.USART_Cmd         stm32f10x_usart.o
    0x080035f8   0x0000004a   Code   RO         3194    i.USART_ITConfig    stm32f10x_usart.o
    0x08003642   0x00000002   PAD
    0x08003644   0x000000d8   Code   RO         3195    i.USART_Init        stm32f10x_usart.o
    0x0800371c   0x00000008   Code   RO         3205    i.USART_SendData    stm32f10x_usart.o
    0x08003724   0x00000004   Code   RO          118    i.UsageFault_Handler  stm32f10x_it.o
    0x08003728   0x00000028   Code   RO         4412    i.__ARM_fpclassify  m_ws.l(fpclassify.o)
    0x08003750   0x000000aa   Code   RO         4430    i.__kernel_poly     m_ws.l(poly.o)
    0x080037fa   0x00000006   Code   RO         4399    i.__mathlib_dbl_infnan  m_ws.l(dunder.o)
    0x08003800   0x00000004   Code   RO         4400    i.__mathlib_dbl_infnan2  m_ws.l(dunder.o)
    0x08003804   0x0000000c   Code   RO         4401    i.__mathlib_dbl_invalid  m_ws.l(dunder.o)
    0x08003810   0x00000010   Code   RO         4404    i.__mathlib_dbl_underflow  m_ws.l(dunder.o)
    0x08003820   0x0000000e   Code   RO         4497    i.__scatterload_copy  mc_w.l(handlers.o)
    0x0800382e   0x00000002   Code   RO         4498    i.__scatterload_null  mc_w.l(handlers.o)
    0x08003830   0x0000000e   Code   RO         4499    i.__scatterload_zeroinit  mc_w.l(handlers.o)
    0x0800383e   0x00000002   PAD
    0x08003840   0x0000000c   Code   RO         4469    i.__set_errno       mc_w.l(errno.o)
    0x0800384c   0x00000270   Code   RO         4330    i.asin              m_ws.l(asin.o)
    0x08003abc   0x00000220   Code   RO         4389    i.atan              m_ws.l(atan.o)
    0x08003cdc   0x00000180   Code   RO         4348    i.atan2             m_ws.l(atan2.o)
    0x08003e5c   0x00000024   Code   RO          289    i.cycleCounterInit  delay.o
    0x08003e80   0x00000022   Code   RO          290    i.delay_ms          delay.o
    0x08003ea2   0x00000058   Code   RO         4107    i.kalman_1          kalman.o
    0x08003efa   0x00000002   PAD
    0x08003efc   0x00000078   Code   RO          188    i.main              main.o
    0x08003f74   0x0000002c   Code   RO         4299    i.pidRest           pid.o
    0x08003fa0   0x0000006a   Code   RO         4300    i.pidUpdate         pid.o
    0x0800400a   0x00000002   PAD
    0x0800400c   0x00000068   Code   RO          344    i.pid_param_Init    init.o
    0x08004074   0x00000120   Code   RO         3983    i.remote_unlock     remote.o
    0x08004194   0x0000004c   Code   RO         4434    i.sqrt              m_ws.l(sqrt.o)
    0x080041e0   0x0000000a   Data   RO         3721    .constdata          nrf24l01.o
    0x080041ea   0x00000002   PAD
    0x080041ec   0x00000018   Data   RO         4214    .constdata          mymath.o
    0x08004204   0x00000004   PAD
    0x08004208   0x00000050   Data   RO         4331    .constdata          m_ws.l(asin.o)
    0x08004258   0x00000098   Data   RO         4390    .constdata          m_ws.l(atan.o)
    0x080042f0   0x00000008   Data   RO         4432    .constdata          m_ws.l(qnan.o)
    0x080042f8   0x00000020   Data   RO         4495    Region$$Table       anon$$obj.o


    Execution Region RW_IRAM1 (Base: 0x20000000, Size: 0x00000750, Max: 0x00005000, ABSOLUTE)

    Base Addr    Size         Type   Attr      Idx    E Section Name        Object

    0x20000000   0x00000014   Data   RW           21    .data               system_stm32f10x.o
    0x20000014   0x00000004   Data   RW          292    .data               delay.o
    0x20000018   0x00000002   Data   RW          331    .data               scheduler.o
    0x2000001a   0x00000002   PAD
    0x2000001c   0x0000000b   Data   RW          346    .data               init.o
    0x20000027   0x00000014   Data   RW         2045    .data               stm32f10x_rcc.o
    0x2000003b   0x00000001   PAD
    0x2000003c   0x00000008   Data   RW         3681    .data               led.o
    0x20000044   0x0000004c   Data   RW         3799    .data               mpu6050.o
    0x20000090   0x0000000a   Data   RW         3938    .data               ano_dt.o
    0x2000009a   0x00000007   Data   RW         3985    .data               remote.o
    0x200000a1   0x00000003   PAD
    0x200000a4   0x0000002a   Data   RW         4016    .data               control.o
    0x200000ce   0x00000002   PAD
    0x200000d0   0x0000001c   Data   RW         4177    .data               imu.o
    0x200000ec   0x00000004   Data   RW         4470    .data               mc_w.l(errno.o)
    0x200000f0   0x000001c8   Zero   RW          345    .bss                init.o
    0x200002b8   0x00000018   Zero   RW         3798    .bss                mpu6050.o
    0x200002d0   0x0000004f   Zero   RW         3937    .bss                ano_dt.o
    0x2000031f   0x00000020   Zero   RW         3984    .bss                remote.o
    0x2000033f   0x00000001   PAD
    0x20000340   0x0000000c   Zero   RW         4176    .bss                imu.o
    0x2000034c   0x00000004   PAD
    0x20000350   0x00000400   Zero   RW          103    STACK               startup_stm32f10x_md.o


==============================================================================

Image component sizes


      Code (inc. data)   RO Data    RW Data    ZI Data      Debug   Object Name

      1684        164          0         10         79       4604   ano_dt.o
       972         84          0         42          0       2165   control.o
         0          0          0          0          0       4536   core_cm3.o
       138         20          0          4          0       2054   delay.o
      1616         38          0          0          0       8097   iic_software.o
      1868         50          0         28         12       3391   imu.o
       140         38          0         11        456       3100   init.o
        88          0          0          0          0       1535   kalman.o
       348         32          0          8          0       2851   led.o
       120         12          0          0          0     219126   main.o
       132         22          0          0          0       1455   misc.o
       664         36          0         76         24       5430   mpu6050.o
        80          6         24          0          0        929   mymath.o
       626         46         10          0          0       6442   nrf24l01.o
       180          0          0          0          0       1927   pid.o
       680         62          0          7         32       2119   remote.o
       140         32          0          2          0        566   scheduler.o
       204         14          0          0          0       1082   spi.o
        36          8        236          0       1024        792   startup_stm32f10x_md.o
         0          0          0          0          0     252208   stm32f10x_dac.o
       282          0          0          0          0       2479   stm32f10x_gpio.o
        40          4          0          0          0       3962   stm32f10x_it.o
       276         32          0         20          0       4454   stm32f10x_rcc.o
       112          0          0          0          0       3818   stm32f10x_spi.o
       958         92          0          0          0       9301   stm32f10x_tim.o
       322          6          0          0          0       4195   stm32f10x_usart.o
       328         28          0         20          0      10953   system_stm32f10x.o
       300         12          0          0          0       1184   tim.o
       216         22          0          0          0     246490   usart.o

    ----------------------------------------------------------------------
     12578        860        308        236       1632     811245   Object Totals
         0          0         32          0          0          0   (incl. Generated)
        28          0          6          8          5          0   (incl. Padding)

    ----------------------------------------------------------------------

      Code (inc. data)   RO Data    RW Data    ZI Data      Debug   Library Member Name

       624         52         80          0          0        168   asin.o
       544         70        152          0          0        124   atan.o
       384         38          0          0          0        144   atan2.o
        38          6          0          0          0        272   dunder.o
        40          0          0          0          0         68   fpclassify.o
       170          0          0          0          0         96   poly.o
         0          0          8          0          0          0   qnan.o
        76          0          0          0          0         84   sqrt.o
         0          0          0          0          0          0   entry.o
         0          0          0          0          0          0   entry10a.o
         0          0          0          0          0          0   entry11a.o
         8          4          0          0          0          0   entry2.o
         4          0          0          0          0          0   entry5.o
         0          0          0          0          0          0   entry7b.o
         0          0          0          0          0          0   entry8b.o
         8          4          0          0          0          0   entry9a.o
        12          6          0          4          0         68   errno.o
        30          0          0          0          0          0   handlers.o
        36          8          0          0          0         68   init.o
         0          0          0          0          0          0   iusefp.o
        30          0          0          0          0         68   llshl.o
        36          0          0          0          0         68   llsshr.o
        32          0          0          0          0         68   llushr.o
        36          0          0          0          0         68   memcpya.o
        36          0          0          0          0        108   memseta.o
        20          0          0          0          0         68   cfcmple.o
        20          0          0          0          0         68   cfrcmple.o
        56          0          0          0          0         88   d2f.o
       334          0          0          0          0        148   dadd.o
       222          0          0          0          0        100   ddiv.o
       186          0          0          0          0        176   depilogue.o
       228          0          0          0          0         96   dmul.o
        46          0          0          0          0         80   dscalb.o
       162          0          0          0          0        100   dsqrt.o
        38          0          0          0          0         68   f2d.o
       176          0          0          0          0        140   fadd.o
       124          0          0          0          0         88   fdiv.o
       110          0          0          0          0        168   fepilogue.o
        50          0          0          0          0         68   ffixi.o
        18          0          0          0          0         68   fflti.o
        10          0          0          0          0         68   ffltui.o
       100          0          0          0          0         76   fmul.o

    ----------------------------------------------------------------------
      4050        188        240          4          0       3140   Library Totals
         6          0          0          0          0          0   (incl. Padding)

    ----------------------------------------------------------------------

      Code (inc. data)   RO Data    RW Data    ZI Data      Debug   Library Name

      1876        166        240          0          0        956   m_ws.l
       268         22          0          4          0        516   mc_w.l
      1900          0          0          0          0       1668   mf_w.l

    ----------------------------------------------------------------------
      4050        188        240          4          0       3140   Library Totals

    ----------------------------------------------------------------------

==============================================================================


      Code (inc. data)   RO Data    RW Data    ZI Data      Debug   

     16628       1048        548        240       1632     808193   Grand Totals
     16628       1048        548        240       1632     808193   ELF Image Totals
     16628       1048        548        240          0          0   ROM Totals

==============================================================================

    Total RO  Size (Code + RO Data)                17176 (  16.77kB)
    Total RW  Size (RW Data + ZI Data)              1872 (   1.83kB)
    Total ROM Size (Code + RO Data + RW Data)      17416 (  17.01kB)

==============================================================================

